Archive member included to satisfy reference by file (symbol)

C:/ST/STM32CubeIDE_1.16.0/STM32CubeIDE/plugins/com.st.stm32cube.ide.mcu.externaltools.gnu-tools-for-stm32.12.3.rel1.win32_1.1.0.202410251130/tools/bin/../lib/gcc/arm-none-eabi/12.3.1/../../../../arm-none-eabi/lib/thumb/v7-m/nofp\libc_nano.a(libc_a-exit.o)
                              C:/ST/STM32CubeIDE_1.16.0/STM32CubeIDE/plugins/com.st.stm32cube.ide.mcu.externaltools.gnu-tools-for-stm32.12.3.rel1.win32_1.1.0.202410251130/tools/bin/../lib/gcc/arm-none-eabi/12.3.1/../../../../arm-none-eabi/lib/thumb/v7-m/nofp/crt0.o (exit)
C:/ST/STM32CubeIDE_1.16.0/STM32CubeIDE/plugins/com.st.stm32cube.ide.mcu.externaltools.gnu-tools-for-stm32.12.3.rel1.win32_1.1.0.202410251130/tools/bin/../lib/gcc/arm-none-eabi/12.3.1/../../../../arm-none-eabi/lib/thumb/v7-m/nofp\libc_nano.a(libc_a-fflush.o)
                              ./Core/app/src/logger.o (fflush)
C:/ST/STM32CubeIDE_1.16.0/STM32CubeIDE/plugins/com.st.stm32cube.ide.mcu.externaltools.gnu-tools-for-stm32.12.3.rel1.win32_1.1.0.202410251130/tools/bin/../lib/gcc/arm-none-eabi/12.3.1/../../../../arm-none-eabi/lib/thumb/v7-m/nofp\libc_nano.a(libc_a-findfp.o)
                              C:/ST/STM32CubeIDE_1.16.0/STM32CubeIDE/plugins/com.st.stm32cube.ide.mcu.externaltools.gnu-tools-for-stm32.12.3.rel1.win32_1.1.0.202410251130/tools/bin/../lib/gcc/arm-none-eabi/12.3.1/../../../../arm-none-eabi/lib/thumb/v7-m/nofp\libc_nano.a(libc_a-fflush.o) (__sglue)
C:/ST/STM32CubeIDE_1.16.0/STM32CubeIDE/plugins/com.st.stm32cube.ide.mcu.externaltools.gnu-tools-for-stm32.12.3.rel1.win32_1.1.0.202410251130/tools/bin/../lib/gcc/arm-none-eabi/12.3.1/../../../../arm-none-eabi/lib/thumb/v7-m/nofp\libc_nano.a(libc_a-fwalk.o)
                              C:/ST/STM32CubeIDE_1.16.0/STM32CubeIDE/plugins/com.st.stm32cube.ide.mcu.externaltools.gnu-tools-for-stm32.12.3.rel1.win32_1.1.0.202410251130/tools/bin/../lib/gcc/arm-none-eabi/12.3.1/../../../../arm-none-eabi/lib/thumb/v7-m/nofp\libc_nano.a(libc_a-fflush.o) (_fwalk_sglue)
C:/ST/STM32CubeIDE_1.16.0/STM32CubeIDE/plugins/com.st.stm32cube.ide.mcu.externaltools.gnu-tools-for-stm32.12.3.rel1.win32_1.1.0.202410251130/tools/bin/../lib/gcc/arm-none-eabi/12.3.1/../../../../arm-none-eabi/lib/thumb/v7-m/nofp\libc_nano.a(libc_a-printf.o)
                              ./Core/app/src/logger.o (printf)
C:/ST/STM32CubeIDE_1.16.0/STM32CubeIDE/plugins/com.st.stm32cube.ide.mcu.externaltools.gnu-tools-for-stm32.12.3.rel1.win32_1.1.0.202410251130/tools/bin/../lib/gcc/arm-none-eabi/12.3.1/../../../../arm-none-eabi/lib/thumb/v7-m/nofp\libc_nano.a(libc_a-snprintf.o)
                              ./Core/app/src/app.o (snprintf)
C:/ST/STM32CubeIDE_1.16.0/STM32CubeIDE/plugins/com.st.stm32cube.ide.mcu.externaltools.gnu-tools-for-stm32.12.3.rel1.win32_1.1.0.202410251130/tools/bin/../lib/gcc/arm-none-eabi/12.3.1/../../../../arm-none-eabi/lib/thumb/v7-m/nofp\libc_nano.a(libc_a-stdio.o)
                              C:/ST/STM32CubeIDE_1.16.0/STM32CubeIDE/plugins/com.st.stm32cube.ide.mcu.externaltools.gnu-tools-for-stm32.12.3.rel1.win32_1.1.0.202410251130/tools/bin/../lib/gcc/arm-none-eabi/12.3.1/../../../../arm-none-eabi/lib/thumb/v7-m/nofp\libc_nano.a(libc_a-findfp.o) (__sread)
C:/ST/STM32CubeIDE_1.16.0/STM32CubeIDE/plugins/com.st.stm32cube.ide.mcu.externaltools.gnu-tools-for-stm32.12.3.rel1.win32_1.1.0.202410251130/tools/bin/../lib/gcc/arm-none-eabi/12.3.1/../../../../arm-none-eabi/lib/thumb/v7-m/nofp\libc_nano.a(libc_a-memset.o)
                              C:/ST/STM32CubeIDE_1.16.0/STM32CubeIDE/plugins/com.st.stm32cube.ide.mcu.externaltools.gnu-tools-for-stm32.12.3.rel1.win32_1.1.0.202410251130/tools/bin/../lib/gcc/arm-none-eabi/12.3.1/../../../../arm-none-eabi/lib/thumb/v7-m/nofp/crt0.o (memset)
C:/ST/STM32CubeIDE_1.16.0/STM32CubeIDE/plugins/com.st.stm32cube.ide.mcu.externaltools.gnu-tools-for-stm32.12.3.rel1.win32_1.1.0.202410251130/tools/bin/../lib/gcc/arm-none-eabi/12.3.1/../../../../arm-none-eabi/lib/thumb/v7-m/nofp\libc_nano.a(libc_a-closer.o)
                              C:/ST/STM32CubeIDE_1.16.0/STM32CubeIDE/plugins/com.st.stm32cube.ide.mcu.externaltools.gnu-tools-for-stm32.12.3.rel1.win32_1.1.0.202410251130/tools/bin/../lib/gcc/arm-none-eabi/12.3.1/../../../../arm-none-eabi/lib/thumb/v7-m/nofp\libc_nano.a(libc_a-stdio.o) (_close_r)
C:/ST/STM32CubeIDE_1.16.0/STM32CubeIDE/plugins/com.st.stm32cube.ide.mcu.externaltools.gnu-tools-for-stm32.12.3.rel1.win32_1.1.0.202410251130/tools/bin/../lib/gcc/arm-none-eabi/12.3.1/../../../../arm-none-eabi/lib/thumb/v7-m/nofp\libc_nano.a(libc_a-reent.o)
                              C:/ST/STM32CubeIDE_1.16.0/STM32CubeIDE/plugins/com.st.stm32cube.ide.mcu.externaltools.gnu-tools-for-stm32.12.3.rel1.win32_1.1.0.202410251130/tools/bin/../lib/gcc/arm-none-eabi/12.3.1/../../../../arm-none-eabi/lib/thumb/v7-m/nofp\libc_nano.a(libc_a-closer.o) (errno)
[...]
Memory Configuration

Name             Origin             Length             Attributes
RAM              0x20000000         0x00005000         xrw
FLASH            0x08000000         0x00020000         xr
*default*        0x00000000         0xffffffff

Linker script and memory map

LOAD C:/ST/STM32CubeIDE_1.16.0/STM32CubeIDE/plugins/com.st.stm32cube.ide.mcu.externaltools.gnu-tools-for-stm32.12.3.rel1.win32_1.1.0.202410251130/tools/bin/../lib/gcc/arm-none-eabi/12.3.1/thumb/v7-m/nofp/crti.o
LOAD C:/ST/STM32CubeIDE_1.16.0/STM32CubeIDE/plugins/com.st.stm32cube.ide.mcu.externaltools.gnu-tools-for-stm32.12.3.rel1.win32_1.1.0.202410251130/tools/bin/../lib/gcc/arm-none-eabi/12.3.1/thumb/v7-m/nofp/crtbegin.o
LOAD C:/ST/STM32CubeIDE_1.16.0/STM32CubeIDE/plugins/com.st.stm32cube.ide.mcu.externaltools.gnu-tools-for-stm32.12.3.rel1.win32_1.1.0.202410251130/tools/bin/../lib/gcc/arm-none-eabi/12.3.1/../../../../arm-none-eabi/lib/thumb/v7-m/nofp/crt0.o
LOAD ./Core/Src/main.o
LOAD ./Core/Src/stm32f1xx_hal_msp.o
LOAD ./Core/Src/stm32f1xx_it.o
LOAD ./Core/Src/syscalls.o
LOAD ./Core/Src/sysmem.o
LOAD ./Core/Src/system_stm32f1xx.o
LOAD ./Core/app/src/app.o
LOAD ./Core/app/src/display.o
LOAD ./Core/app/src/logger.o
LOAD ./Core/app/src/task_actuator.o
LOAD ./Core/app/src/task_actuator_interface.o
LOAD ./Core/app/src/task_adc.o
LOAD ./Core/app/src/task_adc_interface.o
LOAD ./Core/app/src/task_sensor.o
LOAD ./Core/app/src/task_setup.o
LOAD ./Core/app/src/task_setup_interface.o
LOAD ./Core/app/src/task_system.o
LOAD ./Core/app/src/task_system_interface.o
LOAD ./Core/startup/startup_stm32f103rbtx.o
LOAD ./Drivers/STM32F1xx_HAL_Driver/Src/stm32f1xx_hal.o
LOAD ./Drivers/STM32F1xx_HAL_Driver/Src/stm32f1xx_hal_adc.o
LOAD ./Drivers/STM32F1xx_HAL_Driver/Src/stm32f1xx_hal_adc_ex.o
LOAD ./Drivers/STM32F1xx_HAL_Driver/Src/stm32f1xx_hal_cortex.o
LOAD ./Drivers/STM32F1xx_HAL_Driver/Src/stm32f1xx_hal_dma.o
LOAD ./Drivers/STM32F1xx_HAL_Driver/Src/stm32f1xx_hal_exti.o
LOAD ./Drivers/STM32F1xx_HAL_Driver/Src/stm32f1xx_hal_flash.o
LOAD ./Drivers/STM32F1xx_HAL_Driver/Src/stm32f1xx_hal_flash_ex.o
LOAD ./Drivers/STM32F1xx_HAL_Driver/Src/stm32f1xx_hal_gpio.o
LOAD ./Drivers/STM32F1xx_HAL_Driver/Src/stm32f1xx_hal_gpio_ex.o
LOAD ./Drivers/STM32F1xx_HAL_Driver/Src/stm32f1xx_hal_pwr.o
LOAD ./Drivers/STM32F1xx_HAL_Driver/Src/stm32f1xx_hal_rcc.o
LOAD ./Drivers/STM32F1xx_HAL_Driver/Src/stm32f1xx_hal_rcc_ex.o
LOAD ./Drivers/STM32F1xx_HAL_Driver/Src/stm32f1xx_hal_uart.o
START GROUP
LOAD C:/ST/STM32CubeIDE_1.16.0/STM32CubeIDE/plugins/com.st.stm32cube.ide.mcu.externaltools.gnu-tools-for-stm32.12.3.rel1.win32_1.1.0.202410251130/tools/bin/../lib/gcc/arm-none-eabi/12.3.1/../../../../arm-none-eabi/lib/thumb/v7-m/nofp\libc_nano.a
LOAD C:/ST/STM32CubeIDE_1.16.0/STM32CubeIDE/plugins/com.st.stm32cube.ide.mcu.externaltools.gnu-tools-for-stm32.12.3.rel1.win32_1.1.0.202410251130/tools/bin/../lib/gcc/arm-none-eabi/12.3.1/../../../../arm-none-eabi/lib/thumb/v7-m/nofp\libm.a
END GROUP
START GROUP
LOAD C:/ST/STM32CubeIDE_1.16.0/STM32CubeIDE/plugins/com.st.stm32cube.ide.mcu.externaltools.gnu-tools-for-stm32.12.3.rel1.win32_1.1.0.202410251130/tools/bin/../lib/gcc/arm-none-eabi/12.3.1/thumb/v7-m/nofp\libgcc.a
LOAD C:/ST/STM32CubeIDE_1.16.0/STM32CubeIDE/plugins/com.st.stm32cube.ide.mcu.externaltools.gnu-tools-for-stm32.12.3.rel1.win32_1.1.0.202410251130/tools/bin/../lib/gcc/arm-none-eabi/12.3.1/../../../../arm-none-eabi/lib/thumb/v7-m/nofp\libc_nano.a
END GROUP
START GROUP
LOAD C:/ST/STM32CubeIDE_1.16.0/STM32CubeIDE/plugins/com.st.stm32cube.ide.mcu.externaltools.gnu-tools-for-stm32.12.3.rel1.win32_1.1.0.202410251130/tools/bin/../lib/gcc/arm-none-eabi/12.3.1/thumb/v7-m/nofp\libgcc.a
LOAD C:/ST/STM32CubeIDE_1.16.0/STM32CubeIDE/plugins/com.st.stm32cube.ide.mcu.externaltools.gnu-tools-for-stm32.12.3.rel1.win32_1.1.0.202410251130/tools/bin/../lib/gcc/arm-none-eabi/12.3.1/../../../../arm-none-eabi/lib/thumb/v7-m/nofp\libc_nano.a
LOAD C:/ST/STM32CubeIDE_1.16.0/STM32CubeIDE/plugins/com.st.stm32cube.ide.mcu.externaltools.gnu-tools-for-stm32.12.3.rel1.win32_1.1.0.202410251130/tools/bin/../lib/gcc/arm-none-eabi/12.3.1/../../../../arm-none-eabi/lib/thumb/v7-m/nofp\libnosys.a
END GROUP
START GROUP
LOAD C:/ST/STM32CubeIDE_1.16.0/STM32CubeIDE/plugins/com.st.stm32cube.ide.mcu.externaltools.gnu-tools-for-stm32.12.3.rel1.win32_1.1.0.202410251130/tools/bin/../lib/gcc/arm-none-eabi/12.3.1/thumb/v7-m/nofp\libgcc.a
LOAD C:/ST/STM32CubeIDE_1.16.0/STM32CubeIDE/plugins/com.st.stm32cube.ide.mcu.externaltools.gnu-tools-for-stm32.12.3.rel1.win32_1.1.0.202410251130/tools/bin/../lib/gcc/arm-none-eabi/12.3.1/../../../../arm-none-eabi/lib/thumb/v7-m/nofp\libc_nano.a
LOAD C:/ST/STM32CubeIDE_1.16.0/STM32CubeIDE/plugins/com.st.stm32cube.ide.mcu.externaltools.gnu-tools-for-stm32.12.3.rel1.win32_1.1.0.202410251130/tools/bin/../lib/gcc/arm-none-eabi/12.3.1/../../../../arm-none-eabi/lib/thumb/v7-m/nofp\libnosys.a
END GROUP
LOAD C:/ST/STM32CubeIDE_1.16.0/STM32CubeIDE/plugins/com.st.stm32cube.ide.mcu.externaltools.gnu-tools-for-stm32.12.3.rel1.win32_1.1.0.202410251130/tools/bin/../lib/gcc/arm-none-eabi/12.3.1/thumb/v7-m/nofp/crtend.o
LOAD C:/ST/STM32CubeIDE_1.16.0/STM32CubeIDE/plugins/com.st.stm32cube.ide.mcu.externaltools.gnu-tools-for-stm32.12.3.rel1.win32_1.1.0.202410251130/tools/bin/../lib/gcc/arm-none-eabi/12.3.1/thumb/v7-m/nofp/crtn.o
                0x20005000                        _estack = (ORIGIN (RAM) + LENGTH (RAM))
                0x00000200                        _Min_Heap_Size = 0x200
                0x00000400                        _Min_Stack_Size = 0x400

.isr_vector     0x08000000      0x10c
                0x08000000                        . = ALIGN (0x4)
 *(.isr_vector)
 .isr_vector    0x08000000      0x10c ./Core/startup/startup_stm32f103rbtx.o
                0x08000000                g_pfnVectors
                0x0800010c                        . = ALIGN (0x4)

.text           0x08000110     0x6314
                0x08000110                        . = ALIGN (0x4)
 *(.text)
 .text          0x08000110       0x40 C:/ST/STM32CubeIDE_1.16.0/STM32CubeIDE/plugins/com.st.stm32cube.ide.mcu.externaltools.gnu-tools-for-stm32.12.3.rel1.win32_1.1.0.202410251130/tools/bin/../lib/gcc/arm-none-eabi/12.3.1/thumb/v7-m/nofp/crtbegin.o
 .text          0x08000150      0x378 C:/ST/STM32CubeIDE_1.16.0/STM32CubeIDE/plugins/com.st.stm32cube.ide.mcu.externaltools.gnu-tools-for-stm32.12.3.rel1.win32_1.1.0.202410251130/tools/bin/../lib/gcc/arm-none-eabi/12.3.1/thumb/v7-m/nofp\libgcc.a(_arm_addsubdf3.o)
                0x08000150                __aeabi_drsub
                0x08000158                __aeabi_dsub
                0x08000158                __subdf3
                0x0800015c                __aeabi_dadd
                0x0800015c                __adddf3
                0x080003d4                __floatunsidf
                0x080003d4                __aeabi_ui2d
                0x080003f4                __floatsidf
                0x080003f4                __aeabi_i2d
                0x08000418                __aeabi_f2d
                0x08000418                __extendsfdf2
                0x0800045c                __floatundidf
                0x0800045c                __aeabi_ul2d
                0x0800046c                __floatdidf
                0x0800046c                __aeabi_l2d
 .text          0x080004c8      0x424 C:/ST/STM32CubeIDE_1.16.0/STM32CubeIDE/plugins/com.st.stm32cube.ide.mcu.externaltools.gnu-tools-for-stm32.12.3.rel1.win32_1.1.0.202410251130/tools/bin/../lib/gcc/arm-none-eabi/12.3.1/thumb/v7-m/nofp\libgcc.a(_arm_muldivdf3.o)
                0x080004c8                __aeabi_dmul
                0x080004c8                __muldf3
                0x0800071c                __divdf3
                0x0800071c                __aeabi_ddiv
 .text          0x080008ec       0x40 C:/ST/STM32CubeIDE_1.16.0/STM32CubeIDE/plugins/com.st.stm32cube.ide.mcu.externaltools.gnu-tools-for-stm32.12.3.rel1.win32_1.1.0.202410251130/tools/bin/../lib/gcc/arm-none-eabi/12.3.1/thumb/v7-m/nofp\libgcc.a(_arm_fixunsdfsi.o)
                0x080008ec                __aeabi_d2uiz
                0x080008ec                __fixunsdfsi
 *(.text*)
 .text.main     0x0800092c       0x2a ./Core/Src/main.o
                0x0800092c                main
 .text.SystemClock_Config
                0x08000956       0xaa ./Core/Src/main.o
                0x08000956                SystemClock_Config
 .text.MX_ADC1_Init
                0x08000a00       0xa0 ./Core/Src/main.o
 .text.MX_USART2_UART_Init
                0x08000aa0       0x54 ./Core/Src/main.o
 .text.MX_DMA_Init
                0x08000af4       0x3c ./Core/Src/main.o
 .text.MX_GPIO_Init
                0x08000b30      0x16c ./Core/Src/main.o
 .text.Error_Handler
                0x08000c9c        0xc ./Core/Src/main.o
                0x08000c9c                Error_Handler
 .text.HAL_MspInit
                0x08000ca8       0x64 ./Core/Src/stm32f1xx_hal_msp.o
                0x08000ca8                HAL_MspInit
 .text.HAL_ADC_MspInit
                0x08000d0c       0xe0 ./Core/Src/stm32f1xx_hal_msp.o
                0x08000d0c                HAL_ADC_MspInit
 .text.HAL_UART_MspInit
                0x08000dec       0x7c ./Core/Src/stm32f1xx_hal_msp.o
                0x08000dec                HAL_UART_MspInit
 .text.NMI_Handler
                0x08000e68        0x8 ./Core/Src/stm32f1xx_it.o
                0x08000e68                NMI_Handler
 .text.HardFault_Handler
                0x08000e70        0x8 ./Core/Src/stm32f1xx_it.o
                0x08000e70                HardFault_Handler
 .text.MemManage_Handler
                0x08000e78        0x8 ./Core/Src/stm32f1xx_it.o
                0x08000e78                MemManage_Handler
 .text.BusFault_Handler
                0x08000e80        0x8 ./Core/Src/stm32f1xx_it.o
                0x08000e80                BusFault_Handler
 .text.UsageFault_Handler
                0x08000e88        0x8 ./Core/Src/stm32f1xx_it.o
                0x08000e88                UsageFault_Handler
 .text.SVC_Handler
                0x08000e90        0xc ./Core/Src/stm32f1xx_it.o
                0x08000e90                SVC_Handler
 .text.DebugMon_Handler
                0x08000e9c        0xc ./Core/Src/stm32f1xx_it.o
                0x08000e9c                DebugMon_Handler
 .text.PendSV_Handler
                0x08000ea8        0xc ./Core/Src/stm32f1xx_it.o
                0x08000ea8                PendSV_Handler
 .text.SysTick_Handler
                0x08000eb4       0x10 ./Core/Src/stm32f1xx_it.o
                0x08000eb4                SysTick_Handler
 .text.DMA1_Channel1_IRQHandler
                0x08000ec4       0x14 ./Core/Src/stm32f1xx_it.o
                0x08000ec4                DMA1_Channel1_IRQHandler
 .text.ADC1_2_IRQHandler
                0x08000ed8       0x14 ./Core/Src/stm32f1xx_it.o
                0x08000ed8                ADC1_2_IRQHandler
 .text.EXTI15_10_IRQHandler
                0x08000eec       0x10 ./Core/Src/stm32f1xx_it.o
                0x08000eec                EXTI15_10_IRQHandler
 .text.initialise_monitor_handles
                0x08000efc        0xc ./Core/Src/syscalls.o
                0x08000efc                initialise_monitor_handles
 .text._read    0x08000f08       0x3a ./Core/Src/syscalls.o
                0x08000f08                _read
 .text._write   0x08000f42       0x38 ./Core/Src/syscalls.o
                0x08000f42                _write
 .text._close   0x08000f7a       0x16 ./Core/Src/syscalls.o
                0x08000f7a                _close
 .text._fstat   0x08000f90       0x1e ./Core/Src/syscalls.o
                0x08000f90                _fstat
 .text._isatty  0x08000fae       0x14 ./Core/Src/syscalls.o
                0x08000fae                _isatty
 .text._lseek   0x08000fc2       0x18 ./Core/Src/syscalls.o
                0x08000fc2                _lseek
 *fill*         0x08000fda        0x2 
 .text._sbrk    0x08000fdc       0x6c ./Core/Src/sysmem.o
                0x08000fdc                _sbrk
 .text.SystemInit
                0x08001048        0xc ./Core/Src/system_stm32f1xx.o
                0x08001048                SystemInit
 .text.app_init
                0x08001054      0x16c ./Core/app/src/app.o
                0x08001054                app_init
 .text.app_update
                0x080011c0       0xd0 ./Core/app/src/app.o
                0x080011c0                app_update
 .text.HAL_SYSTICK_Callback
                0x08001290       0x54 ./Core/app/src/app.o
                0x08001290                HAL_SYSTICK_Callback
 .text.displayInit
                0x080012e4       0xf8 ./Core/app/src/display.o
                0x080012e4                displayInit
 .text.displayCharPositionWrite
                0x080013dc       0xac ./Core/app/src/display.o
                0x080013dc                displayCharPositionWrite
 .text.displayStringWrite
                0x08001488       0x2c ./Core/app/src/display.o
                0x08001488                displayStringWrite
 .text.displayCodeWrite
                0x080014b4       0x46 ./Core/app/src/display.o
 *fill*         0x080014fa        0x2 
 .text.displayPinWrite
                0x080014fc      0x350 ./Core/app/src/display.o
 .text.displayDataBusWrite
                0x0800184c      0x124 ./Core/app/src/display.o
 .text.logger_log_print_
                0x08001970       0x28 ./Core/app/src/logger.o
                0x08001970                logger_log_print_
 .text.task_actuator_init
                0x08001998      0x1e0 ./Core/app/src/task_actuator.o
                0x08001998                task_actuator_init
 .text.task_actuator_update
                0x08001b78      0x288 ./Core/app/src/task_actuator.o
                0x08001b78                task_actuator_update
 .text.put_event_task_actuator
                0x08001e00       0x34 ./Core/app/src/task_actuator_interface.o
                0x08001e00                put_event_task_actuator
 .text.task_adc_init
                0x08001e34       0x50 ./Core/app/src/task_adc.o
                0x08001e34                task_adc_init
 *fill*         0x08001e84        0x4 
 .text.task_adc_update
                0x08001e88      0x178 ./Core/app/src/task_adc.o
                0x08001e88                task_adc_update
 .text.HAL_ADC_ConvCpltCallback
                0x08002000       0x28 ./Core/app/src/task_adc.o
                0x08002000                HAL_ADC_ConvCpltCallback
 .text.init_queue_value_task_adc
                0x08002028       0x48 ./Core/app/src/task_adc_interface.o
                0x08002028                init_queue_value_task_adc
 .text.put_value_task_adc
                0x08002070       0x58 ./Core/app/src/task_adc_interface.o
                0x08002070                put_value_task_adc
 .text.get_value_task_adc
                0x080020c8       0x5c ./Core/app/src/task_adc_interface.o
                0x080020c8                get_value_task_adc
 .text.any_value_task_adc
                0x08002124       0x20 ./Core/app/src/task_adc_interface.o
                0x08002124                any_value_task_adc
 .text.task_sensor_init
                0x08002144      0x174 ./Core/app/src/task_sensor.o
                0x08002144                task_sensor_init
 .text.task_sensor_update
                0x080022b8      0x1a4 ./Core/app/src/task_sensor.o
                0x080022b8                task_sensor_update
 .text.task_setup_init
                0x0800245c      0x180 ./Core/app/src/task_setup.o
                0x0800245c                task_setup_init
 .text.task_setup_update
                0x080025dc      0x38c ./Core/app/src/task_setup.o
                0x080025dc                task_setup_update
 .text.init_queue_event_task_setup
                0x08002968       0x48 ./Core/app/src/task_setup_interface.o
                0x08002968                init_queue_event_task_setup
 .text.put_event_task_setup
                0x080029b0       0x44 ./Core/app/src/task_setup_interface.o
                0x080029b0                put_event_task_setup
 .text.get_event_task_setup
                0x080029f4       0x4c ./Core/app/src/task_setup_interface.o
                0x080029f4                get_event_task_setup
 .text.any_event_task_setup
                0x08002a40       0x24 ./Core/app/src/task_setup_interface.o
                0x08002a40                any_event_task_setup
 .text.task_system_init
                0x08002a64      0x17c ./Core/app/src/task_system.o
                0x08002a64                task_system_init
 .text.task_system_update
                0x08002be0      0x54c ./Core/app/src/task_system.o
                0x08002be0                task_system_update
 .text.init_queue_event_task_system
                0x0800312c       0x48 ./Core/app/src/task_system_interface.o
                0x0800312c                init_queue_event_task_system
 .text.put_event_task_system
                0x08003174       0x44 ./Core/app/src/task_system_interface.o
                0x08003174                put_event_task_system
 .text.get_event_task_system
                0x080031b8       0x4c ./Core/app/src/task_system_interface.o
                0x080031b8                get_event_task_system
 .text.any_event_task_system
                0x08003204       0x24 ./Core/app/src/task_system_interface.o
                0x08003204                any_event_task_system
 .text.Reset_Handler
                0x08003228       0x48 ./Core/startup/startup_stm32f103rbtx.o
                0x08003228                Reset_Handler
 .text.Default_Handler
                0x08003270        0x2 ./Core/startup/startup_stm32f103rbtx.o
                0x08003270                RTC_Alarm_IRQHandler
                0x08003270                EXTI2_IRQHandler
                0x08003270                TIM1_CC_IRQHandler
                0x08003270                PVD_IRQHandler
                0x08003270                EXTI3_IRQHandler
                0x08003270                EXTI0_IRQHandler
                0x08003270                I2C2_EV_IRQHandler
                0x08003270                SPI1_IRQHandler
                0x08003270                TAMPER_IRQHandler
                0x08003270                DMA1_Channel4_IRQHandler
                0x08003270                USART3_IRQHandler
                0x08003270                RTC_IRQHandler
                0x08003270                DMA1_Channel7_IRQHandler
                0x08003270                CAN1_RX1_IRQHandler
                0x08003270                TIM4_IRQHandler
                0x08003270                I2C1_EV_IRQHandler
                0x08003270                DMA1_Channel6_IRQHandler
                0x08003270                TIM3_IRQHandler
                0x08003270                RCC_IRQHandler
                0x08003270                TIM1_TRG_COM_IRQHandler
                0x08003270                Default_Handler
                0x08003270                EXTI9_5_IRQHandler
                0x08003270                SPI2_IRQHandler
                0x08003270                DMA1_Channel5_IRQHandler
                0x08003270                EXTI4_IRQHandler
                0x08003270                USB_LP_CAN1_RX0_IRQHandler
                0x08003270                USB_HP_CAN1_TX_IRQHandler
                0x08003270                DMA1_Channel3_IRQHandler
                0x08003270                TIM1_UP_IRQHandler
                0x08003270                WWDG_IRQHandler
                0x08003270                TIM2_IRQHandler
                0x08003270                TIM1_BRK_IRQHandler
                0x08003270                EXTI1_IRQHandler
                0x08003270                USART2_IRQHandler
                0x08003270                I2C2_ER_IRQHandler
                0x08003270                DMA1_Channel2_IRQHandler
                0x08003270                CAN1_SCE_IRQHandler
                0x08003270                FLASH_IRQHandler
                0x08003270                USART1_IRQHandler
                0x08003270                I2C1_ER_IRQHandler
                0x08003270                USBWakeUp_IRQHandler
 *fill*         0x08003272        0x2 
 .text.HAL_Init
                0x08003274       0x2c ./Drivers/STM32F1xx_HAL_Driver/Src/stm32f1xx_hal.o
                0x08003274                HAL_Init
 .text.HAL_InitTick
                0x080032a0       0x60 ./Drivers/STM32F1xx_HAL_Driver/Src/stm32f1xx_hal.o
                0x080032a0                HAL_InitTick
 .text.HAL_IncTick
                0x08003300       0x24 ./Drivers/STM32F1xx_HAL_Driver/Src/stm32f1xx_hal.o
                0x08003300                HAL_IncTick
 .text.HAL_GetTick
                0x08003324       0x14 ./Drivers/STM32F1xx_HAL_Driver/Src/stm32f1xx_hal.o
                0x08003324                HAL_GetTick
 .text.HAL_Delay
                0x08003338       0x48 ./Drivers/STM32F1xx_HAL_Driver/Src/stm32f1xx_hal.o
                0x08003338                HAL_Delay
 .text.HAL_ADC_Init
                0x08003380      0x1b0 ./Drivers/STM32F1xx_HAL_Driver/Src/stm32f1xx_hal_adc.o
                0x08003380                HAL_ADC_Init
 .text.HAL_ADC_Start_DMA
                0x08003530      0x1bc ./Drivers/STM32F1xx_HAL_Driver/Src/stm32f1xx_hal_adc.o
                0x08003530                HAL_ADC_Start_DMA
 .text.HAL_ADC_IRQHandler
                0x080036ec      0x17e ./Drivers/STM32F1xx_HAL_Driver/Src/stm32f1xx_hal_adc.o
                0x080036ec                HAL_ADC_IRQHandler
 .text.HAL_ADC_ConvHalfCpltCallback
                0x0800386a       0x12 ./Drivers/STM32F1xx_HAL_Driver/Src/stm32f1xx_hal_adc.o
                0x0800386a                HAL_ADC_ConvHalfCpltCallback
 .text.HAL_ADC_LevelOutOfWindowCallback
                0x0800387c       0x12 ./Drivers/STM32F1xx_HAL_Driver/Src/stm32f1xx_hal_adc.o
                0x0800387c                HAL_ADC_LevelOutOfWindowCallback
 .text.HAL_ADC_ErrorCallback
                0x0800388e       0x12 ./Drivers/STM32F1xx_HAL_Driver/Src/stm32f1xx_hal_adc.o
                0x0800388e                HAL_ADC_ErrorCallback
 .text.HAL_ADC_ConfigChannel
                0x080038a0      0x1f0 ./Drivers/STM32F1xx_HAL_Driver/Src/stm32f1xx_hal_adc.o
                0x080038a0                HAL_ADC_ConfigChannel
 .text.ADC_Enable
                0x08003a90       0xb4 ./Drivers/STM32F1xx_HAL_Driver/Src/stm32f1xx_hal_adc.o
                0x08003a90                ADC_Enable
 .text.ADC_ConversionStop_Disable
                0x08003b44       0x82 ./Drivers/STM32F1xx_HAL_Driver/Src/stm32f1xx_hal_adc.o
                0x08003b44                ADC_ConversionStop_Disable
 .text.ADC_DMAConvCplt
                0x08003bc6       0x7c ./Drivers/STM32F1xx_HAL_Driver/Src/stm32f1xx_hal_adc.o
                0x08003bc6                ADC_DMAConvCplt
 .text.ADC_DMAHalfConvCplt
                0x08003c42       0x1c ./Drivers/STM32F1xx_HAL_Driver/Src/stm32f1xx_hal_adc.o
                0x08003c42                ADC_DMAHalfConvCplt
 .text.ADC_DMAError
                0x08003c5e       0x34 ./Drivers/STM32F1xx_HAL_Driver/Src/stm32f1xx_hal_adc.o
                0x08003c5e                ADC_DMAError
 .text.HAL_ADCEx_InjectedConvCpltCallback
                0x08003c92       0x12 ./Drivers/STM32F1xx_HAL_Driver/Src/stm32f1xx_hal_adc_ex.o
                0x08003c92                HAL_ADCEx_InjectedConvCpltCallback
 .text.__NVIC_SetPriorityGrouping
                0x08003ca4       0x48 ./Drivers/STM32F1xx_HAL_Driver/Src/stm32f1xx_hal_cortex.o
 .text.__NVIC_GetPriorityGrouping
                0x08003cec       0x1c ./Drivers/STM32F1xx_HAL_Driver/Src/stm32f1xx_hal_cortex.o
 .text.__NVIC_EnableIRQ
                0x08003d08       0x38 ./Drivers/STM32F1xx_HAL_Driver/Src/stm32f1xx_hal_cortex.o
 .text.__NVIC_SetPriority
                0x08003d40       0x54 ./Drivers/STM32F1xx_HAL_Driver/Src/stm32f1xx_hal_cortex.o
 .text.NVIC_EncodePriority
                0x08003d94       0x64 ./Drivers/STM32F1xx_HAL_Driver/Src/stm32f1xx_hal_cortex.o
 .text.SysTick_Config
                0x08003df8       0x44 ./Drivers/STM32F1xx_HAL_Driver/Src/stm32f1xx_hal_cortex.o
 .text.HAL_NVIC_SetPriorityGrouping
                0x08003e3c       0x16 ./Drivers/STM32F1xx_HAL_Driver/Src/stm32f1xx_hal_cortex.o
                0x08003e3c                HAL_NVIC_SetPriorityGrouping
 .text.HAL_NVIC_SetPriority
                0x08003e52       0x38 ./Drivers/STM32F1xx_HAL_Driver/Src/stm32f1xx_hal_cortex.o
                0x08003e52                HAL_NVIC_SetPriority
 .text.HAL_NVIC_EnableIRQ
                0x08003e8a       0x1c ./Drivers/STM32F1xx_HAL_Driver/Src/stm32f1xx_hal_cortex.o
                0x08003e8a                HAL_NVIC_EnableIRQ
 .text.HAL_SYSTICK_Config
                0x08003ea6       0x18 ./Drivers/STM32F1xx_HAL_Driver/Src/stm32f1xx_hal_cortex.o
                0x08003ea6                HAL_SYSTICK_Config
 .text.HAL_SYSTICK_IRQHandler
                0x08003ebe        0xc ./Drivers/STM32F1xx_HAL_Driver/Src/stm32f1xx_hal_cortex.o
                0x08003ebe                HAL_SYSTICK_IRQHandler
 *fill*         0x08003eca        0x2 
 .text.HAL_DMA_Init
                0x08003ecc       0xb4 ./Drivers/STM32F1xx_HAL_Driver/Src/stm32f1xx_hal_dma.o
                0x08003ecc                HAL_DMA_Init
 .text.HAL_DMA_Start_IT
                0x08003f80       0xc0 ./Drivers/STM32F1xx_HAL_Driver/Src/stm32f1xx_hal_dma.o
                0x08003f80                HAL_DMA_Start_IT
 .text.HAL_DMA_IRQHandler
                0x08004040      0x20c ./Drivers/STM32F1xx_HAL_Driver/Src/stm32f1xx_hal_dma.o
                0x08004040                HAL_DMA_IRQHandler
 .text.DMA_SetConfig
                0x0800424c       0x5a ./Drivers/STM32F1xx_HAL_Driver/Src/stm32f1xx_hal_dma.o
 *fill*         0x080042a6        0x2 
 .text.HAL_GPIO_Init
                0x080042a8      0x308 ./Drivers/STM32F1xx_HAL_Driver/Src/stm32f1xx_hal_gpio.o
                0x080042a8                HAL_GPIO_Init
 .text.HAL_GPIO_ReadPin
                0x080045b0       0x2e ./Drivers/STM32F1xx_HAL_Driver/Src/stm32f1xx_hal_gpio.o
                0x080045b0                HAL_GPIO_ReadPin
 .text.HAL_GPIO_WritePin
                0x080045de       0x30 ./Drivers/STM32F1xx_HAL_Driver/Src/stm32f1xx_hal_gpio.o
                0x080045de                HAL_GPIO_WritePin
 *fill*         0x0800460e        0x2 
 .text.HAL_GPIO_EXTI_IRQHandler
                0x08004610       0x30 ./Drivers/STM32F1xx_HAL_Driver/Src/stm32f1xx_hal_gpio.o
                0x08004610                HAL_GPIO_EXTI_IRQHandler
 .text.HAL_GPIO_EXTI_Callback
                0x08004640       0x14 ./Drivers/STM32F1xx_HAL_Driver/Src/stm32f1xx_hal_gpio.o
                0x08004640                HAL_GPIO_EXTI_Callback
 .text.HAL_RCC_OscConfig
                0x08004654      0x504 ./Drivers/STM32F1xx_HAL_Driver/Src/stm32f1xx_hal_rcc.o
                0x08004654                HAL_RCC_OscConfig
 .text.HAL_RCC_ClockConfig
                0x08004b58      0x1d4 ./Drivers/STM32F1xx_HAL_Driver/Src/stm32f1xx_hal_rcc.o
                0x08004b58                HAL_RCC_ClockConfig
 .text.HAL_RCC_GetSysClockFreq
                0x08004d2c       0xa8 ./Drivers/STM32F1xx_HAL_Driver/Src/stm32f1xx_hal_rcc.o
                0x08004d2c                HAL_RCC_GetSysClockFreq
 .text.HAL_RCC_GetHCLKFreq
                0x08004dd4       0x14 ./Drivers/STM32F1xx_HAL_Driver/Src/stm32f1xx_hal_rcc.o
                0x08004dd4                HAL_RCC_GetHCLKFreq
 .text.HAL_RCC_GetPCLK1Freq
                0x08004de8       0x28 ./Drivers/STM32F1xx_HAL_Driver/Src/stm32f1xx_hal_rcc.o
                0x08004de8                HAL_RCC_GetPCLK1Freq
 .text.HAL_RCC_GetPCLK2Freq
                0x08004e10       0x28 ./Drivers/STM32F1xx_HAL_Driver/Src/stm32f1xx_hal_rcc.o
                0x08004e10                HAL_RCC_GetPCLK2Freq
 .text.RCC_Delay
                0x08004e38       0x3c ./Drivers/STM32F1xx_HAL_Driver/Src/stm32f1xx_hal_rcc.o
 .text.HAL_RCCEx_PeriphCLKConfig
                0x08004e74      0x16c ./Drivers/STM32F1xx_HAL_Driver/Src/stm32f1xx_hal_rcc_ex.o
                0x08004e74                HAL_RCCEx_PeriphCLKConfig
 .text.HAL_UART_Init
                0x08004fe0       0xa0 ./Drivers/STM32F1xx_HAL_Driver/Src/stm32f1xx_hal_uart.o
                0x08004fe0                HAL_UART_Init
 .text.UART_SetConfig
                0x08005080      0x11c ./Drivers/STM32F1xx_HAL_Driver/Src/stm32f1xx_hal_uart.o
 .text.__sflush_r
                0x0800519c      0x100 C:/ST/STM32CubeIDE_1.16.0/STM32CubeIDE/plugins/com.st.stm32cube.ide.mcu.externaltools.gnu-tools-for-stm32.12.3.rel1.win32_1.1.0.202410251130/tools/bin/../lib/gcc/arm-none-eabi/12.3.1/../../../../arm-none-eabi/lib/thumb/v7-m/nofp\libc_nano.a(libc_a-fflush.o)
                0x0800519c                __sflush_r
 .text._fflush_r
                0x0800529c       0x50 C:/ST/STM32CubeIDE_1.16.0/STM32CubeIDE/plugins/com.st.stm32cube.ide.mcu.externaltools.gnu-tools-for-stm32.12.3.rel1.win32_1.1.0.202410251130/tools/bin/../lib/gcc/arm-none-eabi/12.3.1/../../../../arm-none-eabi/lib/thumb/v7-m/nofp\libc_nano.a(libc_a-fflush.o)
                0x0800529c                _fflush_r
 .text.fflush   0x080052ec       0x28 C:/ST/STM32CubeIDE_1.16.0/STM32CubeIDE/plugins/com.st.stm32cube.ide.mcu.externaltools.gnu-tools-for-stm32.12.3.rel1.win32_1.1.0.202410251130/tools/bin/../lib/gcc/arm-none-eabi/12.3.1/../../../../arm-none-eabi/lib/thumb/v7-m/nofp\libc_nano.a(libc_a-fflush.o)
                0x080052ec                fflush
 .text.std      0x08005314       0x6c C:/ST/STM32CubeIDE_1.16.0/STM32CubeIDE/plugins/com.st.stm32cube.ide.mcu.externaltools.gnu-tools-for-stm32.12.3.rel1.win32_1.1.0.202410251130/tools/bin/../lib/gcc/arm-none-eabi/12.3.1/../../../../arm-none-eabi/lib/thumb/v7-m/nofp\libc_nano.a(libc_a-findfp.o)
 .text.stdio_exit_handler
                0x08005380       0x18 C:/ST/STM32CubeIDE_1.16.0/STM32CubeIDE/plugins/com.st.stm32cube.ide.mcu.externaltools.gnu-tools-for-stm32.12.3.rel1.win32_1.1.0.202410251130/tools/bin/../lib/gcc/arm-none-eabi/12.3.1/../../../../arm-none-eabi/lib/thumb/v7-m/nofp\libc_nano.a(libc_a-findfp.o)
 .text.cleanup_stdio
                0x08005398       0x40 C:/ST/STM32CubeIDE_1.16.0/STM32CubeIDE/plugins/com.st.stm32cube.ide.mcu.externaltools.gnu-tools-for-stm32.12.3.rel1.win32_1.1.0.202410251130/tools/bin/../lib/gcc/arm-none-eabi/12.3.1/../../../../arm-none-eabi/lib/thumb/v7-m/nofp\libc_nano.a(libc_a-findfp.o)
 .text.global_stdio_init.part.0
                0x080053d8       0x3c C:/ST/STM32CubeIDE_1.16.0/STM32CubeIDE/plugins/com.st.stm32cube.ide.mcu.externaltools.gnu-tools-for-stm32.12.3.rel1.win32_1.1.0.202410251130/tools/bin/../lib/gcc/arm-none-eabi/12.3.1/../../../../arm-none-eabi/lib/thumb/v7-m/nofp\libc_nano.a(libc_a-findfp.o)
 .text.__sfp_lock_acquire
                0x08005414        0xc C:/ST/STM32CubeIDE_1.16.0/STM32CubeIDE/plugins/com.st.stm32cube.ide.mcu.externaltools.gnu-tools-for-stm32.12.3.rel1.win32_1.1.0.202410251130/tools/bin/../lib/gcc/arm-none-eabi/12.3.1/../../../../arm-none-eabi/lib/thumb/v7-m/nofp\libc_nano.a(libc_a-findfp.o)
                0x08005414                __sfp_lock_acquire
 .text.__sfp_lock_release
                0x08005420        0xc C:/ST/STM32CubeIDE_1.16.0/STM32CubeIDE/plugins/com.st.stm32cube.ide.mcu.externaltools.gnu-tools-for-stm32.12.3.rel1.win32_1.1.0.202410251130/tools/bin/../lib/gcc/arm-none-eabi/12.3.1/../../../../arm-none-eabi/lib/thumb/v7-m/nofp\libc_nano.a(libc_a-findfp.o)
                0x08005420                __sfp_lock_release
 .text.__sinit  0x0800542c       0x30 C:/ST/STM32CubeIDE_1.16.0/STM32CubeIDE/plugins/com.st.stm32cube.ide.mcu.externaltools.gnu-tools-for-stm32.12.3.rel1.win32_1.1.0.202410251130/tools/bin/../lib/gcc/arm-none-eabi/12.3.1/../../../../arm-none-eabi/lib/thumb/v7-m/nofp\libc_nano.a(libc_a-findfp.o)
                0x0800542c                __sinit
 .text._fwalk_sglue
                0x0800545c       0x3c C:/ST/STM32CubeIDE_1.16.0/STM32CubeIDE/plugins/com.st.stm32cube.ide.mcu.externaltools.gnu-tools-for-stm32.12.3.rel1.win32_1.1.0.202410251130/tools/bin/../lib/gcc/arm-none-eabi/12.3.1/../../../../arm-none-eabi/lib/thumb/v7-m/nofp\libc_nano.a(libc_a-fwalk.o)
                0x0800545c                _fwalk_sglue
 .text.printf   0x08005498       0x24 C:/ST/STM32CubeIDE_1.16.0/STM32CubeIDE/plugins/com.st.stm32cube.ide.mcu.externaltools.gnu-tools-for-stm32.12.3.rel1.win32_1.1.0.202410251130/tools/bin/../lib/gcc/arm-none-eabi/12.3.1/../../../../arm-none-eabi/lib/thumb/v7-m/nofp\libc_nano.a(libc_a-printf.o)
                0x08005498                iprintf
                0x08005498                printf
 .text.snprintf
                0x080054bc       0x68 C:/ST/STM32CubeIDE_1.16.0/STM32CubeIDE/plugins/com.st.stm32cube.ide.mcu.externaltools.gnu-tools-for-stm32.12.3.rel1.win32_1.1.0.202410251130/tools/bin/../lib/gcc/arm-none-eabi/12.3.1/../../../../arm-none-eabi/lib/thumb/v7-m/nofp\libc_nano.a(libc_a-snprintf.o)
                0x080054bc                sniprintf
                0x080054bc                snprintf
 .text.__sread  0x08005524       0x22 C:/ST/STM32CubeIDE_1.16.0/STM32CubeIDE/plugins/com.st.stm32cube.ide.mcu.externaltools.gnu-tools-for-stm32.12.3.rel1.win32_1.1.0.202410251130/tools/bin/../lib/gcc/arm-none-eabi/12.3.1/../../../../arm-none-eabi/lib/thumb/v7-m/nofp\libc_nano.a(libc_a-stdio.o)
                0x08005524                __sread
 .text.__swrite
                0x08005546       0x38 C:/ST/STM32CubeIDE_1.16.0/STM32CubeIDE/plugins/com.st.stm32cube.ide.mcu.externaltools.gnu-tools-for-stm32.12.3.rel1.win32_1.1.0.202410251130/tools/bin/../lib/gcc/arm-none-eabi/12.3.1/../../../../arm-none-eabi/lib/thumb/v7-m/nofp\libc_nano.a(libc_a-stdio.o)
                0x08005546                __swrite
 .text.__sseek  0x0800557e       0x24 C:/ST/STM32CubeIDE_1.16.0/STM32CubeIDE/plugins/com.st.stm32cube.ide.mcu.externaltools.gnu-tools-for-stm32.12.3.rel1.win32_1.1.0.202410251130/tools/bin/../lib/gcc/arm-none-eabi/12.3.1/../../../../arm-none-eabi/lib/thumb/v7-m/nofp\libc_nano.a(libc_a-stdio.o)
                0x0800557e                __sseek
 .text.__sclose
                0x080055a2        0x8 C:/ST/STM32CubeIDE_1.16.0/STM32CubeIDE/plugins/com.st.stm32cube.ide.mcu.externaltools.gnu-tools-for-stm32.12.3.rel1.win32_1.1.0.202410251130/tools/bin/../lib/gcc/arm-none-eabi/12.3.1/../../../../arm-none-eabi/lib/thumb/v7-m/nofp\libc_nano.a(libc_a-stdio.o)
                0x080055a2                __sclose
 .text.memset   0x080055aa       0x10 C:/ST/STM32CubeIDE_1.16.0/STM32CubeIDE/plugins/com.st.stm32cube.ide.mcu.externaltools.gnu-tools-for-stm32.12.3.rel1.win32_1.1.0.202410251130/tools/bin/../lib/gcc/arm-none-eabi/12.3.1/../../../../arm-none-eabi/lib/thumb/v7-m/nofp\libc_nano.a(libc_a-memset.o)
                0x080055aa                memset
 *fill*         0x080055ba        0x2 
 .text._close_r
                0x080055bc       0x20 C:/ST/STM32CubeIDE_1.16.0/STM32CubeIDE/plugins/com.st.stm32cube.ide.mcu.externaltools.gnu-tools-for-stm32.12.3.rel1.win32_1.1.0.202410251130/tools/bin/../lib/gcc/arm-none-eabi/12.3.1/../../../../arm-none-eabi/lib/thumb/v7-m/nofp\libc_nano.a(libc_a-closer.o)
                0x080055bc                _close_r
 .text._lseek_r
                0x080055dc       0x24 C:/ST/STM32CubeIDE_1.16.0/STM32CubeIDE/plugins/com.st.stm32cube.ide.mcu.externaltools.gnu-tools-for-stm32.12.3.rel1.win32_1.1.0.202410251130/tools/bin/../lib/gcc/arm-none-eabi/12.3.1/../../../../arm-none-eabi/lib/thumb/v7-m/nofp\libc_nano.a(libc_a-lseekr.o)
                0x080055dc                _lseek_r
 .text._read_r  0x08005600       0x24 C:/ST/STM32CubeIDE_1.16.0/STM32CubeIDE/plugins/com.st.stm32cube.ide.mcu.externaltools.gnu-tools-for-stm32.12.3.rel1.win32_1.1.0.202410251130/tools/bin/../lib/gcc/arm-none-eabi/12.3.1/../../../../arm-none-eabi/lib/thumb/v7-m/nofp\libc_nano.a(libc_a-readr.o)
                0x08005600                _read_r
 .text._write_r
                0x08005624       0x24 C:/ST/STM32CubeIDE_1.16.0/STM32CubeIDE/plugins/com.st.stm32cube.ide.mcu.externaltools.gnu-tools-for-stm32.12.3.rel1.win32_1.1.0.202410251130/tools/bin/../lib/gcc/arm-none-eabi/12.3.1/../../../../arm-none-eabi/lib/thumb/v7-m/nofp\libc_nano.a(libc_a-writer.o)
                0x08005624                _write_r
 .text.__errno  0x08005648        0xc C:/ST/STM32CubeIDE_1.16.0/STM32CubeIDE/plugins/com.st.stm32cube.ide.mcu.externaltools.gnu-tools-for-stm32.12.3.rel1.win32_1.1.0.202410251130/tools/bin/../lib/gcc/arm-none-eabi/12.3.1/../../../../arm-none-eabi/lib/thumb/v7-m/nofp\libc_nano.a(libc_a-errno.o)
                0x08005648                __errno
 .text.__libc_init_array
                0x08005654       0x48 C:/ST/STM32CubeIDE_1.16.0/STM32CubeIDE/plugins/com.st.stm32cube.ide.mcu.externaltools.gnu-tools-for-stm32.12.3.rel1.win32_1.1.0.202410251130/tools/bin/../lib/gcc/arm-none-eabi/12.3.1/../../../../arm-none-eabi/lib/thumb/v7-m/nofp\libc_nano.a(libc_a-init.o)
                0x08005654                __libc_init_array
 .text.__retarget_lock_init_recursive
                0x0800569c        0x2 C:/ST/STM32CubeIDE_1.16.0/STM32CubeIDE/plugins/com.st.stm32cube.ide.mcu.externaltools.gnu-tools-for-stm32.12.3.rel1.win32_1.1.0.202410251130/tools/bin/../lib/gcc/arm-none-eabi/12.3.1/../../../../arm-none-eabi/lib/thumb/v7-m/nofp\libc_nano.a(libc_a-lock.o)
                0x0800569c                __retarget_lock_init_recursive
 .text.__retarget_lock_acquire_recursive
                0x0800569e        0x2 C:/ST/STM32CubeIDE_1.16.0/STM32CubeIDE/plugins/com.st.stm32cube.ide.mcu.externaltools.gnu-tools-for-stm32.12.3.rel1.win32_1.1.0.202410251130/tools/bin/../lib/gcc/arm-none-eabi/12.3.1/../../../../arm-none-eabi/lib/thumb/v7-m/nofp\libc_nano.a(libc_a-lock.o)
                0x0800569e                __retarget_lock_acquire_recursive
 .text.__retarget_lock_release_recursive
                0x080056a0        0x2 C:/ST/STM32CubeIDE_1.16.0/STM32CubeIDE/plugins/com.st.stm32cube.ide.mcu.externaltools.gnu-tools-for-stm32.12.3.rel1.win32_1.1.0.202410251130/tools/bin/../lib/gcc/arm-none-eabi/12.3.1/../../../../arm-none-eabi/lib/thumb/v7-m/nofp\libc_nano.a(libc_a-lock.o)
                0x080056a0                __retarget_lock_release_recursive
 *fill*         0x080056a2        0x2 
 .text._free_r  0x080056a4       0x90 C:/ST/STM32CubeIDE_1.16.0/STM32CubeIDE/plugins/com.st.stm32cube.ide.mcu.externaltools.gnu-tools-for-stm32.12.3.rel1.win32_1.1.0.202410251130/tools/bin/../lib/gcc/arm-none-eabi/12.3.1/../../../../arm-none-eabi/lib/thumb/v7-m/nofp\libc_nano.a(libc_a-freer.o)
                0x080056a4                _free_r
 .text.sbrk_aligned
                0x08005734       0x44 C:/ST/STM32CubeIDE_1.16.0/STM32CubeIDE/plugins/com.st.stm32cube.ide.mcu.externaltools.gnu-tools-for-stm32.12.3.rel1.win32_1.1.0.202410251130/tools/bin/../lib/gcc/arm-none-eabi/12.3.1/../../../../arm-none-eabi/lib/thumb/v7-m/nofp\libc_nano.a(libc_a-mallocr.o)
 .text._malloc_r
                0x08005778      0x100 C:/ST/STM32CubeIDE_1.16.0/STM32CubeIDE/plugins/com.st.stm32cube.ide.mcu.externaltools.gnu-tools-for-stm32.12.3.rel1.win32_1.1.0.202410251130/tools/bin/../lib/gcc/arm-none-eabi/12.3.1/../../../../arm-none-eabi/lib/thumb/v7-m/nofp\libc_nano.a(libc_a-mallocr.o)
                0x08005778                _malloc_r
 .text.__malloc_lock
                0x08005878        0xc C:/ST/STM32CubeIDE_1.16.0/STM32CubeIDE/plugins/com.st.stm32cube.ide.mcu.externaltools.gnu-tools-for-stm32.12.3.rel1.win32_1.1.0.202410251130/tools/bin/../lib/gcc/arm-none-eabi/12.3.1/../../../../arm-none-eabi/lib/thumb/v7-m/nofp\libc_nano.a(libc_a-mlock.o)
                0x08005878                __malloc_lock
 .text.__malloc_unlock
                0x08005884        0xc C:/ST/STM32CubeIDE_1.16.0/STM32CubeIDE/plugins/com.st.stm32cube.ide.mcu.externaltools.gnu-tools-for-stm32.12.3.rel1.win32_1.1.0.202410251130/tools/bin/../lib/gcc/arm-none-eabi/12.3.1/../../../../arm-none-eabi/lib/thumb/v7-m/nofp\libc_nano.a(libc_a-mlock.o)
                0x08005884                __malloc_unlock
 .text.__ssputs_r
                0x08005890       0xb6 C:/ST/STM32CubeIDE_1.16.0/STM32CubeIDE/plugins/com.st.stm32cube.ide.mcu.externaltools.gnu-tools-for-stm32.12.3.rel1.win32_1.1.0.202410251130/tools/bin/../lib/gcc/arm-none-eabi/12.3.1/../../../../arm-none-eabi/lib/thumb/v7-m/nofp\libc_nano.a(libc_a-nano-svfprintf.o)
                0x08005890                __ssputs_r
 *fill*         0x08005946        0x2 
 .text._svfprintf_r
                0x08005948      0x1f8 C:/ST/STM32CubeIDE_1.16.0/STM32CubeIDE/plugins/com.st.stm32cube.ide.mcu.externaltools.gnu-tools-for-stm32.12.3.rel1.win32_1.1.0.202410251130/tools/bin/../lib/gcc/arm-none-eabi/12.3.1/../../../../arm-none-eabi/lib/thumb/v7-m/nofp\libc_nano.a(libc_a-nano-svfprintf.o)
                0x08005948                _svfiprintf_r
                0x08005948                _svfprintf_r
 .text.__sfputc_r
                0x08005b40       0x2a C:/ST/STM32CubeIDE_1.16.0/STM32CubeIDE/plugins/com.st.stm32cube.ide.mcu.externaltools.gnu-tools-for-stm32.12.3.rel1.win32_1.1.0.202410251130/tools/bin/../lib/gcc/arm-none-eabi/12.3.1/../../../../arm-none-eabi/lib/thumb/v7-m/nofp\libc_nano.a(libc_a-nano-vfprintf.o)
 .text.__sfputs_r
                0x08005b6a       0x24 C:/ST/STM32CubeIDE_1.16.0/STM32CubeIDE/plugins/com.st.stm32cube.ide.mcu.externaltools.gnu-tools-for-stm32.12.3.rel1.win32_1.1.0.202410251130/tools/bin/../lib/gcc/arm-none-eabi/12.3.1/../../../../arm-none-eabi/lib/thumb/v7-m/nofp\libc_nano.a(libc_a-nano-vfprintf.o)
                0x08005b6a                __sfputs_r
 *fill*         0x08005b8e        0x2 
 .text._vfprintf_r
                0x08005b90      0x230 C:/ST/STM32CubeIDE_1.16.0/STM32CubeIDE/plugins/com.st.stm32cube.ide.mcu.externaltools.gnu-tools-for-stm32.12.3.rel1.win32_1.1.0.202410251130/tools/bin/../lib/gcc/arm-none-eabi/12.3.1/../../../../arm-none-eabi/lib/thumb/v7-m/nofp\libc_nano.a(libc_a-nano-vfprintf.o)
                0x08005b90                _vfprintf_r
                0x08005b90                _vfiprintf_r
 .text._printf_common
                0x08005dc0       0xe4 C:/ST/STM32CubeIDE_1.16.0/STM32CubeIDE/plugins/com.st.stm32cube.ide.mcu.externaltools.gnu-tools-for-stm32.12.3.rel1.win32_1.1.0.202410251130/tools/bin/../lib/gcc/arm-none-eabi/12.3.1/../../../../arm-none-eabi/lib/thumb/v7-m/nofp\libc_nano.a(libc_a-nano-vfprintf_i.o)
                0x08005dc0                _printf_common
 .text._printf_i
                0x08005ea4      0x240 C:/ST/STM32CubeIDE_1.16.0/STM32CubeIDE/plugins/com.st.stm32cube.ide.mcu.externaltools.gnu-tools-for-stm32.12.3.rel1.win32_1.1.0.202410251130/tools/bin/../lib/gcc/arm-none-eabi/12.3.1/../../../../arm-none-eabi/lib/thumb/v7-m/nofp\libc_nano.a(libc_a-nano-vfprintf_i.o)
                0x08005ea4                _printf_i
 .text.__swbuf_r
                0x080060e4       0x7c C:/ST/STM32CubeIDE_1.16.0/STM32CubeIDE/plugins/com.st.stm32cube.ide.mcu.externaltools.gnu-tools-for-stm32.12.3.rel1.win32_1.1.0.202410251130/tools/bin/../lib/gcc/arm-none-eabi/12.3.1/../../../../arm-none-eabi/lib/thumb/v7-m/nofp\libc_nano.a(libc_a-wbuf.o)
                0x080060e4                __swbuf_r
 .text.__swsetup_r
                0x08006160       0xac C:/ST/STM32CubeIDE_1.16.0/STM32CubeIDE/plugins/com.st.stm32cube.ide.mcu.externaltools.gnu-tools-for-stm32.12.3.rel1.win32_1.1.0.202410251130/tools/bin/../lib/gcc/arm-none-eabi/12.3.1/../../../../arm-none-eabi/lib/thumb/v7-m/nofp\libc_nano.a(libc_a-wsetup.o)
                0x08006160                __swsetup_r
 .text.memmove  0x0800620c       0x34 C:/ST/STM32CubeIDE_1.16.0/STM32CubeIDE/plugins/com.st.stm32cube.ide.mcu.externaltools.gnu-tools-for-stm32.12.3.rel1.win32_1.1.0.202410251130/tools/bin/../lib/gcc/arm-none-eabi/12.3.1/../../../../arm-none-eabi/lib/thumb/v7-m/nofp\libc_nano.a(libc_a-memmove.o)
                0x0800620c                memmove
 .text._sbrk_r  0x08006240       0x20 C:/ST/STM32CubeIDE_1.16.0/STM32CubeIDE/plugins/com.st.stm32cube.ide.mcu.externaltools.gnu-tools-for-stm32.12.3.rel1.win32_1.1.0.202410251130/tools/bin/../lib/gcc/arm-none-eabi/12.3.1/../../../../arm-none-eabi/lib/thumb/v7-m/nofp\libc_nano.a(libc_a-sbrkr.o)
                0x08006240                _sbrk_r
 .text.memchr   0x08006260       0x1c C:/ST/STM32CubeIDE_1.16.0/STM32CubeIDE/plugins/com.st.stm32cube.ide.mcu.externaltools.gnu-tools-for-stm32.12.3.rel1.win32_1.1.0.202410251130/tools/bin/../lib/gcc/arm-none-eabi/12.3.1/../../../../arm-none-eabi/lib/thumb/v7-m/nofp\libc_nano.a(libc_a-memchr-stub.o)
                0x08006260                memchr
 .text.memcpy   0x0800627c       0x1c C:/ST/STM32CubeIDE_1.16.0/STM32CubeIDE/plugins/com.st.stm32cube.ide.mcu.externaltools.gnu-tools-for-stm32.12.3.rel1.win32_1.1.0.202410251130/tools/bin/../lib/gcc/arm-none-eabi/12.3.1/../../../../arm-none-eabi/lib/thumb/v7-m/nofp\libc_nano.a(libc_a-memcpy-stub.o)
                0x0800627c                memcpy
 .text._realloc_r
                0x08006298       0x5c C:/ST/STM32CubeIDE_1.16.0/STM32CubeIDE/plugins/com.st.stm32cube.ide.mcu.externaltools.gnu-tools-for-stm32.12.3.rel1.win32_1.1.0.202410251130/tools/bin/../lib/gcc/arm-none-eabi/12.3.1/../../../../arm-none-eabi/lib/thumb/v7-m/nofp\libc_nano.a(libc_a-reallocr.o)
                0x08006298                _realloc_r
 .text.__swhatbuf_r
                0x080062f4       0x4a C:/ST/STM32CubeIDE_1.16.0/STM32CubeIDE/plugins/com.st.stm32cube.ide.mcu.externaltools.gnu-tools-for-stm32.12.3.rel1.win32_1.1.0.202410251130/tools/bin/../lib/gcc/arm-none-eabi/12.3.1/../../../../arm-none-eabi/lib/thumb/v7-m/nofp\libc_nano.a(libc_a-makebuf.o)
                0x080062f4                __swhatbuf_r
 .text.__smakebuf_r
                0x0800633e       0x78 C:/ST/STM32CubeIDE_1.16.0/STM32CubeIDE/plugins/com.st.stm32cube.ide.mcu.externaltools.gnu-tools-for-stm32.12.3.rel1.win32_1.1.0.202410251130/tools/bin/../lib/gcc/arm-none-eabi/12.3.1/../../../../arm-none-eabi/lib/thumb/v7-m/nofp\libc_nano.a(libc_a-makebuf.o)
                0x0800633e                __smakebuf_r
 *fill*         0x080063b6        0x2 
 .text._fstat_r
                0x080063b8       0x24 C:/ST/STM32CubeIDE_1.16.0/STM32CubeIDE/plugins/com.st.stm32cube.ide.mcu.externaltools.gnu-tools-for-stm32.12.3.rel1.win32_1.1.0.202410251130/tools/bin/../lib/gcc/arm-none-eabi/12.3.1/../../../../arm-none-eabi/lib/thumb/v7-m/nofp\libc_nano.a(libc_a-fstatr.o)
                0x080063b8                _fstat_r
 .text._isatty_r
                0x080063dc       0x20 C:/ST/STM32CubeIDE_1.16.0/STM32CubeIDE/plugins/com.st.stm32cube.ide.mcu.externaltools.gnu-tools-for-stm32.12.3.rel1.win32_1.1.0.202410251130/tools/bin/../lib/gcc/arm-none-eabi/12.3.1/../../../../arm-none-eabi/lib/thumb/v7-m/nofp\libc_nano.a(libc_a-isattyr.o)
                0x080063dc                _isatty_r
 .text._malloc_usable_size_r
                0x080063fc       0x10 C:/ST/STM32CubeIDE_1.16.0/STM32CubeIDE/plugins/com.st.stm32cube.ide.mcu.externaltools.gnu-tools-for-stm32.12.3.rel1.win32_1.1.0.202410251130/tools/bin/../lib/gcc/arm-none-eabi/12.3.1/../../../../arm-none-eabi/lib/thumb/v7-m/nofp\libc_nano.a(libc_a-msizer.o)
                0x080063fc                _malloc_usable_size_r
 *(.glue_7)
 .glue_7        0x0800640c        0x0 linker stubs
 *(.glue_7t)
 .glue_7t       0x0800640c        0x0 linker stubs
 *(.eh_frame)
 .eh_frame      0x0800640c        0x0 C:/ST/STM32CubeIDE_1.16.0/STM32CubeIDE/plugins/com.st.stm32cube.ide.mcu.externaltools.gnu-tools-for-stm32.12.3.rel1.win32_1.1.0.202410251130/tools/bin/../lib/gcc/arm-none-eabi/12.3.1/thumb/v7-m/nofp/crtbegin.o
 *(.init)
 .init          0x0800640c        0x4 C:/ST/STM32CubeIDE_1.16.0/STM32CubeIDE/plugins/com.st.stm32cube.ide.mcu.externaltools.gnu-tools-for-stm32.12.3.rel1.win32_1.1.0.202410251130/tools/bin/../lib/gcc/arm-none-eabi/12.3.1/thumb/v7-m/nofp/crti.o
                0x0800640c                _init
 .init          0x08006410        0x8 C:/ST/STM32CubeIDE_1.16.0/STM32CubeIDE/plugins/com.st.stm32cube.ide.mcu.externaltools.gnu-tools-for-stm32.12.3.rel1.win32_1.1.0.202410251130/tools/bin/../lib/gcc/arm-none-eabi/12.3.1/thumb/v7-m/nofp/crtn.o
 *(.fini)
 .fini          0x08006418        0x4 C:/ST/STM32CubeIDE_1.16.0/STM32CubeIDE/plugins/com.st.stm32cube.ide.mcu.externaltools.gnu-tools-for-stm32.12.3.rel1.win32_1.1.0.202410251130/tools/bin/../lib/gcc/arm-none-eabi/12.3.1/thumb/v7-m/nofp/crti.o
                0x08006418                _fini
 .fini          0x0800641c        0x8 C:/ST/STM32CubeIDE_1.16.0/STM32CubeIDE/plugins/com.st.stm32cube.ide.mcu.externaltools.gnu-tools-for-stm32.12.3.rel1.win32_1.1.0.202410251130/tools/bin/../lib/gcc/arm-none-eabi/12.3.1/thumb/v7-m/nofp/crtn.o
                0x08006424                        . = ALIGN (0x4)
                0x08006424                        _etext = .

.vfp11_veneer   0x08006424        0x0
 .vfp11_veneer  0x08006424        0x0 linker stubs

.v4_bx          0x08006424        0x0
 .v4_bx         0x08006424        0x0 linker stubs

.iplt           0x08006424        0x0
 .iplt          0x08006424        0x0 C:/ST/STM32CubeIDE_1.16.0/STM32CubeIDE/plugins/com.st.stm32cube.ide.mcu.externaltools.gnu-tools-for-stm32.12.3.rel1.win32_1.1.0.202410251130/tools/bin/../lib/gcc/arm-none-eabi/12.3.1/thumb/v7-m/nofp/crtbegin.o

.rodata         0x08006424      0x6cc
                0x08006424                        . = ALIGN (0x4)
 *(.rodata)
 .rodata        0x08006424       0x97 ./Core/app/src/app.o
 *fill*         0x080064bb        0x1 
 .rodata        0x080064bc      0x101 ./Core/app/src/task_actuator.o
 *fill*         0x080065bd        0x3 
 .rodata        0x080065c0       0x33 ./Core/app/src/task_adc.o
 *fill*         0x080065f3        0x1 
 .rodata        0x080065f4       0xd2 ./Core/app/src/task_sensor.o
 *fill*         0x080066c6        0x2 
 .rodata        0x080066c8      0x17b ./Core/app/src/task_setup.o
 *fill*         0x08006843        0x1 
 .rodata        0x08006844      0x11b ./Core/app/src/task_system.o
 *(.rodata*)
 *fill*         0x0800695f        0x1 
 .rodata.AHBPrescTable
                0x08006960       0x10 ./Core/Src/system_stm32f1xx.o
                0x08006960                AHBPrescTable
 .rodata.APBPrescTable
                0x08006970        0x8 ./Core/Src/system_stm32f1xx.o
                0x08006970                APBPrescTable
 .rodata.task_cfg_list
                0x08006978       0x3c ./Core/app/src/app.o
                0x08006978                task_cfg_list
 .rodata.logger_msg
                0x080069b4        0x4 ./Core/app/src/logger.o
                0x080069b4                logger_msg
 .rodata.task_actuator_cfg_list
                0x080069b8       0x64 ./Core/app/src/task_actuator.o
                0x080069b8                task_actuator_cfg_list
 .rodata.task_sensor_cfg_list
                0x08006a1c       0x8c ./Core/app/src/task_sensor.o
                0x08006a1c                task_sensor_cfg_list
 .rodata.aPLLMULFactorTable.1
                0x08006aa8       0x10 ./Drivers/STM32F1xx_HAL_Driver/Src/stm32f1xx_hal_rcc.o
 .rodata.aPredivFactorTable.0
                0x08006ab8        0x2 ./Drivers/STM32F1xx_HAL_Driver/Src/stm32f1xx_hal_rcc.o
 .rodata._svfprintf_r.str1.1
                0x08006aba       0x11 C:/ST/STM32CubeIDE_1.16.0/STM32CubeIDE/plugins/com.st.stm32cube.ide.mcu.externaltools.gnu-tools-for-stm32.12.3.rel1.win32_1.1.0.202410251130/tools/bin/../lib/gcc/arm-none-eabi/12.3.1/../../../../arm-none-eabi/lib/thumb/v7-m/nofp\libc_nano.a(libc_a-nano-svfprintf.o)
 .rodata._vfprintf_r.str1.1
                0x08006acb       0x11 C:/ST/STM32CubeIDE_1.16.0/STM32CubeIDE/plugins/com.st.stm32cube.ide.mcu.externaltools.gnu-tools-for-stm32.12.3.rel1.win32_1.1.0.202410251130/tools/bin/../lib/gcc/arm-none-eabi/12.3.1/../../../../arm-none-eabi/lib/thumb/v7-m/nofp\libc_nano.a(libc_a-nano-vfprintf.o)
 .rodata._printf_i.str1.1
                0x08006acb       0x22 C:/ST/STM32CubeIDE_1.16.0/STM32CubeIDE/plugins/com.st.stm32cube.ide.mcu.externaltools.gnu-tools-for-stm32.12.3.rel1.win32_1.1.0.202410251130/tools/bin/../lib/gcc/arm-none-eabi/12.3.1/../../../../arm-none-eabi/lib/thumb/v7-m/nofp\libc_nano.a(libc_a-nano-vfprintf_i.o)
                0x08006af0                        . = ALIGN (0x4)
 *fill*         0x08006aed        0x3 

.ARM.extab      0x08006af0        0x0
                0x08006af0                        . = ALIGN (0x4)
 *(.ARM.extab* .gnu.linkonce.armextab.*)
                0x08006af0                        . = ALIGN (0x4)

.ARM            0x08006af0        0x0
                0x08006af0                        . = ALIGN (0x4)
                0x08006af0                        __exidx_start = .
 *(.ARM.exidx*)
                0x08006af0                        __exidx_end = .
                0x08006af0                        . = ALIGN (0x4)

.preinit_array  0x08006af0        0x0
                0x08006af0                        . = ALIGN (0x4)
                0x08006af0                        PROVIDE (__preinit_array_start = .)
 *(.preinit_array*)
                0x08006af0                        PROVIDE (__preinit_array_end = .)
                0x08006af0                        . = ALIGN (0x4)

.init_array     0x08006af0        0x4
                0x08006af0                        . = ALIGN (0x4)
                0x08006af0                        PROVIDE (__init_array_start = .)
 *(SORT_BY_NAME(.init_array.*))
 *(.init_array*)
 .init_array    0x08006af0        0x4 C:/ST/STM32CubeIDE_1.16.0/STM32CubeIDE/plugins/com.st.stm32cube.ide.mcu.externaltools.gnu-tools-for-stm32.12.3.rel1.win32_1.1.0.202410251130/tools/bin/../lib/gcc/arm-none-eabi/12.3.1/thumb/v7-m/nofp/crtbegin.o
                0x08006af4                        PROVIDE (__init_array_end = .)
                0x08006af4                        . = ALIGN (0x4)

.fini_array     0x08006af4        0x4
                0x08006af4                        . = ALIGN (0x4)
                [!provide]                        PROVIDE (__fini_array_start = .)
 *(SORT_BY_NAME(.fini_array.*))
 *(.fini_array*)
 .fini_array    0x08006af4        0x4 C:/ST/STM32CubeIDE_1.16.0/STM32CubeIDE/plugins/com.st.stm32cube.ide.mcu.externaltools.gnu-tools-for-stm32.12.3.rel1.win32_1.1.0.202410251130/tools/bin/../lib/gcc/arm-none-eabi/12.3.1/thumb/v7-m/nofp/crtbegin.o
                [!provide]                        PROVIDE (__fini_array_end = .)
                0x08006af8                        . = ALIGN (0x4)
                0x08006af8                        _sidata = LOADADDR (.data)

.rel.dyn        0x08006af8        0x0
 .rel.iplt      0x08006af8        0x0 C:/ST/STM32CubeIDE_1.16.0/STM32CubeIDE/plugins/com.st.stm32cube.ide.mcu.externaltools.gnu-tools-for-stm32.12.3.rel1.win32_1.1.0.202410251130/tools/bin/../lib/gcc/arm-none-eabi/12.3.1/thumb/v7-m/nofp/crtbegin.o

.data           0x20000000       0xa4 load address 0x08006af8
                0x20000000                        . = ALIGN (0x4)
                0x20000000                        _sdata = .
 *(.data)
 *(.data*)
 .data.SystemCoreClock
                0x20000000        0x4 ./Core/Src/system_stm32f1xx.o
                0x20000000                SystemCoreClock
 .data.p_sys    0x20000004        0x4 ./Core/app/src/app.o
                0x20000004                p_sys
 .data.p_app    0x20000008        0x4 ./Core/app/src/app.o
                0x20000008                p_app
 .data.p_task_actuator
                0x2000000c        0x4 ./Core/app/src/task_actuator.o
                0x2000000c                p_task_actuator
 .data.p_task_actuator_
                0x20000010        0x4 ./Core/app/src/task_actuator.o
                0x20000010                p_task_actuator_
 .data.first_sample
                0x20000014        0x4 ./Core/app/src/task_adc.o
                0x20000014                first_sample
 .data.p_task_adc
                0x20000018        0x4 ./Core/app/src/task_adc.o
                0x20000018                p_task_adc
 .data.p_task_sensor
                0x2000001c        0x4 ./Core/app/src/task_sensor.o
                0x2000001c                p_task_sensor
 .data.p_task_sensor_
                0x20000020        0x4 ./Core/app/src/task_sensor.o
                0x20000020                p_task_sensor_
 .data.p_task_menu
                0x20000024        0x4 ./Core/app/src/task_setup.o
                0x20000024                p_task_menu
 .data.p_task_menu_
                0x20000028        0x4 ./Core/app/src/task_setup.o
                0x20000028                p_task_menu_
 .data.task_system_dta
                0x2000002c        0xa ./Core/app/src/task_system.o
                0x2000002c                task_system_dta
 *fill*         0x20000036        0x2 
 .data.p_task_system
                0x20000038        0x4 ./Core/app/src/task_system.o
                0x20000038                p_task_system
 .data.p_task_system_
                0x2000003c        0x4 ./Core/app/src/task_system.o
                0x2000003c                p_task_system_
 .data.uwTickPrio
                0x20000040        0x4 ./Drivers/STM32F1xx_HAL_Driver/Src/stm32f1xx_hal.o
                0x20000040                uwTickPrio
 .data.uwTickFreq
                0x20000044        0x1 ./Drivers/STM32F1xx_HAL_Driver/Src/stm32f1xx_hal.o
                0x20000044                uwTickFreq
 *fill*         0x20000045        0x3 
 .data.__sglue  0x20000048        0xc C:/ST/STM32CubeIDE_1.16.0/STM32CubeIDE/plugins/com.st.stm32cube.ide.mcu.externaltools.gnu-tools-for-stm32.12.3.rel1.win32_1.1.0.202410251130/tools/bin/../lib/gcc/arm-none-eabi/12.3.1/../../../../arm-none-eabi/lib/thumb/v7-m/nofp\libc_nano.a(libc_a-findfp.o)
                0x20000048                __sglue
 .data._impure_ptr
                0x20000054        0x4 C:/ST/STM32CubeIDE_1.16.0/STM32CubeIDE/plugins/com.st.stm32cube.ide.mcu.externaltools.gnu-tools-for-stm32.12.3.rel1.win32_1.1.0.202410251130/tools/bin/../lib/gcc/arm-none-eabi/12.3.1/../../../../arm-none-eabi/lib/thumb/v7-m/nofp\libc_nano.a(libc_a-impure.o)
                0x20000054                _impure_ptr
 .data._impure_data
                0x20000058       0x4c C:/ST/STM32CubeIDE_1.16.0/STM32CubeIDE/plugins/com.st.stm32cube.ide.mcu.externaltools.gnu-tools-for-stm32.12.3.rel1.win32_1.1.0.202410251130/tools/bin/../lib/gcc/arm-none-eabi/12.3.1/../../../../arm-none-eabi/lib/thumb/v7-m/nofp\libc_nano.a(libc_a-impure.o)
                0x20000058                _impure_data
 *(.RamFunc)
 *(.RamFunc*)
                0x200000a4                        . = ALIGN (0x4)
                0x200000a4                        _edata = .

.igot.plt       0x200000a4        0x0 load address 0x08006b9c
 .igot.plt      0x200000a4        0x0 C:/ST/STM32CubeIDE_1.16.0/STM32CubeIDE/plugins/com.st.stm32cube.ide.mcu.externaltools.gnu-tools-for-stm32.12.3.rel1.win32_1.1.0.202410251130/tools/bin/../lib/gcc/arm-none-eabi/12.3.1/thumb/v7-m/nofp/crtbegin.o
                0x200000a4                        . = ALIGN (0x4)

.bss            0x200000a4      0x43c load address 0x08006b9c
                0x200000a4                        _sbss = .
                0x200000a4                        __bss_start__ = _sbss
 *(.bss)
 .bss           0x200000a4       0x1c C:/ST/STM32CubeIDE_1.16.0/STM32CubeIDE/plugins/com.st.stm32cube.ide.mcu.externaltools.gnu-tools-for-stm32.12.3.rel1.win32_1.1.0.202410251130/tools/bin/../lib/gcc/arm-none-eabi/12.3.1/thumb/v7-m/nofp/crtbegin.o
 *(.bss*)
 .bss.hadc1     0x200000c0       0x30 ./Core/Src/main.o
                0x200000c0                hadc1
 .bss.hdma_adc1
                0x200000f0       0x44 ./Core/Src/main.o
                0x200000f0                hdma_adc1
 .bss.huart2    0x20000134       0x48 ./Core/Src/main.o
                0x20000134                huart2
 .bss.__sbrk_heap_end
                0x2000017c        0x4 ./Core/Src/sysmem.o
 .bss.g_app_cnt
                0x20000180        0x4 ./Core/app/src/app.o
                0x20000180                g_app_cnt
 .bss.g_app_time_us
                0x20000184        0x4 ./Core/app/src/app.o
                0x20000184                g_app_time_us
 .bss.g_app_tick_cnt
                0x20000188        0x4 ./Core/app/src/app.o
                0x20000188                g_app_tick_cnt
 .bss.task_dta_list
                0x2000018c       0x14 ./Core/app/src/app.o
                0x2000018c                task_dta_list
 .bss.display   0x200001a0        0x1 ./Core/app/src/display.o
 *fill*         0x200001a1        0x3 
 .bss.pcf8574   0x200001a4       0x10 ./Core/app/src/display.o
 .bss.initial8BitCommunicationIsCompleted
                0x200001b4        0x1 ./Core/app/src/display.o
 *fill*         0x200001b5        0x3 
 .bss.logger_msg_buffer_
                0x200001b8       0x40 ./Core/app/src/logger.o
 .bss.logger_msg_len
                0x200001f8        0x4 ./Core/app/src/logger.o
                0x200001f8                logger_msg_len
 .bss.task_actuator_dta_list
                0x200001fc       0x30 ./Core/app/src/task_actuator.o
                0x200001fc                task_actuator_dta_list
 .bss.g_task_actuator_cnt
                0x2000022c        0x4 ./Core/app/src/task_actuator.o
                0x2000022c                g_task_actuator_cnt
 .bss.g_task_actuator_tick_cnt
                0x20000230        0x4 ./Core/app/src/task_actuator.o
                0x20000230                g_task_actuator_tick_cnt
 .bss.averaged_temp_amb
                0x20000234        0x4 ./Core/app/src/task_adc.o
                0x20000234                averaged_temp_amb
 .bss.averaged_temp_uC
                0x20000238        0x4 ./Core/app/src/task_adc.o
                0x20000238                averaged_temp_uC
 .bss.sample_cnt
                0x2000023c        0x4 ./Core/app/src/task_adc.o
                0x2000023c                sample_cnt
 .bss.ADC_VAL   0x20000240        0x8 ./Core/app/src/task_adc.o
                0x20000240                ADC_VAL
 .bss.sample_to_take
                0x20000248        0x1 ./Core/app/src/task_adc.o
                0x20000248                sample_to_take
 *fill*         0x20000249        0x3 
 .bss.queue_task_adc
                0x2000024c       0x84 ./Core/app/src/task_adc_interface.o
                0x2000024c                queue_task_adc
 .bss.task_sensor_dta_list
                0x200002d0       0x38 ./Core/app/src/task_sensor.o
                0x200002d0                task_sensor_dta_list
 .bss.g_task_sensor_cnt
                0x20000308        0x4 ./Core/app/src/task_sensor.o
                0x20000308                g_task_sensor_cnt
 .bss.g_task_sensor_tick_cnt
                0x2000030c        0x4 ./Core/app/src/task_sensor.o
                0x2000030c                g_task_sensor_tick_cnt
 .bss.task_setup_dta
                0x20000310        0x8 ./Core/app/src/task_setup.o
                0x20000310                task_setup_dta
 .bss.g_task_menu_cnt
                0x20000318        0x4 ./Core/app/src/task_setup.o
                0x20000318                g_task_menu_cnt
 .bss.g_task_menu_tick_cnt
                0x2000031c        0x4 ./Core/app/src/task_setup.o
                0x2000031c                g_task_menu_tick_cnt
 .bss.queue_task_a
                0x20000320       0x2c ./Core/app/src/task_setup_interface.o
                0x20000320                queue_task_a
 .bss.g_task_system_cnt
                0x2000034c        0x4 ./Core/app/src/task_system.o
                0x2000034c                g_task_system_cnt
 .bss.g_task_system_tick_cnt
                0x20000350        0x4 ./Core/app/src/task_system.o
                0x20000350                g_task_system_tick_cnt
 .bss.temp_amb_raw
                0x20000354        0x4 ./Core/app/src/task_system.o
                0x20000354                temp_amb_raw
 .bss.temp_uC_raw
                0x20000358        0x4 ./Core/app/src/task_system.o
                0x20000358                temp_uC_raw
 .bss.temp_amb  0x2000035c        0x4 ./Core/app/src/task_system.o
                0x2000035c                temp_amb
 .bss.temp_uC   0x20000360        0x4 ./Core/app/src/task_system.o
                0x20000360                temp_uC
 .bss.queue_task_sys
                0x20000364       0x2c ./Core/app/src/task_system_interface.o
                0x20000364                queue_task_sys
 .bss.uwTick    0x20000390        0x4 ./Drivers/STM32F1xx_HAL_Driver/Src/stm32f1xx_hal.o
                0x20000390                uwTick
 .bss.__sf      0x20000394      0x138 C:/ST/STM32CubeIDE_1.16.0/STM32CubeIDE/plugins/com.st.stm32cube.ide.mcu.externaltools.gnu-tools-for-stm32.12.3.rel1.win32_1.1.0.202410251130/tools/bin/../lib/gcc/arm-none-eabi/12.3.1/../../../../arm-none-eabi/lib/thumb/v7-m/nofp\libc_nano.a(libc_a-findfp.o)
                0x20000394                __sf
 .bss.__stdio_exit_handler
                0x200004cc        0x4 C:/ST/STM32CubeIDE_1.16.0/STM32CubeIDE/plugins/com.st.stm32cube.ide.mcu.externaltools.gnu-tools-for-stm32.12.3.rel1.win32_1.1.0.202410251130/tools/bin/../lib/gcc/arm-none-eabi/12.3.1/../../../../arm-none-eabi/lib/thumb/v7-m/nofp\libc_nano.a(libc_a-findfp.o)
                0x200004cc                __stdio_exit_handler
 .bss.errno     0x200004d0        0x4 C:/ST/STM32CubeIDE_1.16.0/STM32CubeIDE/plugins/com.st.stm32cube.ide.mcu.externaltools.gnu-tools-for-stm32.12.3.rel1.win32_1.1.0.202410251130/tools/bin/../lib/gcc/arm-none-eabi/12.3.1/../../../../arm-none-eabi/lib/thumb/v7-m/nofp\libc_nano.a(libc_a-reent.o)
                0x200004d0                errno
 .bss.__lock___malloc_recursive_mutex
                0x200004d4        0x1 C:/ST/STM32CubeIDE_1.16.0/STM32CubeIDE/plugins/com.st.stm32cube.ide.mcu.externaltools.gnu-tools-for-stm32.12.3.rel1.win32_1.1.0.202410251130/tools/bin/../lib/gcc/arm-none-eabi/12.3.1/../../../../arm-none-eabi/lib/thumb/v7-m/nofp\libc_nano.a(libc_a-lock.o)
                0x200004d4                __lock___malloc_recursive_mutex
 .bss.__lock___sfp_recursive_mutex
                0x200004d5        0x1 C:/ST/STM32CubeIDE_1.16.0/STM32CubeIDE/plugins/com.st.stm32cube.ide.mcu.externaltools.gnu-tools-for-stm32.12.3.rel1.win32_1.1.0.202410251130/tools/bin/../lib/gcc/arm-none-eabi/12.3.1/../../../../arm-none-eabi/lib/thumb/v7-m/nofp\libc_nano.a(libc_a-lock.o)
                0x200004d5                __lock___sfp_recursive_mutex
 *fill*         0x200004d6        0x2 
 .bss.__malloc_sbrk_start
                0x200004d8        0x4 C:/ST/STM32CubeIDE_1.16.0/STM32CubeIDE/plugins/com.st.stm32cube.ide.mcu.externaltools.gnu-tools-for-stm32.12.3.rel1.win32_1.1.0.202410251130/tools/bin/../lib/gcc/arm-none-eabi/12.3.1/../../../../arm-none-eabi/lib/thumb/v7-m/nofp\libc_nano.a(libc_a-mallocr.o)
                0x200004d8                __malloc_sbrk_start
 .bss.__malloc_free_list
                0x200004dc        0x4 C:/ST/STM32CubeIDE_1.16.0/STM32CubeIDE/plugins/com.st.stm32cube.ide.mcu.externaltools.gnu-tools-for-stm32.12.3.rel1.win32_1.1.0.202410251130/tools/bin/../lib/gcc/arm-none-eabi/12.3.1/../../../../arm-none-eabi/lib/thumb/v7-m/nofp\libc_nano.a(libc_a-mallocr.o)
                0x200004dc                __malloc_free_list
 *(COMMON)
                0x200004e0                        . = ALIGN (0x4)
                0x200004e0                        _ebss = .
                0x200004e0                        __bss_end__ = _ebss

._user_heap_stack
                0x200004e0      0x600 load address 0x08006b9c
                0x200004e0                        . = ALIGN (0x8)
                [!provide]                        PROVIDE (end = .)
                0x200004e0                        PROVIDE (_end = .)
                0x200006e0                        . = (. + _Min_Heap_Size)
 *fill*         0x200004e0      0x200 
                0x20000ae0                        . = (. + _Min_Stack_Size)
 *fill*         0x200006e0      0x400 
                0x20000ae0                        . = ALIGN (0x8)

/DISCARD/
 libc.a(*)
 libm.a(*)
 libgcc.a(*)

.ARM.attributes
                0x00000000       0x29
 *(.ARM.attributes)
 .ARM.attributes
                0x00000000       0x1d C:/ST/STM32CubeIDE_1.16.0/STM32CubeIDE/plugins/com.st.stm32cube.ide.mcu.externaltools.gnu-tools-for-stm32.12.3.rel1.win32_1.1.0.202410251130/tools/bin/../lib/gcc/arm-none-eabi/12.3.1/thumb/v7-m/nofp/crti.o
 .ARM.attributes
                0x0000001d       0x2d C:/ST/STM32CubeIDE_1.16.0/STM32CubeIDE/plugins/com.st.stm32cube.ide.mcu.externaltools.gnu-tools-for-stm32.12.3.rel1.win32_1.1.0.202410251130/tools/bin/../lib/gcc/arm-none-eabi/12.3.1/thumb/v7-m/nofp/crtbegin.o
 .ARM.attributes
                0x0000004a       0x2d ./Core/Src/main.o
 .ARM.attributes
                0x00000077       0x2d ./Core/Src/stm32f1xx_hal_msp.o
 .ARM.attributes
                0x000000a4       0x2d ./Core/Src/stm32f1xx_it.o
 .ARM.attributes
                0x000000d1       0x2d ./Core/Src/syscalls.o
 .ARM.attributes
                0x000000fe       0x2d ./Core/Src/sysmem.o
 .ARM.attributes
                0x0000012b       0x2d ./Core/Src/system_stm32f1xx.o
 .ARM.attributes
                0x00000158       0x2d ./Core/app/src/app.o
 .ARM.attributes
                0x00000185       0x2d ./Core/app/src/display.o
 .ARM.attributes
                0x000001b2       0x2d ./Core/app/src/logger.o
 .ARM.attributes
                0x000001df       0x2d ./Core/app/src/task_actuator.o
 .ARM.attributes
                0x0000020c       0x2d ./Core/app/src/task_actuator_interface.o
 .ARM.attributes
                0x00000239       0x2d ./Core/app/src/task_adc.o
 .ARM.attributes
                0x00000266       0x2d ./Core/app/src/task_adc_interface.o
 .ARM.attributes
                0x00000293       0x2d ./Core/app/src/task_sensor.o
 .ARM.attributes
                0x000002c0       0x2d ./Core/app/src/task_setup.o
 .ARM.attributes
                0x000002ed       0x2d ./Core/app/src/task_setup_interface.o
 .ARM.attributes
                0x0000031a       0x2d ./Core/app/src/task_system.o
 .ARM.attributes
                0x00000347       0x2d ./Core/app/src/task_system_interface.o
 .ARM.attributes
                0x00000374       0x21 ./Core/startup/startup_stm32f103rbtx.o
 .ARM.attributes
                0x00000395       0x2d ./Drivers/STM32F1xx_HAL_Driver/Src/stm32f1xx_hal.o
 .ARM.attributes
                0x000003c2       0x2d ./Drivers/STM32F1xx_HAL_Driver/Src/stm32f1xx_hal_adc.o
 .ARM.attributes
                0x000003ef       0x2d ./Drivers/STM32F1xx_HAL_Driver/Src/stm32f1xx_hal_adc_ex.o
 .ARM.attributes
                0x0000041c       0x2d ./Drivers/STM32F1xx_HAL_Driver/Src/stm32f1xx_hal_cortex.o
 .ARM.attributes
                0x00000449       0x2d ./Drivers/STM32F1xx_HAL_Driver/Src/stm32f1xx_hal_dma.o
 .ARM.attributes
                0x00000476       0x2d ./Drivers/STM32F1xx_HAL_Driver/Src/stm32f1xx_hal_gpio.o
 .ARM.attributes
                0x000004a3       0x2d ./Drivers/STM32F1xx_HAL_Driver/Src/stm32f1xx_hal_rcc.o
 .ARM.attributes
                0x000004d0       0x2d ./Drivers/STM32F1xx_HAL_Driver/Src/stm32f1xx_hal_rcc_ex.o
 .ARM.attributes
                0x000004fd       0x2d ./Drivers/STM32F1xx_HAL_Driver/Src/stm32f1xx_hal_uart.o
 .ARM.attributes
                0x0000052a       0x2d C:/ST/STM32CubeIDE_1.16.0/STM32CubeIDE/plugins/com.st.stm32cube.ide.mcu.externaltools.gnu-tools-for-stm32.12.3.rel1.win32_1.1.0.202410251130/tools/bin/../lib/gcc/arm-none-eabi/12.3.1/../../../../arm-none-eabi/lib/thumb/v7-m/nofp\libc_nano.a(libc_a-fflush.o)
 .ARM.attributes
                0x00000557       0x2d C:/ST/STM32CubeIDE_1.16.0/STM32CubeIDE/plugins/com.st.stm32cube.ide.mcu.externaltools.gnu-tools-for-stm32.12.3.rel1.win32_1.1.0.202410251130/tools/bin/../lib/gcc/arm-none-eabi/12.3.1/../../../../arm-none-eabi/lib/thumb/v7-m/nofp\libc_nano.a(libc_a-findfp.o)
 .ARM.attributes
                0x00000584       0x2d C:/ST/STM32CubeIDE_1.16.0/STM32CubeIDE/plugins/com.st.stm32cube.ide.mcu.externaltools.gnu-tools-for-stm32.12.3.rel1.win32_1.1.0.202410251130/tools/bin/../lib/gcc/arm-none-eabi/12.3.1/../../../../arm-none-eabi/lib/thumb/v7-m/nofp\libc_nano.a(libc_a-fwalk.o)
 .ARM.attributes
                0x000005b1       0x2d C:/ST/STM32CubeIDE_1.16.0/STM32CubeIDE/plugins/com.st.stm32cube.ide.mcu.externaltools.gnu-tools-for-stm32.12.3.rel1.win32_1.1.0.202410251130/tools/bin/../lib/gcc/arm-none-eabi/12.3.1/../../../../arm-none-eabi/lib/thumb/v7-m/nofp\libc_nano.a(libc_a-printf.o)
 .ARM.attributes
                0x000005de       0x2d C:/ST/STM32CubeIDE_1.16.0/STM32CubeIDE/plugins/com.st.stm32cube.ide.mcu.externaltools.gnu-tools-for-stm32.12.3.rel1.win32_1.1.0.202410251130/tools/bin/../lib/gcc/arm-none-eabi/12.3.1/../../../../arm-none-eabi/lib/thumb/v7-m/nofp\libc_nano.a(libc_a-snprintf.o)
 .ARM.attributes
                0x0000060b       0x2d C:/ST/STM32CubeIDE_1.16.0/STM32CubeIDE/plugins/com.st.stm32cube.ide.mcu.externaltools.gnu-tools-for-stm32.12.3.rel1.win32_1.1.0.202410251130/tools/bin/../lib/gcc/arm-none-eabi/12.3.1/../../../../arm-none-eabi/lib/thumb/v7-m/nofp\libc_nano.a(libc_a-stdio.o)
 .ARM.attributes
                0x00000638       0x2d C:/ST/STM32CubeIDE_1.16.0/STM32CubeIDE/plugins/com.st.stm32cube.ide.mcu.externaltools.gnu-tools-for-stm32.12.3.rel1.win32_1.1.0.202410251130/tools/bin/../lib/gcc/arm-none-eabi/12.3.1/../../../../arm-none-eabi/lib/thumb/v7-m/nofp\libc_nano.a(libc_a-memset.o)
 .ARM.attributes
                0x00000665       0x2d C:/ST/STM32CubeIDE_1.16.0/STM32CubeIDE/plugins/com.st.stm32cube.ide.mcu.externaltools.gnu-tools-for-stm32.12.3.rel1.win32_1.1.0.202410251130/tools/bin/../lib/gcc/arm-none-eabi/12.3.1/../../../../arm-none-eabi/lib/thumb/v7-m/nofp\libc_nano.a(libc_a-closer.o)
 .ARM.attributes
                0x00000692       0x2d C:/ST/STM32CubeIDE_1.16.0/STM32CubeIDE/plugins/com.st.stm32cube.ide.mcu.externaltools.gnu-tools-for-stm32.12.3.rel1.win32_1.1.0.202410251130/tools/bin/../lib/gcc/arm-none-eabi/12.3.1/../../../../arm-none-eabi/lib/thumb/v7-m/nofp\libc_nano.a(libc_a-reent.o)
 .ARM.attributes
                0x000006bf       0x2d C:/ST/STM32CubeIDE_1.16.0/STM32CubeIDE/plugins/com.st.stm32cube.ide.mcu.externaltools.gnu-tools-for-stm32.12.3.rel1.win32_1.1.0.202410251130/tools/bin/../lib/gcc/arm-none-eabi/12.3.1/../../../../arm-none-eabi/lib/thumb/v7-m/nofp\libc_nano.a(libc_a-impure.o)
 .ARM.attributes
                0x000006ec       0x2d C:/ST/STM32CubeIDE_1.16.0/STM32CubeIDE/plugins/com.st.stm32cube.ide.mcu.externaltools.gnu-tools-for-stm32.12.3.rel1.win32_1.1.0.202410251130/tools/bin/../lib/gcc/arm-none-eabi/12.3.1/../../../../arm-none-eabi/lib/thumb/v7-m/nofp\libc_nano.a(libc_a-lseekr.o)
 .ARM.attributes
                0x00000719       0x2d C:/ST/STM32CubeIDE_1.16.0/STM32CubeIDE/plugins/com.st.stm32cube.ide.mcu.externaltools.gnu-tools-for-stm32.12.3.rel1.win32_1.1.0.202410251130/tools/bin/../lib/gcc/arm-none-eabi/12.3.1/../../../../arm-none-eabi/lib/thumb/v7-m/nofp\libc_nano.a(libc_a-readr.o)
 .ARM.attributes
                0x00000746       0x2d C:/ST/STM32CubeIDE_1.16.0/STM32CubeIDE/plugins/com.st.stm32cube.ide.mcu.externaltools.gnu-tools-for-stm32.12.3.rel1.win32_1.1.0.202410251130/tools/bin/../lib/gcc/arm-none-eabi/12.3.1/../../../../arm-none-eabi/lib/thumb/v7-m/nofp\libc_nano.a(libc_a-writer.o)
 .ARM.attributes
                0x00000773       0x2d C:/ST/STM32CubeIDE_1.16.0/STM32CubeIDE/plugins/com.st.stm32cube.ide.mcu.externaltools.gnu-tools-for-stm32.12.3.rel1.win32_1.1.0.202410251130/tools/bin/../lib/gcc/arm-none-eabi/12.3.1/../../../../arm-none-eabi/lib/thumb/v7-m/nofp\libc_nano.a(libc_a-errno.o)
 .ARM.attributes
                0x000007a0       0x2d C:/ST/STM32CubeIDE_1.16.0/STM32CubeIDE/plugins/com.st.stm32cube.ide.mcu.externaltools.gnu-tools-for-stm32.12.3.rel1.win32_1.1.0.202410251130/tools/bin/../lib/gcc/arm-none-eabi/12.3.1/../../../../arm-none-eabi/lib/thumb/v7-m/nofp\libc_nano.a(libc_a-init.o)
 .ARM.attributes
                0x000007cd       0x2d C:/ST/STM32CubeIDE_1.16.0/STM32CubeIDE/plugins/com.st.stm32cube.ide.mcu.externaltools.gnu-tools-for-stm32.12.3.rel1.win32_1.1.0.202410251130/tools/bin/../lib/gcc/arm-none-eabi/12.3.1/../../../../arm-none-eabi/lib/thumb/v7-m/nofp\libc_nano.a(libc_a-lock.o)
 .ARM.attributes
                0x000007fa       0x2d C:/ST/STM32CubeIDE_1.16.0/STM32CubeIDE/plugins/com.st.stm32cube.ide.mcu.externaltools.gnu-tools-for-stm32.12.3.rel1.win32_1.1.0.202410251130/tools/bin/../lib/gcc/arm-none-eabi/12.3.1/../../../../arm-none-eabi/lib/thumb/v7-m/nofp\libc_nano.a(libc_a-freer.o)
 .ARM.attributes
                0x00000827       0x2d C:/ST/STM32CubeIDE_1.16.0/STM32CubeIDE/plugins/com.st.stm32cube.ide.mcu.externaltools.gnu-tools-for-stm32.12.3.rel1.win32_1.1.0.202410251130/tools/bin/../lib/gcc/arm-none-eabi/12.3.1/../../../../arm-none-eabi/lib/thumb/v7-m/nofp\libc_nano.a(libc_a-mallocr.o)
 .ARM.attributes
                0x00000854       0x2d C:/ST/STM32CubeIDE_1.16.0/STM32CubeIDE/plugins/com.st.stm32cube.ide.mcu.externaltools.gnu-tools-for-stm32.12.3.rel1.win32_1.1.0.202410251130/tools/bin/../lib/gcc/arm-none-eabi/12.3.1/../../../../arm-none-eabi/lib/thumb/v7-m/nofp\libc_nano.a(libc_a-mlock.o)
 .ARM.attributes
                0x00000881       0x2d C:/ST/STM32CubeIDE_1.16.0/STM32CubeIDE/plugins/com.st.stm32cube.ide.mcu.externaltools.gnu-tools-for-stm32.12.3.rel1.win32_1.1.0.202410251130/tools/bin/../lib/gcc/arm-none-eabi/12.3.1/../../../../arm-none-eabi/lib/thumb/v7-m/nofp\libc_nano.a(libc_a-nano-svfprintf.o)
 .ARM.attributes
                0x000008ae       0x2d C:/ST/STM32CubeIDE_1.16.0/STM32CubeIDE/plugins/com.st.stm32cube.ide.mcu.externaltools.gnu-tools-for-stm32.12.3.rel1.win32_1.1.0.202410251130/tools/bin/../lib/gcc/arm-none-eabi/12.3.1/../../../../arm-none-eabi/lib/thumb/v7-m/nofp\libc_nano.a(libc_a-nano-vfprintf.o)
 .ARM.attributes
                0x000008db       0x2d C:/ST/STM32CubeIDE_1.16.0/STM32CubeIDE/plugins/com.st.stm32cube.ide.mcu.externaltools.gnu-tools-for-stm32.12.3.rel1.win32_1.1.0.202410251130/tools/bin/../lib/gcc/arm-none-eabi/12.3.1/../../../../arm-none-eabi/lib/thumb/v7-m/nofp\libc_nano.a(libc_a-nano-vfprintf_i.o)
 .ARM.attributes
                0x00000908       0x2d C:/ST/STM32CubeIDE_1.16.0/STM32CubeIDE/plugins/com.st.stm32cube.ide.mcu.externaltools.gnu-tools-for-stm32.12.3.rel1.win32_1.1.0.202410251130/tools/bin/../lib/gcc/arm-none-eabi/12.3.1/../../../../arm-none-eabi/lib/thumb/v7-m/nofp\libc_nano.a(libc_a-wbuf.o)
 .ARM.attributes
                0x00000935       0x2d C:/ST/STM32CubeIDE_1.16.0/STM32CubeIDE/plugins/com.st.stm32cube.ide.mcu.externaltools.gnu-tools-for-stm32.12.3.rel1.win32_1.1.0.202410251130/tools/bin/../lib/gcc/arm-none-eabi/12.3.1/../../../../arm-none-eabi/lib/thumb/v7-m/nofp\libc_nano.a(libc_a-wsetup.o)
 .ARM.attributes
                0x00000962       0x2d C:/ST/STM32CubeIDE_1.16.0/STM32CubeIDE/plugins/com.st.stm32cube.ide.mcu.externaltools.gnu-tools-for-stm32.12.3.rel1.win32_1.1.0.202410251130/tools/bin/../lib/gcc/arm-none-eabi/12.3.1/../../../../arm-none-eabi/lib/thumb/v7-m/nofp\libc_nano.a(libc_a-memmove.o)
 .ARM.attributes
                0x0000098f       0x2d C:/ST/STM32CubeIDE_1.16.0/STM32CubeIDE/plugins/com.st.stm32cube.ide.mcu.externaltools.gnu-tools-for-stm32.12.3.rel1.win32_1.1.0.202410251130/tools/bin/../lib/gcc/arm-none-eabi/12.3.1/../../../../arm-none-eabi/lib/thumb/v7-m/nofp\libc_nano.a(libc_a-sbrkr.o)
 .ARM.attributes
                0x000009bc       0x2d C:/ST/STM32CubeIDE_1.16.0/STM32CubeIDE/plugins/com.st.stm32cube.ide.mcu.externaltools.gnu-tools-for-stm32.12.3.rel1.win32_1.1.0.202410251130/tools/bin/../lib/gcc/arm-none-eabi/12.3.1/../../../../arm-none-eabi/lib/thumb/v7-m/nofp\libc_nano.a(libc_a-memchr-stub.o)
 .ARM.attributes
                0x000009e9       0x2d C:/ST/STM32CubeIDE_1.16.0/STM32CubeIDE/plugins/com.st.stm32cube.ide.mcu.externaltools.gnu-tools-for-stm32.12.3.rel1.win32_1.1.0.202410251130/tools/bin/../lib/gcc/arm-none-eabi/12.3.1/../../../../arm-none-eabi/lib/thumb/v7-m/nofp\libc_nano.a(libc_a-memcpy-stub.o)
 .ARM.attributes
                0x00000a16       0x2d C:/ST/STM32CubeIDE_1.16.0/STM32CubeIDE/plugins/com.st.stm32cube.ide.mcu.externaltools.gnu-tools-for-stm32.12.3.rel1.win32_1.1.0.202410251130/tools/bin/../lib/gcc/arm-none-eabi/12.3.1/../../../../arm-none-eabi/lib/thumb/v7-m/nofp\libc_nano.a(libc_a-reallocr.o)
 .ARM.attributes
                0x00000a43       0x2d C:/ST/STM32CubeIDE_1.16.0/STM32CubeIDE/plugins/com.st.stm32cube.ide.mcu.externaltools.gnu-tools-for-stm32.12.3.rel1.win32_1.1.0.202410251130/tools/bin/../lib/gcc/arm-none-eabi/12.3.1/../../../../arm-none-eabi/lib/thumb/v7-m/nofp\libc_nano.a(libc_a-makebuf.o)
 .ARM.attributes
                0x00000a70       0x2d C:/ST/STM32CubeIDE_1.16.0/STM32CubeIDE/plugins/com.st.stm32cube.ide.mcu.externaltools.gnu-tools-for-stm32.12.3.rel1.win32_1.1.0.202410251130/tools/bin/../lib/gcc/arm-none-eabi/12.3.1/../../../../arm-none-eabi/lib/thumb/v7-m/nofp\libc_nano.a(libc_a-fstatr.o)
 .ARM.attributes
                0x00000a9d       0x2d C:/ST/STM32CubeIDE_1.16.0/STM32CubeIDE/plugins/com.st.stm32cube.ide.mcu.externaltools.gnu-tools-for-stm32.12.3.rel1.win32_1.1.0.202410251130/tools/bin/../lib/gcc/arm-none-eabi/12.3.1/../../../../arm-none-eabi/lib/thumb/v7-m/nofp\libc_nano.a(libc_a-isattyr.o)
 .ARM.attributes
                0x00000aca       0x2d C:/ST/STM32CubeIDE_1.16.0/STM32CubeIDE/plugins/com.st.stm32cube.ide.mcu.externaltools.gnu-tools-for-stm32.12.3.rel1.win32_1.1.0.202410251130/tools/bin/../lib/gcc/arm-none-eabi/12.3.1/../../../../arm-none-eabi/lib/thumb/v7-m/nofp\libc_nano.a(libc_a-msizer.o)
 .ARM.attributes
                0x00000af7       0x1d C:/ST/STM32CubeIDE_1.16.0/STM32CubeIDE/plugins/com.st.stm32cube.ide.mcu.externaltools.gnu-tools-for-stm32.12.3.rel1.win32_1.1.0.202410251130/tools/bin/../lib/gcc/arm-none-eabi/12.3.1/thumb/v7-m/nofp\libgcc.a(_arm_addsubdf3.o)
 .ARM.attributes
                0x00000b14       0x1d C:/ST/STM32CubeIDE_1.16.0/STM32CubeIDE/plugins/com.st.stm32cube.ide.mcu.externaltools.gnu-tools-for-stm32.12.3.rel1.win32_1.1.0.202410251130/tools/bin/../lib/gcc/arm-none-eabi/12.3.1/thumb/v7-m/nofp\libgcc.a(_arm_muldivdf3.o)
 .ARM.attributes
                0x00000b31       0x1d C:/ST/STM32CubeIDE_1.16.0/STM32CubeIDE/plugins/com.st.stm32cube.ide.mcu.externaltools.gnu-tools-for-stm32.12.3.rel1.win32_1.1.0.202410251130/tools/bin/../lib/gcc/arm-none-eabi/12.3.1/thumb/v7-m/nofp\libgcc.a(_arm_fixunsdfsi.o)
 .ARM.attributes
                0x00000b4e       0x1d C:/ST/STM32CubeIDE_1.16.0/STM32CubeIDE/plugins/com.st.stm32cube.ide.mcu.externaltools.gnu-tools-for-stm32.12.3.rel1.win32_1.1.0.202410251130/tools/bin/../lib/gcc/arm-none-eabi/12.3.1/thumb/v7-m/nofp/crtn.o
OUTPUT(tdse-proyecto-final.elf elf32-littlearm)
LOAD linker stubs
LOAD C:/ST/STM32CubeIDE_1.16.0/STM32CubeIDE/plugins/com.st.stm32cube.ide.mcu.externaltools.gnu-tools-for-stm32.12.3.rel1.win32_1.1.0.202410251130/tools/bin/../lib/gcc/arm-none-eabi/12.3.1/../../../../arm-none-eabi/lib/thumb/v7-m/nofp\libc.a
LOAD C:/ST/STM32CubeIDE_1.16.0/STM32CubeIDE/plugins/com.st.stm32cube.ide.mcu.externaltools.gnu-tools-for-stm32.12.3.rel1.win32_1.1.0.202410251130/tools/bin/../lib/gcc/arm-none-eabi/12.3.1/../../../../arm-none-eabi/lib/thumb/v7-m/nofp\libm.a
LOAD C:/ST/STM32CubeIDE_1.16.0/STM32CubeIDE/plugins/com.st.stm32cube.ide.mcu.externaltools.gnu-tools-for-stm32.12.3.rel1.win32_1.1.0.202410251130/tools/bin/../lib/gcc/arm-none-eabi/12.3.1/thumb/v7-m/nofp\libgcc.a

.debug_info     0x00000000     0xcb93
 .debug_info    0x00000000      0xedb ./Core/Src/main.o
 .debug_info    0x00000edb      0xc9d ./Core/Src/stm32f1xx_hal_msp.o
 .debug_info    0x00001b78      0x5eb ./Core/Src/stm32f1xx_it.o
 .debug_info    0x00002163      0x6a3 ./Core/Src/syscalls.o
 .debug_info    0x00002806      0x168 ./Core/Src/sysmem.o
 .debug_info    0x0000296e      0x222 ./Core/Src/system_stm32f1xx.o
 .debug_info    0x00002b90      0x501 ./Core/app/src/app.o
 .debug_info    0x00003091      0x3b9 ./Core/app/src/display.o
 .debug_info    0x0000344a      0x797 ./Core/app/src/logger.o
 .debug_info    0x00003be1      0x4ab ./Core/app/src/task_actuator.o
 .debug_info    0x0000408c      0x1e0 ./Core/app/src/task_actuator_interface.o
 .debug_info    0x0000426c      0x6bc ./Core/app/src/task_adc.o
 .debug_info    0x00004928      0x17c ./Core/app/src/task_adc_interface.o
 .debug_info    0x00004aa4      0x51b ./Core/app/src/task_sensor.o
 .debug_info    0x00004fbf      0x517 ./Core/app/src/task_setup.o
 .debug_info    0x000054d6      0x1b7 ./Core/app/src/task_setup_interface.o
 .debug_info    0x0000568d      0x411 ./Core/app/src/task_system.o
 .debug_info    0x00005a9e      0x1db ./Core/app/src/task_system_interface.o
 .debug_info    0x00005c79       0x30 ./Core/startup/startup_stm32f103rbtx.o
 .debug_info    0x00005ca9      0x704 ./Drivers/STM32F1xx_HAL_Driver/Src/stm32f1xx_hal.o
 .debug_info    0x000063ad      0xc50 ./Drivers/STM32F1xx_HAL_Driver/Src/stm32f1xx_hal_adc.o
 .debug_info    0x00006ffd      0xa10 ./Drivers/STM32F1xx_HAL_Driver/Src/stm32f1xx_hal_adc_ex.o
 .debug_info    0x00007a0d      0xa87 ./Drivers/STM32F1xx_HAL_Driver/Src/stm32f1xx_hal_cortex.o
 .debug_info    0x00008494      0x6d2 ./Drivers/STM32F1xx_HAL_Driver/Src/stm32f1xx_hal_dma.o
 .debug_info    0x00008b66      0x5ab ./Drivers/STM32F1xx_HAL_Driver/Src/stm32f1xx_hal_gpio.o
 .debug_info    0x00009111      0x7d5 ./Drivers/STM32F1xx_HAL_Driver/Src/stm32f1xx_hal_rcc.o
 .debug_info    0x000098e6      0x3c0 ./Drivers/STM32F1xx_HAL_Driver/Src/stm32f1xx_hal_rcc_ex.o
 .debug_info    0x00009ca6     0x2eed ./Drivers/STM32F1xx_HAL_Driver/Src/stm32f1xx_hal_uart.o

.debug_abbrev   0x00000000     0x312c
 .debug_abbrev  0x00000000      0x28f ./Core/Src/main.o
 .debug_abbrev  0x0000028f      0x209 ./Core/Src/stm32f1xx_hal_msp.o
 .debug_abbrev  0x00000498      0x19a ./Core/Src/stm32f1xx_it.o
 .debug_abbrev  0x00000632      0x1b6 ./Core/Src/syscalls.o
 .debug_abbrev  0x000007e8       0xbc ./Core/Src/sysmem.o
 .debug_abbrev  0x000008a4      0x13f ./Core/Src/system_stm32f1xx.o
 .debug_abbrev  0x000009e3      0x1a1 ./Core/app/src/app.o
 .debug_abbrev  0x00000b84      0x1b7 ./Core/app/src/display.o
 .debug_abbrev  0x00000d3b      0x1c2 ./Core/app/src/logger.o
 .debug_abbrev  0x00000efd      0x1e7 ./Core/app/src/task_actuator.o
 .debug_abbrev  0x000010e4       0xe7 ./Core/app/src/task_actuator_interface.o
 .debug_abbrev  0x000011cb      0x1f6 ./Core/app/src/task_adc.o
 .debug_abbrev  0x000013c1      0x121 ./Core/app/src/task_adc_interface.o
 .debug_abbrev  0x000014e2      0x1e8 ./Core/app/src/task_sensor.o
 .debug_abbrev  0x000016ca      0x1c9 ./Core/app/src/task_setup.o
 .debug_abbrev  0x00001893      0x13e ./Core/app/src/task_setup_interface.o
 .debug_abbrev  0x000019d1      0x18a ./Core/app/src/task_system.o
 .debug_abbrev  0x00001b5b      0x13e ./Core/app/src/task_system_interface.o
 .debug_abbrev  0x00001c99       0x24 ./Core/startup/startup_stm32f103rbtx.o
 .debug_abbrev  0x00001cbd      0x201 ./Drivers/STM32F1xx_HAL_Driver/Src/stm32f1xx_hal.o
 .debug_abbrev  0x00001ebe      0x225 ./Drivers/STM32F1xx_HAL_Driver/Src/stm32f1xx_hal_adc.o
 .debug_abbrev  0x000020e3      0x249 ./Drivers/STM32F1xx_HAL_Driver/Src/stm32f1xx_hal_adc_ex.o
 .debug_abbrev  0x0000232c      0x2f8 ./Drivers/STM32F1xx_HAL_Driver/Src/stm32f1xx_hal_cortex.o
 .debug_abbrev  0x00002624      0x20b ./Drivers/STM32F1xx_HAL_Driver/Src/stm32f1xx_hal_dma.o
 .debug_abbrev  0x0000282f      0x1ca ./Drivers/STM32F1xx_HAL_Driver/Src/stm32f1xx_hal_gpio.o
 .debug_abbrev  0x000029f9      0x2b3 ./Drivers/STM32F1xx_HAL_Driver/Src/stm32f1xx_hal_rcc.o
 .debug_abbrev  0x00002cac      0x188 ./Drivers/STM32F1xx_HAL_Driver/Src/stm32f1xx_hal_rcc_ex.o
 .debug_abbrev  0x00002e34      0x2f8 ./Drivers/STM32F1xx_HAL_Driver/Src/stm32f1xx_hal_uart.o

.debug_aranges  0x00000000      0xb40
 .debug_aranges
                0x00000000       0x50 ./Core/Src/main.o
 .debug_aranges
                0x00000050       0x40 ./Core/Src/stm32f1xx_hal_msp.o
 .debug_aranges
                0x00000090       0x78 ./Core/Src/stm32f1xx_it.o
 .debug_aranges
                0x00000108       0xa8 ./Core/Src/syscalls.o
 .debug_aranges
                0x000001b0       0x20 ./Core/Src/sysmem.o
 .debug_aranges
                0x000001d0       0x28 ./Core/Src/system_stm32f1xx.o
 .debug_aranges
                0x000001f8       0x30 ./Core/app/src/app.o
 .debug_aranges
                0x00000228       0x48 ./Core/app/src/display.o
 .debug_aranges
                0x00000270       0x20 ./Core/app/src/logger.o
 .debug_aranges
                0x00000290       0x28 ./Core/app/src/task_actuator.o
 .debug_aranges
                0x000002b8       0x20 ./Core/app/src/task_actuator_interface.o
 .debug_aranges
                0x000002d8       0x30 ./Core/app/src/task_adc.o
 .debug_aranges
                0x00000308       0x38 ./Core/app/src/task_adc_interface.o
 .debug_aranges
                0x00000340       0x28 ./Core/app/src/task_sensor.o
 .debug_aranges
                0x00000368       0x28 ./Core/app/src/task_setup.o
 .debug_aranges
                0x00000390       0x38 ./Core/app/src/task_setup_interface.o
 .debug_aranges
                0x000003c8       0x28 ./Core/app/src/task_system.o
 .debug_aranges
                0x000003f0       0x38 ./Core/app/src/task_system_interface.o
 .debug_aranges
                0x00000428       0x28 ./Core/startup/startup_stm32f103rbtx.o
 .debug_aranges
                0x00000450       0xe0 ./Drivers/STM32F1xx_HAL_Driver/Src/stm32f1xx_hal.o
 .debug_aranges
                0x00000530       0xf0 ./Drivers/STM32F1xx_HAL_Driver/Src/stm32f1xx_hal_adc.o
 .debug_aranges
                0x00000620       0x80 ./Drivers/STM32F1xx_HAL_Driver/Src/stm32f1xx_hal_adc_ex.o
 .debug_aranges
                0x000006a0      0x100 ./Drivers/STM32F1xx_HAL_Driver/Src/stm32f1xx_hal_cortex.o
 .debug_aranges
                0x000007a0       0x80 ./Drivers/STM32F1xx_HAL_Driver/Src/stm32f1xx_hal_dma.o
 .debug_aranges
                0x00000820       0x58 ./Drivers/STM32F1xx_HAL_Driver/Src/stm32f1xx_hal_gpio.o
 .debug_aranges
                0x00000878       0x90 ./Drivers/STM32F1xx_HAL_Driver/Src/stm32f1xx_hal_rcc.o
 .debug_aranges
                0x00000908       0x30 ./Drivers/STM32F1xx_HAL_Driver/Src/stm32f1xx_hal_rcc_ex.o
 .debug_aranges
                0x00000938      0x208 ./Drivers/STM32F1xx_HAL_Driver/Src/stm32f1xx_hal_uart.o

.debug_rnglists
                0x00000000      0x85c
 .debug_rnglists
                0x00000000       0x3a ./Core/Src/main.o
 .debug_rnglists
                0x0000003a       0x2c ./Core/Src/stm32f1xx_hal_msp.o
 .debug_rnglists
                0x00000066       0x55 ./Core/Src/stm32f1xx_it.o
 .debug_rnglists
                0x000000bb       0x79 ./Core/Src/syscalls.o
 .debug_rnglists
                0x00000134       0x13 ./Core/Src/sysmem.o
 .debug_rnglists
                0x00000147       0x1a ./Core/Src/system_stm32f1xx.o
 .debug_rnglists
                0x00000161       0x21 ./Core/app/src/app.o
 .debug_rnglists
                0x00000182       0x35 ./Core/app/src/display.o
 .debug_rnglists
                0x000001b7       0x13 ./Core/app/src/logger.o
 .debug_rnglists
                0x000001ca       0x1b ./Core/app/src/task_actuator.o
 .debug_rnglists
                0x000001e5       0x13 ./Core/app/src/task_actuator_interface.o
 .debug_rnglists
                0x000001f8       0x20 ./Core/app/src/task_adc.o
 .debug_rnglists
                0x00000218       0x25 ./Core/app/src/task_adc_interface.o
 .debug_rnglists
                0x0000023d       0x1b ./Core/app/src/task_sensor.o
 .debug_rnglists
                0x00000258       0x1b ./Core/app/src/task_setup.o
 .debug_rnglists
                0x00000273       0x25 ./Core/app/src/task_setup_interface.o
 .debug_rnglists
                0x00000298       0x1b ./Core/app/src/task_system.o
 .debug_rnglists
                0x000002b3       0x25 ./Core/app/src/task_system_interface.o
 .debug_rnglists
                0x000002d8       0x19 ./Core/startup/startup_stm32f103rbtx.o
 .debug_rnglists
                0x000002f1       0xa3 ./Drivers/STM32F1xx_HAL_Driver/Src/stm32f1xx_hal.o
 .debug_rnglists
                0x00000394       0xbc ./Drivers/STM32F1xx_HAL_Driver/Src/stm32f1xx_hal_adc.o
 .debug_rnglists
                0x00000450       0x65 ./Drivers/STM32F1xx_HAL_Driver/Src/stm32f1xx_hal_adc_ex.o
 .debug_rnglists
                0x000004b5       0xbb ./Drivers/STM32F1xx_HAL_Driver/Src/stm32f1xx_hal_cortex.o
 .debug_rnglists
                0x00000570       0x64 ./Drivers/STM32F1xx_HAL_Driver/Src/stm32f1xx_hal_dma.o
 .debug_rnglists
                0x000005d4       0x3f ./Drivers/STM32F1xx_HAL_Driver/Src/stm32f1xx_hal_gpio.o
 .debug_rnglists
                0x00000613       0x6c ./Drivers/STM32F1xx_HAL_Driver/Src/stm32f1xx_hal_rcc.o
 .debug_rnglists
                0x0000067f       0x21 ./Drivers/STM32F1xx_HAL_Driver/Src/stm32f1xx_hal_rcc_ex.o
 .debug_rnglists
                0x000006a0      0x1bc ./Drivers/STM32F1xx_HAL_Driver/Src/stm32f1xx_hal_uart.o

.debug_macro    0x00000000    0x1affe
 .debug_macro   0x00000000      0x2ae ./Core/Src/main.o
 .debug_macro   0x000002ae      0xaa8 ./Core/Src/main.o
 .debug_macro   0x00000d56      0x221 ./Core/Src/main.o
 .debug_macro   0x00000f77       0x2e ./Core/Src/main.o
 .debug_macro   0x00000fa5       0x22 ./Core/Src/main.o
 .debug_macro   0x00000fc7       0x22 ./Core/Src/main.o
 .debug_macro   0x00000fe9       0x8e ./Core/Src/main.o
 .debug_macro   0x00001077       0x51 ./Core/Src/main.o
 .debug_macro   0x000010c8      0x103 ./Core/Src/main.o
 .debug_macro   0x000011cb       0x6a ./Core/Src/main.o
 .debug_macro   0x00001235      0x1df ./Core/Src/main.o
 .debug_macro   0x00001414       0x1c ./Core/Src/main.o
 .debug_macro   0x00001430       0x22 ./Core/Src/main.o
 .debug_macro   0x00001452       0xbd ./Core/Src/main.o
 .debug_macro   0x0000150f      0xd23 ./Core/Src/main.o
 .debug_macro   0x00002232     0xe09e ./Core/Src/main.o
 .debug_macro   0x000102d0       0x6d ./Core/Src/main.o
 .debug_macro   0x0001033d     0x34a2 ./Core/Src/main.o
 .debug_macro   0x000137df      0x189 ./Core/Src/main.o
 .debug_macro   0x00013968       0x5c ./Core/Src/main.o
 .debug_macro   0x000139c4      0x5bc ./Core/Src/main.o
 .debug_macro   0x00013f80      0x289 ./Core/Src/main.o
 .debug_macro   0x00014209      0x1cb ./Core/Src/main.o
 .debug_macro   0x000143d4      0x114 ./Core/Src/main.o
 .debug_macro   0x000144e8      0x1b2 ./Core/Src/main.o
 .debug_macro   0x0001469a       0x27 ./Core/Src/main.o
 .debug_macro   0x000146c1      0x136 ./Core/Src/main.o
 .debug_macro   0x000147f7      0x1bc ./Core/Src/main.o
 .debug_macro   0x000149b3       0x34 ./Core/Src/main.o
 .debug_macro   0x000149e7       0x3c ./Core/Src/main.o
 .debug_macro   0x00014a23       0x57 ./Core/Src/main.o
 .debug_macro   0x00014a7a      0x46a ./Core/Src/main.o
 .debug_macro   0x00014ee4      0x1b5 ./Core/Src/main.o
 .debug_macro   0x00015099       0x87 ./Core/Src/main.o