Archive member included to satisfy reference by file (symbol)

C:/ST/STM32CubeIDE_1.16.0/STM32CubeIDE/plugins/com.st.stm32cube.ide.mcu.externaltools.gnu-tools-for-stm32.12.3.rel1.win32_1.1.0.202410251130/tools/bin/../lib/gcc/arm-none-eabi/12.3.1/../../../../arm-none-eabi/lib/thumb/v7-m/nofp\libc_nano.a(libc_a-exit.o)
                              C:/ST/STM32CubeIDE_1.16.0/STM32CubeIDE/plugins/com.st.stm32cube.ide.mcu.externaltools.gnu-tools-for-stm32.12.3.rel1.win32_1.1.0.202410251130/tools/bin/../lib/gcc/arm-none-eabi/12.3.1/../../../../arm-none-eabi/lib/thumb/v7-m/nofp/crt0.o (exit)
C:/ST/STM32CubeIDE_1.16.0/STM32CubeIDE/plugins/com.st.stm32cube.ide.mcu.externaltools.gnu-tools-for-stm32.12.3.rel1.win32_1.1.0.202410251130/tools/bin/../lib/gcc/arm-none-eabi/12.3.1/../../../../arm-none-eabi/lib/thumb/v7-m/nofp\libc_nano.a(libc_a-fflush.o)
                              ./Core/app/src/logger.o (fflush)
C:/ST/STM32CubeIDE_1.16.0/STM32CubeIDE/plugins/com.st.stm32cube.ide.mcu.externaltools.gnu-tools-for-stm32.12.3.rel1.win32_1.1.0.202410251130/tools/bin/../lib/gcc/arm-none-eabi/12.3.1/../../../../arm-none-eabi/lib/thumb/v7-m/nofp\libc_nano.a(libc_a-findfp.o)
                              C:/ST/STM32CubeIDE_1.16.0/STM32CubeIDE/plugins/com.st.stm32cube.ide.mcu.externaltools.gnu-tools-for-stm32.12.3.rel1.win32_1.1.0.202410251130/tools/bin/../lib/gcc/arm-none-eabi/12.3.1/../../../../arm-none-eabi/lib/thumb/v7-m/nofp\libc_nano.a(libc_a-fflush.o) (__sglue)
C:/ST/STM32CubeIDE_1.16.0/STM32CubeIDE/plugins/com.st.stm32cube.ide.mcu.externaltools.gnu-tools-for-stm32.12.3.rel1.win32_1.1.0.202410251130/tools/bin/../lib/gcc/arm-none-eabi/12.3.1/../../../../arm-none-eabi/lib/thumb/v7-m/nofp\libc_nano.a(libc_a-fwalk.o)
                              C:/ST/STM32CubeIDE_1.16.0/STM32CubeIDE/plugins/com.st.stm32cube.ide.mcu.externaltools.gnu-tools-for-stm32.12.3.rel1.win32_1.1.0.202410251130/tools/bin/../lib/gcc/arm-none-eabi/12.3.1/../../../../arm-none-eabi/lib/thumb/v7-m/nofp\libc_nano.a(libc_a-fflush.o) (_fwalk_sglue)
C:/ST/STM32CubeIDE_1.16.0/STM32CubeIDE/plugins/com.st.stm32cube.ide.mcu.externaltools.gnu-tools-for-stm32.12.3.rel1.win32_1.1.0.202410251130/tools/bin/../lib/gcc/arm-none-eabi/12.3.1/../../../../arm-none-eabi/lib/thumb/v7-m/nofp\libc_nano.a(libc_a-printf.o)
                              ./Core/app/src/logger.o (printf)
C:/ST/STM32CubeIDE_1.16.0/STM32CubeIDE/plugins/com.st.stm32cube.ide.mcu.externaltools.gnu-tools-for-stm32.12.3.rel1.win32_1.1.0.202410251130/tools/bin/../lib/gcc/arm-none-eabi/12.3.1/../../../../arm-none-eabi/lib/thumb/v7-m/nofp\libc_nano.a(libc_a-snprintf.o)
                              ./Core/app/src/app.o (snprintf)
C:/ST/STM32CubeIDE_1.16.0/STM32CubeIDE/plugins/com.st.stm32cube.ide.mcu.externaltools.gnu-tools-for-stm32.12.3.rel1.win32_1.1.0.202410251130/tools/bin/../lib/gcc/arm-none-eabi/12.3.1/../../../../arm-none-eabi/lib/thumb/v7-m/nofp\libc_nano.a(libc_a-stdio.o)
                              C:/ST/STM32CubeIDE_1.16.0/STM32CubeIDE/plugins/com.st.stm32cube.ide.mcu.externaltools.gnu-tools-for-stm32.12.3.rel1.win32_1.1.0.202410251130/tools/bin/../lib/gcc/arm-none-eabi/12.3.1/../../../../arm-none-eabi/lib/thumb/v7-m/nofp\libc_nano.a(libc_a-findfp.o) (__sread)
C:/ST/STM32CubeIDE_1.16.0/STM32CubeIDE/plugins/com.st.stm32cube.ide.mcu.externaltools.gnu-tools-for-stm32.12.3.rel1.win32_1.1.0.202410251130/tools/bin/../lib/gcc/arm-none-eabi/12.3.1/../../../../arm-none-eabi/lib/thumb/v7-m/nofp\libc_nano.a(libc_a-memset.o)
                              C:/ST/STM32CubeIDE_1.16.0/STM32CubeIDE/plugins/com.st.stm32cube.ide.mcu.externaltools.gnu-tools-for-stm32.12.3.rel1.win32_1.1.0.202410251130/tools/bin/../lib/gcc/arm-none-eabi/12.3.1/../../../../arm-none-eabi/lib/thumb/v7-m/nofp/crt0.o (memset)
C:/ST/STM32CubeIDE_1.16.0/STM32CubeIDE/plugins/com.st.stm32cube.ide.mcu.externaltools.gnu-tools-for-stm32.12.3.rel1.win32_1.1.0.202410251130/tools/bin/../lib/gcc/arm-none-eabi/12.3.1/../../../../arm-none-eabi/lib/thumb/v7-m/nofp\libc_nano.a(libc_a-closer.o)
                              C:/ST/STM32CubeIDE_1.16.0/STM32CubeIDE/plugins/com.st.stm32cube.ide.mcu.externaltools.gnu-tools-for-stm32.12.3.rel1.win32_1.1.0.202410251130/tools/bin/../lib/gcc/arm-none-eabi/12.3.1/../../../../arm-none-eabi/lib/thumb/v7-m/nofp\libc_nano.a(libc_a-stdio.o) (_close_r)
C:/ST/STM32CubeIDE_1.16.0/STM32CubeIDE/plugins/com.st.stm32cube.ide.mcu.externaltools.gnu-tools-for-stm32.12.3.rel1.win32_1.1.0.202410251130/tools/bin/../lib/gcc/arm-none-eabi/12.3.1/../../../../arm-none-eabi/lib/thumb/v7-m/nofp\libc_nano.a(libc_a-reent.o)
                              C:/ST/STM32CubeIDE_1.16.0/STM32CubeIDE/plugins/com.st.stm32cube.ide.mcu.externaltools.gnu-tools-for-stm32.12.3.rel1.win32_1.1.0.202410251130/tools/bin/../lib/gcc/arm-none-eabi/12.3.1/../../../../arm-none-eabi/lib/thumb/v7-m/nofp\libc_nano.a(libc_a-closer.o) (errno)
[...]
Memory Configuration

Name             Origin             Length             Attributes
RAM              0x20000000         0x00005000         xrw
FLASH            0x08000000         0x00020000         xr
*default*        0x00000000         0xffffffff

Linker script and memory map

LOAD C:/ST/STM32CubeIDE_1.16.0/STM32CubeIDE/plugins/com.st.stm32cube.ide.mcu.externaltools.gnu-tools-for-stm32.12.3.rel1.win32_1.1.0.202410251130/tools/bin/../lib/gcc/arm-none-eabi/12.3.1/thumb/v7-m/nofp/crti.o
LOAD C:/ST/STM32CubeIDE_1.16.0/STM32CubeIDE/plugins/com.st.stm32cube.ide.mcu.externaltools.gnu-tools-for-stm32.12.3.rel1.win32_1.1.0.202410251130/tools/bin/../lib/gcc/arm-none-eabi/12.3.1/thumb/v7-m/nofp/crtbegin.o
LOAD C:/ST/STM32CubeIDE_1.16.0/STM32CubeIDE/plugins/com.st.stm32cube.ide.mcu.externaltools.gnu-tools-for-stm32.12.3.rel1.win32_1.1.0.202410251130/tools/bin/../lib/gcc/arm-none-eabi/12.3.1/../../../../arm-none-eabi/lib/thumb/v7-m/nofp/crt0.o
LOAD ./Core/Src/main.o
LOAD ./Core/Src/stm32f1xx_hal_msp.o
LOAD ./Core/Src/stm32f1xx_it.o
LOAD ./Core/Src/syscalls.o
LOAD ./Core/Src/sysmem.o
LOAD ./Core/Src/system_stm32f1xx.o
LOAD ./Core/app/src/app.o
LOAD ./Core/app/src/display.o
LOAD ./Core/app/src/logger.o
LOAD ./Core/app/src/task_actuator.o
LOAD ./Core/app/src/task_actuator_interface.o
LOAD ./Core/app/src/task_adc.o
LOAD ./Core/app/src/task_adc_interface.o
LOAD ./Core/app/src/task_sensor.o
LOAD ./Core/app/src/task_setup.o
LOAD ./Core/app/src/task_setup_interface.o
LOAD ./Core/app/src/task_system.o
LOAD ./Core/app/src/task_system_interface.o
LOAD ./Core/startup/startup_stm32f103rbtx.o
LOAD ./Drivers/STM32F1xx_HAL_Driver/Src/stm32f1xx_hal.o
LOAD ./Drivers/STM32F1xx_HAL_Driver/Src/stm32f1xx_hal_adc.o
LOAD ./Drivers/STM32F1xx_HAL_Driver/Src/stm32f1xx_hal_adc_ex.o
LOAD ./Drivers/STM32F1xx_HAL_Driver/Src/stm32f1xx_hal_cortex.o
LOAD ./Drivers/STM32F1xx_HAL_Driver/Src/stm32f1xx_hal_dma.o
LOAD ./Drivers/STM32F1xx_HAL_Driver/Src/stm32f1xx_hal_exti.o
LOAD ./Drivers/STM32F1xx_HAL_Driver/Src/stm32f1xx_hal_flash.o
LOAD ./Drivers/STM32F1xx_HAL_Driver/Src/stm32f1xx_hal_flash_ex.o
LOAD ./Drivers/STM32F1xx_HAL_Driver/Src/stm32f1xx_hal_gpio.o
LOAD ./Drivers/STM32F1xx_HAL_Driver/Src/stm32f1xx_hal_gpio_ex.o
LOAD ./Drivers/STM32F1xx_HAL_Driver/Src/stm32f1xx_hal_pwr.o
LOAD ./Drivers/STM32F1xx_HAL_Driver/Src/stm32f1xx_hal_rcc.o
LOAD ./Drivers/STM32F1xx_HAL_Driver/Src/stm32f1xx_hal_rcc_ex.o
LOAD ./Drivers/STM32F1xx_HAL_Driver/Src/stm32f1xx_hal_uart.o
START GROUP
LOAD C:/ST/STM32CubeIDE_1.16.0/STM32CubeIDE/plugins/com.st.stm32cube.ide.mcu.externaltools.gnu-tools-for-stm32.12.3.rel1.win32_1.1.0.202410251130/tools/bin/../lib/gcc/arm-none-eabi/12.3.1/../../../../arm-none-eabi/lib/thumb/v7-m/nofp\libc_nano.a
LOAD C:/ST/STM32CubeIDE_1.16.0/STM32CubeIDE/plugins/com.st.stm32cube.ide.mcu.externaltools.gnu-tools-for-stm32.12.3.rel1.win32_1.1.0.202410251130/tools/bin/../lib/gcc/arm-none-eabi/12.3.1/../../../../arm-none-eabi/lib/thumb/v7-m/nofp\libm.a
END GROUP
START GROUP
LOAD C:/ST/STM32CubeIDE_1.16.0/STM32CubeIDE/plugins/com.st.stm32cube.ide.mcu.externaltools.gnu-tools-for-stm32.12.3.rel1.win32_1.1.0.202410251130/tools/bin/../lib/gcc/arm-none-eabi/12.3.1/thumb/v7-m/nofp\libgcc.a
LOAD C:/ST/STM32CubeIDE_1.16.0/STM32CubeIDE/plugins/com.st.stm32cube.ide.mcu.externaltools.gnu-tools-for-stm32.12.3.rel1.win32_1.1.0.202410251130/tools/bin/../lib/gcc/arm-none-eabi/12.3.1/../../../../arm-none-eabi/lib/thumb/v7-m/nofp\libc_nano.a
END GROUP
START GROUP
LOAD C:/ST/STM32CubeIDE_1.16.0/STM32CubeIDE/plugins/com.st.stm32cube.ide.mcu.externaltools.gnu-tools-for-stm32.12.3.rel1.win32_1.1.0.202410251130/tools/bin/../lib/gcc/arm-none-eabi/12.3.1/thumb/v7-m/nofp\libgcc.a
LOAD C:/ST/STM32CubeIDE_1.16.0/STM32CubeIDE/plugins/com.st.stm32cube.ide.mcu.externaltools.gnu-tools-for-stm32.12.3.rel1.win32_1.1.0.202410251130/tools/bin/../lib/gcc/arm-none-eabi/12.3.1/../../../../arm-none-eabi/lib/thumb/v7-m/nofp\libc_nano.a
LOAD C:/ST/STM32CubeIDE_1.16.0/STM32CubeIDE/plugins/com.st.stm32cube.ide.mcu.externaltools.gnu-tools-for-stm32.12.3.rel1.win32_1.1.0.202410251130/tools/bin/../lib/gcc/arm-none-eabi/12.3.1/../../../../arm-none-eabi/lib/thumb/v7-m/nofp\libnosys.a
END GROUP
START GROUP
LOAD C:/ST/STM32CubeIDE_1.16.0/STM32CubeIDE/plugins/com.st.stm32cube.ide.mcu.externaltools.gnu-tools-for-stm32.12.3.rel1.win32_1.1.0.202410251130/tools/bin/../lib/gcc/arm-none-eabi/12.3.1/thumb/v7-m/nofp\libgcc.a
LOAD C:/ST/STM32CubeIDE_1.16.0/STM32CubeIDE/plugins/com.st.stm32cube.ide.mcu.externaltools.gnu-tools-for-stm32.12.3.rel1.win32_1.1.0.202410251130/tools/bin/../lib/gcc/arm-none-eabi/12.3.1/../../../../arm-none-eabi/lib/thumb/v7-m/nofp\libc_nano.a
LOAD C:/ST/STM32CubeIDE_1.16.0/STM32CubeIDE/plugins/com.st.stm32cube.ide.mcu.externaltools.gnu-tools-for-stm32.12.3.rel1.win32_1.1.0.202410251130/tools/bin/../lib/gcc/arm-none-eabi/12.3.1/../../../../arm-none-eabi/lib/thumb/v7-m/nofp\libnosys.a
END GROUP
LOAD C:/ST/STM32CubeIDE_1.16.0/STM32CubeIDE/plugins/com.st.stm32cube.ide.mcu.externaltools.gnu-tools-for-stm32.12.3.rel1.win32_1.1.0.202410251130/tools/bin/../lib/gcc/arm-none-eabi/12.3.1/thumb/v7-m/nofp/crtend.o
LOAD C:/ST/STM32CubeIDE_1.16.0/STM32CubeIDE/plugins/com.st.stm32cube.ide.mcu.externaltools.gnu-tools-for-stm32.12.3.rel1.win32_1.1.0.202410251130/tools/bin/../lib/gcc/arm-none-eabi/12.3.1/thumb/v7-m/nofp/crtn.o
                0x20005000                        _estack = (ORIGIN (RAM) + LENGTH (RAM))
                0x00000200                        _Min_Heap_Size = 0x200
                0x00000400                        _Min_Stack_Size = 0x400

.isr_vector     0x08000000      0x10c
                0x08000000                        . = ALIGN (0x4)
 *(.isr_vector)
 .isr_vector    0x08000000      0x10c ./Core/startup/startup_stm32f103rbtx.o
                0x08000000                g_pfnVectors
                0x0800010c                        . = ALIGN (0x4)

.text           0x08000110     0x630c
                0x08000110                        . = ALIGN (0x4)
 *(.text)
 .text          0x08000110       0x40 C:/ST/STM32CubeIDE_1.16.0/STM32CubeIDE/plugins/com.st.stm32cube.ide.mcu.externaltools.gnu-tools-for-stm32.12.3.rel1.win32_1.1.0.202410251130/tools/bin/../lib/gcc/arm-none-eabi/12.3.1/thumb/v7-m/nofp/crtbegin.o
 .text          0x08000150      0x378 C:/ST/STM32CubeIDE_1.16.0/STM32CubeIDE/plugins/com.st.stm32cube.ide.mcu.externaltools.gnu-tools-for-stm32.12.3.rel1.win32_1.1.0.202410251130/tools/bin/../lib/gcc/arm-none-eabi/12.3.1/thumb/v7-m/nofp\libgcc.a(_arm_addsubdf3.o)
                0x08000150                __aeabi_drsub
                0x08000158                __aeabi_dsub
                0x08000158                __subdf3
                0x0800015c                __aeabi_dadd
                0x0800015c                __adddf3
                0x080003d4                __floatunsidf
                0x080003d4                __aeabi_ui2d
                0x080003f4                __floatsidf
                0x080003f4                __aeabi_i2d
                0x08000418                __aeabi_f2d
                0x08000418                __extendsfdf2
                0x0800045c                __floatundidf
                0x0800045c                __aeabi_ul2d
                0x0800046c                __floatdidf
                0x0800046c                __aeabi_l2d
 .text          0x080004c8      0x424 C:/ST/STM32CubeIDE_1.16.0/STM32CubeIDE/plugins/com.st.stm32cube.ide.mcu.externaltools.gnu-tools-for-stm32.12.3.rel1.win32_1.1.0.202410251130/tools/bin/../lib/gcc/arm-none-eabi/12.3.1/thumb/v7-m/nofp\libgcc.a(_arm_muldivdf3.o)
                0x080004c8                __aeabi_dmul
                0x080004c8                __muldf3
                0x0800071c                __divdf3
                0x0800071c                __aeabi_ddiv
 .text          0x080008ec       0x40 C:/ST/STM32CubeIDE_1.16.0/STM32CubeIDE/plugins/com.st.stm32cube.ide.mcu.externaltools.gnu-tools-for-stm32.12.3.rel1.win32_1.1.0.202410251130/tools/bin/../lib/gcc/arm-none-eabi/12.3.1/thumb/v7-m/nofp\libgcc.a(_arm_fixunsdfsi.o)
                0x080008ec                __aeabi_d2uiz
                0x080008ec                __fixunsdfsi
 *(.text*)
 .text.main     0x0800092c       0x2a ./Core/Src/main.o
                0x0800092c                main
 .text.SystemClock_Config
                0x08000956       0xaa ./Core/Src/main.o
                0x08000956                SystemClock_Config
 .text.MX_ADC1_Init
                0x08000a00       0xa0 ./Core/Src/main.o
 .text.MX_USART2_UART_Init
                0x08000aa0       0x54 ./Core/Src/main.o
 .text.MX_DMA_Init
                0x08000af4       0x3c ./Core/Src/main.o
 .text.MX_GPIO_Init
                0x08000b30      0x168 ./Core/Src/main.o
 .text.Error_Handler
                0x08000c98        0xc ./Core/Src/main.o
                0x08000c98                Error_Handler
 .text.HAL_MspInit
                0x08000ca4       0x64 ./Core/Src/stm32f1xx_hal_msp.o
                0x08000ca4                HAL_MspInit
 .text.HAL_ADC_MspInit
                0x08000d08       0xe0 ./Core/Src/stm32f1xx_hal_msp.o
                0x08000d08                HAL_ADC_MspInit
 .text.HAL_UART_MspInit
                0x08000de8       0x7c ./Core/Src/stm32f1xx_hal_msp.o
                0x08000de8                HAL_UART_MspInit
 .text.NMI_Handler
                0x08000e64        0x8 ./Core/Src/stm32f1xx_it.o
                0x08000e64                NMI_Handler
 .text.HardFault_Handler
                0x08000e6c        0x8 ./Core/Src/stm32f1xx_it.o
                0x08000e6c                HardFault_Handler
 .text.MemManage_Handler
                0x08000e74        0x8 ./Core/Src/stm32f1xx_it.o
                0x08000e74                MemManage_Handler
 .text.BusFault_Handler
                0x08000e7c        0x8 ./Core/Src/stm32f1xx_it.o
                0x08000e7c                BusFault_Handler
 .text.UsageFault_Handler
                0x08000e84        0x8 ./Core/Src/stm32f1xx_it.o
                0x08000e84                UsageFault_Handler
 .text.SVC_Handler
                0x08000e8c        0xc ./Core/Src/stm32f1xx_it.o
                0x08000e8c                SVC_Handler
 .text.DebugMon_Handler
                0x08000e98        0xc ./Core/Src/stm32f1xx_it.o
                0x08000e98                DebugMon_Handler
 .text.PendSV_Handler
                0x08000ea4        0xc ./Core/Src/stm32f1xx_it.o
                0x08000ea4                PendSV_Handler
 .text.SysTick_Handler
                0x08000eb0       0x10 ./Core/Src/stm32f1xx_it.o
                0x08000eb0                SysTick_Handler
 .text.DMA1_Channel1_IRQHandler
                0x08000ec0       0x14 ./Core/Src/stm32f1xx_it.o
                0x08000ec0                DMA1_Channel1_IRQHandler
 .text.ADC1_2_IRQHandler
                0x08000ed4       0x14 ./Core/Src/stm32f1xx_it.o
                0x08000ed4                ADC1_2_IRQHandler
 .text.EXTI15_10_IRQHandler
                0x08000ee8       0x10 ./Core/Src/stm32f1xx_it.o
                0x08000ee8                EXTI15_10_IRQHandler
 .text.initialise_monitor_handles
                0x08000ef8        0xc ./Core/Src/syscalls.o
                0x08000ef8                initialise_monitor_handles
 .text._read    0x08000f04       0x3a ./Core/Src/syscalls.o
                0x08000f04                _read
 .text._write   0x08000f3e       0x38 ./Core/Src/syscalls.o
                0x08000f3e                _write
 .text._close   0x08000f76       0x16 ./Core/Src/syscalls.o
                0x08000f76                _close
 .text._fstat   0x08000f8c       0x1e ./Core/Src/syscalls.o
                0x08000f8c                _fstat
 .text._isatty  0x08000faa       0x14 ./Core/Src/syscalls.o
                0x08000faa                _isatty
 .text._lseek   0x08000fbe       0x18 ./Core/Src/syscalls.o
                0x08000fbe                _lseek
 *fill*         0x08000fd6        0x2 
 .text._sbrk    0x08000fd8       0x6c ./Core/Src/sysmem.o
                0x08000fd8                _sbrk
 .text.SystemInit
                0x08001044        0xc ./Core/Src/system_stm32f1xx.o
                0x08001044                SystemInit
 .text.app_init
                0x08001050      0x16c ./Core/app/src/app.o
                0x08001050                app_init
 .text.app_update
                0x080011bc       0xd0 ./Core/app/src/app.o
                0x080011bc                app_update
 .text.HAL_SYSTICK_Callback
                0x0800128c       0x54 ./Core/app/src/app.o
                0x0800128c                HAL_SYSTICK_Callback
 .text.displayInit
                0x080012e0       0xf8 ./Core/app/src/display.o
                0x080012e0                displayInit
 .text.displayCharPositionWrite
                0x080013d8       0xac ./Core/app/src/display.o
                0x080013d8                displayCharPositionWrite
 .text.displayStringWrite
                0x08001484       0x2c ./Core/app/src/display.o
                0x08001484                displayStringWrite
 .text.displayCodeWrite
                0x080014b0       0x46 ./Core/app/src/display.o
 *fill*         0x080014f6        0x2 
 .text.displayPinWrite
                0x080014f8      0x350 ./Core/app/src/display.o
 .text.displayDataBusWrite
                0x08001848      0x124 ./Core/app/src/display.o
 .text.logger_log_print_
                0x0800196c       0x28 ./Core/app/src/logger.o
                0x0800196c                logger_log_print_
 .text.task_actuator_init
                0x08001994      0x1e0 ./Core/app/src/task_actuator.o
                0x08001994                task_actuator_init
 .text.task_actuator_update
                0x08001b74      0x288 ./Core/app/src/task_actuator.o
                0x08001b74                task_actuator_update
 .text.put_event_task_actuator
                0x08001dfc       0x34 ./Core/app/src/task_actuator_interface.o
                0x08001dfc                put_event_task_actuator
 .text.task_adc_init
                0x08001e30       0x50 ./Core/app/src/task_adc.o
                0x08001e30                task_adc_init
 .text.task_adc_update
                0x08001e80      0x178 ./Core/app/src/task_adc.o
                0x08001e80                task_adc_update
 .text.HAL_ADC_ConvCpltCallback
                0x08001ff8       0x28 ./Core/app/src/task_adc.o
                0x08001ff8                HAL_ADC_ConvCpltCallback
 .text.init_queue_value_task_adc
                0x08002020       0x48 ./Core/app/src/task_adc_interface.o
                0x08002020                init_queue_value_task_adc
 .text.put_value_task_adc
                0x08002068       0x58 ./Core/app/src/task_adc_interface.o
                0x08002068                put_value_task_adc
 .text.get_value_task_adc
                0x080020c0       0x5c ./Core/app/src/task_adc_interface.o
                0x080020c0                get_value_task_adc
 .text.any_value_task_adc
                0x0800211c       0x20 ./Core/app/src/task_adc_interface.o
                0x0800211c                any_value_task_adc
 .text.task_sensor_init
                0x0800213c      0x174 ./Core/app/src/task_sensor.o
                0x0800213c                task_sensor_init
 .text.task_sensor_update
                0x080022b0      0x1a4 ./Core/app/src/task_sensor.o
                0x080022b0                task_sensor_update
 .text.task_setup_init
                0x08002454      0x180 ./Core/app/src/task_setup.o
                0x08002454                task_setup_init
 .text.task_setup_update
                0x080025d4      0x38c ./Core/app/src/task_setup.o
                0x080025d4                task_setup_update
 .text.init_queue_event_task_setup
                0x08002960       0x48 ./Core/app/src/task_setup_interface.o
                0x08002960                init_queue_event_task_setup
 .text.put_event_task_setup
                0x080029a8       0x44 ./Core/app/src/task_setup_interface.o
                0x080029a8                put_event_task_setup
 .text.get_event_task_setup
                0x080029ec       0x4c ./Core/app/src/task_setup_interface.o
                0x080029ec                get_event_task_setup
 .text.any_event_task_setup
                0x08002a38       0x24 ./Core/app/src/task_setup_interface.o
                0x08002a38                any_event_task_setup
 .text.task_system_init
                0x08002a5c      0x17c ./Core/app/src/task_system.o
                0x08002a5c                task_system_init
 .text.task_system_update
                0x08002bd8      0x54c ./Core/app/src/task_system.o
                0x08002bd8                task_system_update
 .text.init_queue_event_task_system
                0x08003124       0x48 ./Core/app/src/task_system_interface.o
                0x08003124                init_queue_event_task_system
 .text.put_event_task_system
                0x0800316c       0x44 ./Core/app/src/task_system_interface.o
                0x0800316c                put_event_task_system
 .text.get_event_task_system
                0x080031b0       0x4c ./Core/app/src/task_system_interface.o
                0x080031b0                get_event_task_system
 .text.any_event_task_system
                0x080031fc       0x24 ./Core/app/src/task_system_interface.o
                0x080031fc                any_event_task_system
 .text.Reset_Handler
                0x08003220       0x48 ./Core/startup/startup_stm32f103rbtx.o
                0x08003220                Reset_Handler
 .text.Default_Handler
                0x08003268        0x2 ./Core/startup/startup_stm32f103rbtx.o
                0x08003268                RTC_Alarm_IRQHandler
                0x08003268                EXTI2_IRQHandler
                0x08003268                TIM1_CC_IRQHandler
                0x08003268                PVD_IRQHandler
                0x08003268                EXTI3_IRQHandler
                0x08003268                EXTI0_IRQHandler
                0x08003268                I2C2_EV_IRQHandler
                0x08003268                SPI1_IRQHandler
                0x08003268                TAMPER_IRQHandler
                0x08003268                DMA1_Channel4_IRQHandler
                0x08003268                USART3_IRQHandler
                0x08003268                RTC_IRQHandler
                0x08003268                DMA1_Channel7_IRQHandler
                0x08003268                CAN1_RX1_IRQHandler
                0x08003268                TIM4_IRQHandler
                0x08003268                I2C1_EV_IRQHandler
                0x08003268                DMA1_Channel6_IRQHandler
                0x08003268                TIM3_IRQHandler
                0x08003268                RCC_IRQHandler
                0x08003268                TIM1_TRG_COM_IRQHandler
                0x08003268                Default_Handler
                0x08003268                EXTI9_5_IRQHandler
                0x08003268                SPI2_IRQHandler
                0x08003268                DMA1_Channel5_IRQHandler
                0x08003268                EXTI4_IRQHandler
                0x08003268                USB_LP_CAN1_RX0_IRQHandler
                0x08003268                USB_HP_CAN1_TX_IRQHandler
                0x08003268                DMA1_Channel3_IRQHandler
                0x08003268                TIM1_UP_IRQHandler
                0x08003268                WWDG_IRQHandler
                0x08003268                TIM2_IRQHandler
                0x08003268                TIM1_BRK_IRQHandler
                0x08003268                EXTI1_IRQHandler
                0x08003268                USART2_IRQHandler
                0x08003268                I2C2_ER_IRQHandler
                0x08003268                DMA1_Channel2_IRQHandler
                0x08003268                CAN1_SCE_IRQHandler
                0x08003268                FLASH_IRQHandler
                0x08003268                USART1_IRQHandler
                0x08003268                I2C1_ER_IRQHandler
                0x08003268                USBWakeUp_IRQHandler
 *fill*         0x0800326a        0x2 
 .text.HAL_Init
                0x0800326c       0x2c ./Drivers/STM32F1xx_HAL_Driver/Src/stm32f1xx_hal.o
                0x0800326c                HAL_Init
 .text.HAL_InitTick
                0x08003298       0x60 ./Drivers/STM32F1xx_HAL_Driver/Src/stm32f1xx_hal.o
                0x08003298                HAL_InitTick
 .text.HAL_IncTick
                0x080032f8       0x24 ./Drivers/STM32F1xx_HAL_Driver/Src/stm32f1xx_hal.o
                0x080032f8                HAL_IncTick
 .text.HAL_GetTick
                0x0800331c       0x14 ./Drivers/STM32F1xx_HAL_Driver/Src/stm32f1xx_hal.o
                0x0800331c                HAL_GetTick
 .text.HAL_Delay
                0x08003330       0x48 ./Drivers/STM32F1xx_HAL_Driver/Src/stm32f1xx_hal.o
                0x08003330                HAL_Delay
 .text.HAL_ADC_Init
                0x08003378      0x1b0 ./Drivers/STM32F1xx_HAL_Driver/Src/stm32f1xx_hal_adc.o
                0x08003378                HAL_ADC_Init
 .text.HAL_ADC_Start_DMA
                0x08003528      0x1bc ./Drivers/STM32F1xx_HAL_Driver/Src/stm32f1xx_hal_adc.o
                0x08003528                HAL_ADC_Start_DMA
 .text.HAL_ADC_IRQHandler
                0x080036e4      0x17e ./Drivers/STM32F1xx_HAL_Driver/Src/stm32f1xx_hal_adc.o
                0x080036e4                HAL_ADC_IRQHandler
 .text.HAL_ADC_ConvHalfCpltCallback
                0x08003862       0x12 ./Drivers/STM32F1xx_HAL_Driver/Src/stm32f1xx_hal_adc.o
                0x08003862                HAL_ADC_ConvHalfCpltCallback
 .text.HAL_ADC_LevelOutOfWindowCallback
                0x08003874       0x12 ./Drivers/STM32F1xx_HAL_Driver/Src/stm32f1xx_hal_adc.o
                0x08003874                HAL_ADC_LevelOutOfWindowCallback
 .text.HAL_ADC_ErrorCallback
                0x08003886       0x12 ./Drivers/STM32F1xx_HAL_Driver/Src/stm32f1xx_hal_adc.o
                0x08003886                HAL_ADC_ErrorCallback
 .text.HAL_ADC_ConfigChannel
                0x08003898      0x1f0 ./Drivers/STM32F1xx_HAL_Driver/Src/stm32f1xx_hal_adc.o
                0x08003898                HAL_ADC_ConfigChannel
 .text.ADC_Enable
                0x08003a88       0xb4 ./Drivers/STM32F1xx_HAL_Driver/Src/stm32f1xx_hal_adc.o
                0x08003a88                ADC_Enable
 .text.ADC_ConversionStop_Disable
                0x08003b3c       0x82 ./Drivers/STM32F1xx_HAL_Driver/Src/stm32f1xx_hal_adc.o
                0x08003b3c                ADC_ConversionStop_Disable
 .text.ADC_DMAConvCplt
                0x08003bbe       0x7c ./Drivers/STM32F1xx_HAL_Driver/Src/stm32f1xx_hal_adc.o
                0x08003bbe                ADC_DMAConvCplt
 .text.ADC_DMAHalfConvCplt
                0x08003c3a       0x1c ./Drivers/STM32F1xx_HAL_Driver/Src/stm32f1xx_hal_adc.o
                0x08003c3a                ADC_DMAHalfConvCplt
 .text.ADC_DMAError
                0x08003c56       0x34 ./Drivers/STM32F1xx_HAL_Driver/Src/stm32f1xx_hal_adc.o
                0x08003c56                ADC_DMAError
 .text.HAL_ADCEx_InjectedConvCpltCallback
                0x08003c8a       0x12 ./Drivers/STM32F1xx_HAL_Driver/Src/stm32f1xx_hal_adc_ex.o
                0x08003c8a                HAL_ADCEx_InjectedConvCpltCallback
 .text.__NVIC_SetPriorityGrouping
                0x08003c9c       0x48 ./Drivers/STM32F1xx_HAL_Driver/Src/stm32f1xx_hal_cortex.o
 .text.__NVIC_GetPriorityGrouping
                0x08003ce4       0x1c ./Drivers/STM32F1xx_HAL_Driver/Src/stm32f1xx_hal_cortex.o
 .text.__NVIC_EnableIRQ
                0x08003d00       0x38 ./Drivers/STM32F1xx_HAL_Driver/Src/stm32f1xx_hal_cortex.o
 .text.__NVIC_SetPriority
                0x08003d38       0x54 ./Drivers/STM32F1xx_HAL_Driver/Src/stm32f1xx_hal_cortex.o
 .text.NVIC_EncodePriority
                0x08003d8c       0x64 ./Drivers/STM32F1xx_HAL_Driver/Src/stm32f1xx_hal_cortex.o
 .text.SysTick_Config
                0x08003df0       0x44 ./Drivers/STM32F1xx_HAL_Driver/Src/stm32f1xx_hal_cortex.o
 .text.HAL_NVIC_SetPriorityGrouping
                0x08003e34       0x16 ./Drivers/STM32F1xx_HAL_Driver/Src/stm32f1xx_hal_cortex.o
                0x08003e34                HAL_NVIC_SetPriorityGrouping
 .text.HAL_NVIC_SetPriority
                0x08003e4a       0x38 ./Drivers/STM32F1xx_HAL_Driver/Src/stm32f1xx_hal_cortex.o
                0x08003e4a                HAL_NVIC_SetPriority
 .text.HAL_NVIC_EnableIRQ
                0x08003e82       0x1c ./Drivers/STM32F1xx_HAL_Driver/Src/stm32f1xx_hal_cortex.o
                0x08003e82                HAL_NVIC_EnableIRQ
 .text.HAL_SYSTICK_Config
                0x08003e9e       0x18 ./Drivers/STM32F1xx_HAL_Driver/Src/stm32f1xx_hal_cortex.o
                0x08003e9e                HAL_SYSTICK_Config
 .text.HAL_SYSTICK_IRQHandler
                0x08003eb6        0xc ./Drivers/STM32F1xx_HAL_Driver/Src/stm32f1xx_hal_cortex.o
                0x08003eb6                HAL_SYSTICK_IRQHandler
 *fill*         0x08003ec2        0x2 
 .text.HAL_DMA_Init
                0x08003ec4       0xb4 ./Drivers/STM32F1xx_HAL_Driver/Src/stm32f1xx_hal_dma.o
                0x08003ec4                HAL_DMA_Init
 .text.HAL_DMA_Start_IT
                0x08003f78       0xc0 ./Drivers/STM32F1xx_HAL_Driver/Src/stm32f1xx_hal_dma.o
                0x08003f78                HAL_DMA_Start_IT
 .text.HAL_DMA_IRQHandler
                0x08004038      0x20c ./Drivers/STM32F1xx_HAL_Driver/Src/stm32f1xx_hal_dma.o
                0x08004038                HAL_DMA_IRQHandler
 .text.DMA_SetConfig
                0x08004244       0x5a ./Drivers/STM32F1xx_HAL_Driver/Src/stm32f1xx_hal_dma.o
 *fill*         0x0800429e        0x2 
 .text.HAL_GPIO_Init
                0x080042a0      0x308 ./Drivers/STM32F1xx_HAL_Driver/Src/stm32f1xx_hal_gpio.o
                0x080042a0                HAL_GPIO_Init
 .text.HAL_GPIO_ReadPin
                0x080045a8       0x2e ./Drivers/STM32F1xx_HAL_Driver/Src/stm32f1xx_hal_gpio.o
                0x080045a8                HAL_GPIO_ReadPin
 .text.HAL_GPIO_WritePin
                0x080045d6       0x30 ./Drivers/STM32F1xx_HAL_Driver/Src/stm32f1xx_hal_gpio.o
                0x080045d6                HAL_GPIO_WritePin
 *fill*         0x08004606        0x2 
 .text.HAL_GPIO_EXTI_IRQHandler
                0x08004608       0x30 ./Drivers/STM32F1xx_HAL_Driver/Src/stm32f1xx_hal_gpio.o
                0x08004608                HAL_GPIO_EXTI_IRQHandler
 .text.HAL_GPIO_EXTI_Callback
                0x08004638       0x14 ./Drivers/STM32F1xx_HAL_Driver/Src/stm32f1xx_hal_gpio.o
                0x08004638                HAL_GPIO_EXTI_Callback
 .text.HAL_RCC_OscConfig
                0x0800464c      0x504 ./Drivers/STM32F1xx_HAL_Driver/Src/stm32f1xx_hal_rcc.o
                0x0800464c                HAL_RCC_OscConfig
 .text.HAL_RCC_ClockConfig
                0x08004b50      0x1d4 ./Drivers/STM32F1xx_HAL_Driver/Src/stm32f1xx_hal_rcc.o
                0x08004b50                HAL_RCC_ClockConfig
 .text.HAL_RCC_GetSysClockFreq
                0x08004d24       0xa8 ./Drivers/STM32F1xx_HAL_Driver/Src/stm32f1xx_hal_rcc.o
                0x08004d24                HAL_RCC_GetSysClockFreq
 .text.HAL_RCC_GetHCLKFreq
                0x08004dcc       0x14 ./Drivers/STM32F1xx_HAL_Driver/Src/stm32f1xx_hal_rcc.o
                0x08004dcc                HAL_RCC_GetHCLKFreq
 .text.HAL_RCC_GetPCLK1Freq
                0x08004de0       0x28 ./Drivers/STM32F1xx_HAL_Driver/Src/stm32f1xx_hal_rcc.o
                0x08004de0                HAL_RCC_GetPCLK1Freq
 .text.HAL_RCC_GetPCLK2Freq
                0x08004e08       0x28 ./Drivers/STM32F1xx_HAL_Driver/Src/stm32f1xx_hal_rcc.o
                0x08004e08                HAL_RCC_GetPCLK2Freq
 .text.RCC_Delay
                0x08004e30       0x3c ./Drivers/STM32F1xx_HAL_Driver/Src/stm32f1xx_hal_rcc.o
 .text.HAL_RCCEx_PeriphCLKConfig
                0x08004e6c      0x16c ./Drivers/STM32F1xx_HAL_Driver/Src/stm32f1xx_hal_rcc_ex.o
                0x08004e6c                HAL_RCCEx_PeriphCLKConfig
 .text.HAL_UART_Init
                0x08004fd8       0xa0 ./Drivers/STM32F1xx_HAL_Driver/Src/stm32f1xx_hal_uart.o
                0x08004fd8                HAL_UART_Init
 .text.UART_SetConfig
                0x08005078      0x11c ./Drivers/STM32F1xx_HAL_Driver/Src/stm32f1xx_hal_uart.o
 .text.__sflush_r
                0x08005194      0x100 C:/ST/STM32CubeIDE_1.16.0/STM32CubeIDE/plugins/com.st.stm32cube.ide.mcu.externaltools.gnu-tools-for-stm32.12.3.rel1.win32_1.1.0.202410251130/tools/bin/../lib/gcc/arm-none-eabi/12.3.1/../../../../arm-none-eabi/lib/thumb/v7-m/nofp\libc_nano.a(libc_a-fflush.o)
                0x08005194                __sflush_r
 .text._fflush_r
                0x08005294       0x50 C:/ST/STM32CubeIDE_1.16.0/STM32CubeIDE/plugins/com.st.stm32cube.ide.mcu.externaltools.gnu-tools-for-stm32.12.3.rel1.win32_1.1.0.202410251130/tools/bin/../lib/gcc/arm-none-eabi/12.3.1/../../../../arm-none-eabi/lib/thumb/v7-m/nofp\libc_nano.a(libc_a-fflush.o)
                0x08005294                _fflush_r
 .text.fflush   0x080052e4       0x28 C:/ST/STM32CubeIDE_1.16.0/STM32CubeIDE/plugins/com.st.stm32cube.ide.mcu.externaltools.gnu-tools-for-stm32.12.3.rel1.win32_1.1.0.202410251130/tools/bin/../lib/gcc/arm-none-eabi/12.3.1/../../../../arm-none-eabi/lib/thumb/v7-m/nofp\libc_nano.a(libc_a-fflush.o)
                0x080052e4                fflush
 .text.std      0x0800530c       0x6c C:/ST/STM32CubeIDE_1.16.0/STM32CubeIDE/plugins/com.st.stm32cube.ide.mcu.externaltools.gnu-tools-for-stm32.12.3.rel1.win32_1.1.0.202410251130/tools/bin/../lib/gcc/arm-none-eabi/12.3.1/../../../../arm-none-eabi/lib/thumb/v7-m/nofp\libc_nano.a(libc_a-findfp.o)
 .text.stdio_exit_handler
                0x08005378       0x18 C:/ST/STM32CubeIDE_1.16.0/STM32CubeIDE/plugins/com.st.stm32cube.ide.mcu.externaltools.gnu-tools-for-stm32.12.3.rel1.win32_1.1.0.202410251130/tools/bin/../lib/gcc/arm-none-eabi/12.3.1/../../../../arm-none-eabi/lib/thumb/v7-m/nofp\libc_nano.a(libc_a-findfp.o)
 .text.cleanup_stdio
                0x08005390       0x40 C:/ST/STM32CubeIDE_1.16.0/STM32CubeIDE/plugins/com.st.stm32cube.ide.mcu.externaltools.gnu-tools-for-stm32.12.3.rel1.win32_1.1.0.202410251130/tools/bin/../lib/gcc/arm-none-eabi/12.3.1/../../../../arm-none-eabi/lib/thumb/v7-m/nofp\libc_nano.a(libc_a-findfp.o)
 .text.global_stdio_init.part.0
                0x080053d0       0x3c C:/ST/STM32CubeIDE_1.16.0/STM32CubeIDE/plugins/com.st.stm32cube.ide.mcu.externaltools.gnu-tools-for-stm32.12.3.rel1.win32_1.1.0.202410251130/tools/bin/../lib/gcc/arm-none-eabi/12.3.1/../../../../arm-none-eabi/lib/thumb/v7-m/nofp\libc_nano.a(libc_a-findfp.o)
 .text.__sfp_lock_acquire
                0x0800540c        0xc C:/ST/STM32CubeIDE_1.16.0/STM32CubeIDE/plugins/com.st.stm32cube.ide.mcu.externaltools.gnu-tools-for-stm32.12.3.rel1.win32_1.1.0.202410251130/tools/bin/../lib/gcc/arm-none-eabi/12.3.1/../../../../arm-none-eabi/lib/thumb/v7-m/nofp\libc_nano.a(libc_a-findfp.o)
                0x0800540c                __sfp_lock_acquire
 .text.__sfp_lock_release
                0x08005418        0xc C:/ST/STM32CubeIDE_1.16.0/STM32CubeIDE/plugins/com.st.stm32cube.ide.mcu.externaltools.gnu-tools-for-stm32.12.3.rel1.win32_1.1.0.202410251130/tools/bin/../lib/gcc/arm-none-eabi/12.3.1/../../../../arm-none-eabi/lib/thumb/v7-m/nofp\libc_nano.a(libc_a-findfp.o)
                0x08005418                __sfp_lock_release
 .text.__sinit  0x08005424       0x30 C:/ST/STM32CubeIDE_1.16.0/STM32CubeIDE/plugins/com.st.stm32cube.ide.mcu.externaltools.gnu-tools-for-stm32.12.3.rel1.win32_1.1.0.202410251130/tools/bin/../lib/gcc/arm-none-eabi/12.3.1/../../../../arm-none-eabi/lib/thumb/v7-m/nofp\libc_nano.a(libc_a-findfp.o)
                0x08005424                __sinit
 .text._fwalk_sglue
                0x08005454       0x3c C:/ST/STM32CubeIDE_1.16.0/STM32CubeIDE/plugins/com.st.stm32cube.ide.mcu.externaltools.gnu-tools-for-stm32.12.3.rel1.win32_1.1.0.202410251130/tools/bin/../lib/gcc/arm-none-eabi/12.3.1/../../../../arm-none-eabi/lib/thumb/v7-m/nofp\libc_nano.a(libc_a-fwalk.o)
                0x08005454                _fwalk_sglue
 .text.printf   0x08005490       0x24 C:/ST/STM32CubeIDE_1.16.0/STM32CubeIDE/plugins/com.st.stm32cube.ide.mcu.externaltools.gnu-tools-for-stm32.12.3.rel1.win32_1.1.0.202410251130/tools/bin/../lib/gcc/arm-none-eabi/12.3.1/../../../../arm-none-eabi/lib/thumb/v7-m/nofp\libc_nano.a(libc_a-printf.o)
                0x08005490                iprintf
                0x08005490                printf
 .text.snprintf
                0x080054b4       0x68 C:/ST/STM32CubeIDE_1.16.0/STM32CubeIDE/plugins/com.st.stm32cube.ide.mcu.externaltools.gnu-tools-for-stm32.12.3.rel1.win32_1.1.0.202410251130/tools/bin/../lib/gcc/arm-none-eabi/12.3.1/../../../../arm-none-eabi/lib/thumb/v7-m/nofp\libc_nano.a(libc_a-snprintf.o)
                0x080054b4                sniprintf
                0x080054b4                snprintf
 .text.__sread  0x0800551c       0x22 C:/ST/STM32CubeIDE_1.16.0/STM32CubeIDE/plugins/com.st.stm32cube.ide.mcu.externaltools.gnu-tools-for-stm32.12.3.rel1.win32_1.1.0.202410251130/tools/bin/../lib/gcc/arm-none-eabi/12.3.1/../../../../arm-none-eabi/lib/thumb/v7-m/nofp\libc_nano.a(libc_a-stdio.o)
                0x0800551c                __sread
 .text.__swrite
                0x0800553e       0x38 C:/ST/STM32CubeIDE_1.16.0/STM32CubeIDE/plugins/com.st.stm32cube.ide.mcu.externaltools.gnu-tools-for-stm32.12.3.rel1.win32_1.1.0.202410251130/tools/bin/../lib/gcc/arm-none-eabi/12.3.1/../../../../arm-none-eabi/lib/thumb/v7-m/nofp\libc_nano.a(libc_a-stdio.o)
                0x0800553e                __swrite
 .text.__sseek  0x08005576       0x24 C:/ST/STM32CubeIDE_1.16.0/STM32CubeIDE/plugins/com.st.stm32cube.ide.mcu.externaltools.gnu-tools-for-stm32.12.3.rel1.win32_1.1.0.202410251130/tools/bin/../lib/gcc/arm-none-eabi/12.3.1/../../../../arm-none-eabi/lib/thumb/v7-m/nofp\libc_nano.a(libc_a-stdio.o)
                0x08005576                __sseek
 .text.__sclose
                0x0800559a        0x8 C:/ST/STM32CubeIDE_1.16.0/STM32CubeIDE/plugins/com.st.stm32cube.ide.mcu.externaltools.gnu-tools-for-stm32.12.3.rel1.win32_1.1.0.202410251130/tools/bin/../lib/gcc/arm-none-eabi/12.3.1/../../../../arm-none-eabi/lib/thumb/v7-m/nofp\libc_nano.a(libc_a-stdio.o)
                0x0800559a                __sclose
 .text.memset   0x080055a2       0x10 C:/ST/STM32CubeIDE_1.16.0/STM32CubeIDE/plugins/com.st.stm32cube.ide.mcu.externaltools.gnu-tools-for-stm32.12.3.rel1.win32_1.1.0.202410251130/tools/bin/../lib/gcc/arm-none-eabi/12.3.1/../../../../arm-none-eabi/lib/thumb/v7-m/nofp\libc_nano.a(libc_a-memset.o)
                0x080055a2                memset
 *fill*         0x080055b2        0x2 
 .text._close_r
                0x080055b4       0x20 C:/ST/STM32CubeIDE_1.16.0/STM32CubeIDE/plugins/com.st.stm32cube.ide.mcu.externaltools.gnu-tools-for-stm32.12.3.rel1.win32_1.1.0.202410251130/tools/bin/../lib/gcc/arm-none-eabi/12.3.1/../../../../arm-none-eabi/lib/thumb/v7-m/nofp\libc_nano.a(libc_a-closer.o)
                0x080055b4                _close_r
 .text._lseek_r
                0x080055d4       0x24 C:/ST/STM32CubeIDE_1.16.0/STM32CubeIDE/plugins/com.st.stm32cube.ide.mcu.externaltools.gnu-tools-for-stm32.12.3.rel1.win32_1.1.0.202410251130/tools/bin/../lib/gcc/arm-none-eabi/12.3.1/../../../../arm-none-eabi/lib/thumb/v7-m/nofp\libc_nano.a(libc_a-lseekr.o)
                0x080055d4                _lseek_r
 .text._read_r  0x080055f8       0x24 C:/ST/STM32CubeIDE_1.16.0/STM32CubeIDE/plugins/com.st.stm32cube.ide.mcu.externaltools.gnu-tools-for-stm32.12.3.rel1.win32_1.1.0.202410251130/tools/bin/../lib/gcc/arm-none-eabi/12.3.1/../../../../arm-none-eabi/lib/thumb/v7-m/nofp\libc_nano.a(libc_a-readr.o)
                0x080055f8                _read_r
 .text._write_r
                0x0800561c       0x24 C:/ST/STM32CubeIDE_1.16.0/STM32CubeIDE/plugins/com.st.stm32cube.ide.mcu.externaltools.gnu-tools-for-stm32.12.3.rel1.win32_1.1.0.202410251130/tools/bin/../lib/gcc/arm-none-eabi/12.3.1/../../../../arm-none-eabi/lib/thumb/v7-m/nofp\libc_nano.a(libc_a-writer.o)
                0x0800561c                _write_r
 .text.__errno  0x08005640        0xc C:/ST/STM32CubeIDE_1.16.0/STM32CubeIDE/plugins/com.st.stm32cube.ide.mcu.externaltools.gnu-tools-for-stm32.12.3.rel1.win32_1.1.0.202410251130/tools/bin/../lib/gcc/arm-none-eabi/12.3.1/../../../../arm-none-eabi/lib/thumb/v7-m/nofp\libc_nano.a(libc_a-errno.o)
                0x08005640                __errno
 .text.__libc_init_array
                0x0800564c       0x48 C:/ST/STM32CubeIDE_1.16.0/STM32CubeIDE/plugins/com.st.stm32cube.ide.mcu.externaltools.gnu-tools-for-stm32.12.3.rel1.win32_1.1.0.202410251130/tools/bin/../lib/gcc/arm-none-eabi/12.3.1/../../../../arm-none-eabi/lib/thumb/v7-m/nofp\libc_nano.a(libc_a-init.o)
                0x0800564c                __libc_init_array
 .text.__retarget_lock_init_recursive
                0x08005694        0x2 C:/ST/STM32CubeIDE_1.16.0/STM32CubeIDE/plugins/com.st.stm32cube.ide.mcu.externaltools.gnu-tools-for-stm32.12.3.rel1.win32_1.1.0.202410251130/tools/bin/../lib/gcc/arm-none-eabi/12.3.1/../../../../arm-none-eabi/lib/thumb/v7-m/nofp\libc_nano.a(libc_a-lock.o)
                0x08005694                __retarget_lock_init_recursive
 .text.__retarget_lock_acquire_recursive
                0x08005696        0x2 C:/ST/STM32CubeIDE_1.16.0/STM32CubeIDE/plugins/com.st.stm32cube.ide.mcu.externaltools.gnu-tools-for-stm32.12.3.rel1.win32_1.1.0.202410251130/tools/bin/../lib/gcc/arm-none-eabi/12.3.1/../../../../arm-none-eabi/lib/thumb/v7-m/nofp\libc_nano.a(libc_a-lock.o)
                0x08005696                __retarget_lock_acquire_recursive
 .text.__retarget_lock_release_recursive
                0x08005698        0x2 C:/ST/STM32CubeIDE_1.16.0/STM32CubeIDE/plugins/com.st.stm32cube.ide.mcu.externaltools.gnu-tools-for-stm32.12.3.rel1.win32_1.1.0.202410251130/tools/bin/../lib/gcc/arm-none-eabi/12.3.1/../../../../arm-none-eabi/lib/thumb/v7-m/nofp\libc_nano.a(libc_a-lock.o)
                0x08005698                __retarget_lock_release_recursive
 *fill*         0x0800569a        0x2 
 .text._free_r  0x0800569c       0x90 C:/ST/STM32CubeIDE_1.16.0/STM32CubeIDE/plugins/com.st.stm32cube.ide.mcu.externaltools.gnu-tools-for-stm32.12.3.rel1.win32_1.1.0.202410251130/tools/bin/../lib/gcc/arm-none-eabi/12.3.1/../../../../arm-none-eabi/lib/thumb/v7-m/nofp\libc_nano.a(libc_a-freer.o)
                0x0800569c                _free_r
 .text.sbrk_aligned
                0x0800572c       0x44 C:/ST/STM32CubeIDE_1.16.0/STM32CubeIDE/plugins/com.st.stm32cube.ide.mcu.externaltools.gnu-tools-for-stm32.12.3.rel1.win32_1.1.0.202410251130/tools/bin/../lib/gcc/arm-none-eabi/12.3.1/../../../../arm-none-eabi/lib/thumb/v7-m/nofp\libc_nano.a(libc_a-mallocr.o)
 .text._malloc_r
                0x08005770      0x100 C:/ST/STM32CubeIDE_1.16.0/STM32CubeIDE/plugins/com.st.stm32cube.ide.mcu.externaltools.gnu-tools-for-stm32.12.3.rel1.win32_1.1.0.202410251130/tools/bin/../lib/gcc/arm-none-eabi/12.3.1/../../../../arm-none-eabi/lib/thumb/v7-m/nofp\libc_nano.a(libc_a-mallocr.o)
                0x08005770                _malloc_r
 .text.__malloc_lock
                0x08005870        0xc C:/ST/STM32CubeIDE_1.16.0/STM32CubeIDE/plugins/com.st.stm32cube.ide.mcu.externaltools.gnu-tools-for-stm32.12.3.rel1.win32_1.1.0.202410251130/tools/bin/../lib/gcc/arm-none-eabi/12.3.1/../../../../arm-none-eabi/lib/thumb/v7-m/nofp\libc_nano.a(libc_a-mlock.o)
                0x08005870                __malloc_lock
 .text.__malloc_unlock
                0x0800587c        0xc C:/ST/STM32CubeIDE_1.16.0/STM32CubeIDE/plugins/com.st.stm32cube.ide.mcu.externaltools.gnu-tools-for-stm32.12.3.rel1.win32_1.1.0.202410251130/tools/bin/../lib/gcc/arm-none-eabi/12.3.1/../../../../arm-none-eabi/lib/thumb/v7-m/nofp\libc_nano.a(libc_a-mlock.o)
                0x0800587c                __malloc_unlock
 .text.__ssputs_r
                0x08005888       0xb6 C:/ST/STM32CubeIDE_1.16.0/STM32CubeIDE/plugins/com.st.stm32cube.ide.mcu.externaltools.gnu-tools-for-stm32.12.3.rel1.win32_1.1.0.202410251130/tools/bin/../lib/gcc/arm-none-eabi/12.3.1/../../../../arm-none-eabi/lib/thumb/v7-m/nofp\libc_nano.a(libc_a-nano-svfprintf.o)
                0x08005888                __ssputs_r
 *fill*         0x0800593e        0x2 
 .text._svfprintf_r
                0x08005940      0x1f8 C:/ST/STM32CubeIDE_1.16.0/STM32CubeIDE/plugins/com.st.stm32cube.ide.mcu.externaltools.gnu-tools-for-stm32.12.3.rel1.win32_1.1.0.202410251130/tools/bin/../lib/gcc/arm-none-eabi/12.3.1/../../../../arm-none-eabi/lib/thumb/v7-m/nofp\libc_nano.a(libc_a-nano-svfprintf.o)
                0x08005940                _svfiprintf_r
                0x08005940                _svfprintf_r
 .text.__sfputc_r
                0x08005b38       0x2a C:/ST/STM32CubeIDE_1.16.0/STM32CubeIDE/plugins/com.st.stm32cube.ide.mcu.externaltools.gnu-tools-for-stm32.12.3.rel1.win32_1.1.0.202410251130/tools/bin/../lib/gcc/arm-none-eabi/12.3.1/../../../../arm-none-eabi/lib/thumb/v7-m/nofp\libc_nano.a(libc_a-nano-vfprintf.o)
 .text.__sfputs_r
                0x08005b62       0x24 C:/ST/STM32CubeIDE_1.16.0/STM32CubeIDE/plugins/com.st.stm32cube.ide.mcu.externaltools.gnu-tools-for-stm32.12.3.rel1.win32_1.1.0.202410251130/tools/bin/../lib/gcc/arm-none-eabi/12.3.1/../../../../arm-none-eabi/lib/thumb/v7-m/nofp\libc_nano.a(libc_a-nano-vfprintf.o)
                0x08005b62                __sfputs_r
 *fill*         0x08005b86        0x2 
 .text._vfprintf_r
                0x08005b88      0x230 C:/ST/STM32CubeIDE_1.16.0/STM32CubeIDE/plugins/com.st.stm32cube.ide.mcu.externaltools.gnu-tools-for-stm32.12.3.rel1.win32_1.1.0.202410251130/tools/bin/../lib/gcc/arm-none-eabi/12.3.1/../../../../arm-none-eabi/lib/thumb/v7-m/nofp\libc_nano.a(libc_a-nano-vfprintf.o)
                0x08005b88                _vfprintf_r
                0x08005b88                _vfiprintf_r
 .text._printf_common
                0x08005db8       0xe4 C:/ST/STM32CubeIDE_1.16.0/STM32CubeIDE/plugins/com.st.stm32cube.ide.mcu.externaltools.gnu-tools-for-stm32.12.3.rel1.win32_1.1.0.202410251130/tools/bin/../lib/gcc/arm-none-eabi/12.3.1/../../../../arm-none-eabi/lib/thumb/v7-m/nofp\libc_nano.a(libc_a-nano-vfprintf_i.o)
                0x08005db8                _printf_common
 .text._printf_i
                0x08005e9c      0x240 C:/ST/STM32CubeIDE_1.16.0/STM32CubeIDE/plugins/com.st.stm32cube.ide.mcu.externaltools.gnu-tools-for-stm32.12.3.rel1.win32_1.1.0.202410251130/tools/bin/../lib/gcc/arm-none-eabi/12.3.1/../../../../arm-none-eabi/lib/thumb/v7-m/nofp\libc_nano.a(libc_a-nano-vfprintf_i.o)
                0x08005e9c                _printf_i
 .text.__swbuf_r
                0x080060dc       0x7c C:/ST/STM32CubeIDE_1.16.0/STM32CubeIDE/plugins/com.st.stm32cube.ide.mcu.externaltools.gnu-tools-for-stm32.12.3.rel1.win32_1.1.0.202410251130/tools/bin/../lib/gcc/arm-none-eabi/12.3.1/../../../../arm-none-eabi/lib/thumb/v7-m/nofp\libc_nano.a(libc_a-wbuf.o)
                0x080060dc                __swbuf_r
 .text.__swsetup_r
                0x08006158       0xac C:/ST/STM32CubeIDE_1.16.0/STM32CubeIDE/plugins/com.st.stm32cube.ide.mcu.externaltools.gnu-tools-for-stm32.12.3.rel1.win32_1.1.0.202410251130/tools/bin/../lib/gcc/arm-none-eabi/12.3.1/../../../../arm-none-eabi/lib/thumb/v7-m/nofp\libc_nano.a(libc_a-wsetup.o)
                0x08006158                __swsetup_r
 .text.memmove  0x08006204       0x34 C:/ST/STM32CubeIDE_1.16.0/STM32CubeIDE/plugins/com.st.stm32cube.ide.mcu.externaltools.gnu-tools-for-stm32.12.3.rel1.win32_1.1.0.202410251130/tools/bin/../lib/gcc/arm-none-eabi/12.3.1/../../../../arm-none-eabi/lib/thumb/v7-m/nofp\libc_nano.a(libc_a-memmove.o)
                0x08006204                memmove
 .text._sbrk_r  0x08006238       0x20 C:/ST/STM32CubeIDE_1.16.0/STM32CubeIDE/plugins/com.st.stm32cube.ide.mcu.externaltools.gnu-tools-for-stm32.12.3.rel1.win32_1.1.0.202410251130/tools/bin/../lib/gcc/arm-none-eabi/12.3.1/../../../../arm-none-eabi/lib/thumb/v7-m/nofp\libc_nano.a(libc_a-sbrkr.o)
                0x08006238                _sbrk_r
 .text.memchr   0x08006258       0x1c C:/ST/STM32CubeIDE_1.16.0/STM32CubeIDE/plugins/com.st.stm32cube.ide.mcu.externaltools.gnu-tools-for-stm32.12.3.rel1.win32_1.1.0.202410251130/tools/bin/../lib/gcc/arm-none-eabi/12.3.1/../../../../arm-none-eabi/lib/thumb/v7-m/nofp\libc_nano.a(libc_a-memchr-stub.o)
                0x08006258                memchr
 .text.memcpy   0x08006274       0x1c C:/ST/STM32CubeIDE_1.16.0/STM32CubeIDE/plugins/com.st.stm32cube.ide.mcu.externaltools.gnu-tools-for-stm32.12.3.rel1.win32_1.1.0.202410251130/tools/bin/../lib/gcc/arm-none-eabi/12.3.1/../../../../arm-none-eabi/lib/thumb/v7-m/nofp\libc_nano.a(libc_a-memcpy-stub.o)
                0x08006274                memcpy
 .text._realloc_r
                0x08006290       0x5c C:/ST/STM32CubeIDE_1.16.0/STM32CubeIDE/plugins/com.st.stm32cube.ide.mcu.externaltools.gnu-tools-for-stm32.12.3.rel1.win32_1.1.0.202410251130/tools/bin/../lib/gcc/arm-none-eabi/12.3.1/../../../../arm-none-eabi/lib/thumb/v7-m/nofp\libc_nano.a(libc_a-reallocr.o)
                0x08006290                _realloc_r
 .text.__swhatbuf_r
                0x080062ec       0x4a C:/ST/STM32CubeIDE_1.16.0/STM32CubeIDE/plugins/com.st.stm32cube.ide.mcu.externaltools.gnu-tools-for-stm32.12.3.rel1.win32_1.1.0.202410251130/tools/bin/../lib/gcc/arm-none-eabi/12.3.1/../../../../arm-none-eabi/lib/thumb/v7-m/nofp\libc_nano.a(libc_a-makebuf.o)
                0x080062ec                __swhatbuf_r
 .text.__smakebuf_r
                0x08006336       0x78 C:/ST/STM32CubeIDE_1.16.0/STM32CubeIDE/plugins/com.st.stm32cube.ide.mcu.externaltools.gnu-tools-for-stm32.12.3.rel1.win32_1.1.0.202410251130/tools/bin/../lib/gcc/arm-none-eabi/12.3.1/../../../../arm-none-eabi/lib/thumb/v7-m/nofp\libc_nano.a(libc_a-makebuf.o)
                0x08006336                __smakebuf_r
 *fill*         0x080063ae        0x2 
 .text._fstat_r
                0x080063b0       0x24 C:/ST/STM32CubeIDE_1.16.0/STM32CubeIDE/plugins/com.st.stm32cube.ide.mcu.externaltools.gnu-tools-for-stm32.12.3.rel1.win32_1.1.0.202410251130/tools/bin/../lib/gcc/arm-none-eabi/12.3.1/../../../../arm-none-eabi/lib/thumb/v7-m/nofp\libc_nano.a(libc_a-fstatr.o)
                0x080063b0                _fstat_r
 .text._isatty_r
                0x080063d4       0x20 C:/ST/STM32CubeIDE_1.16.0/STM32CubeIDE/plugins/com.st.stm32cube.ide.mcu.externaltools.gnu-tools-for-stm32.12.3.rel1.win32_1.1.0.202410251130/tools/bin/../lib/gcc/arm-none-eabi/12.3.1/../../../../arm-none-eabi/lib/thumb/v7-m/nofp\libc_nano.a(libc_a-isattyr.o)
                0x080063d4                _isatty_r
 .text._malloc_usable_size_r
                0x080063f4       0x10 C:/ST/STM32CubeIDE_1.16.0/STM32CubeIDE/plugins/com.st.stm32cube.ide.mcu.externaltools.gnu-tools-for-stm32.12.3.rel1.win32_1.1.0.202410251130/tools/bin/../lib/gcc/arm-none-eabi/12.3.1/../../../../arm-none-eabi/lib/thumb/v7-m/nofp\libc_nano.a(libc_a-msizer.o)
                0x080063f4                _malloc_usable_size_r
 *(.glue_7)
 .glue_7        0x08006404        0x0 linker stubs
 *(.glue_7t)
 .glue_7t       0x08006404        0x0 linker stubs
 *(.eh_frame)
 .eh_frame      0x08006404        0x0 C:/ST/STM32CubeIDE_1.16.0/STM32CubeIDE/plugins/com.st.stm32cube.ide.mcu.externaltools.gnu-tools-for-stm32.12.3.rel1.win32_1.1.0.202410251130/tools/bin/../lib/gcc/arm-none-eabi/12.3.1/thumb/v7-m/nofp/crtbegin.o
 *(.init)
 .init          0x08006404        0x4 C:/ST/STM32CubeIDE_1.16.0/STM32CubeIDE/plugins/com.st.stm32cube.ide.mcu.externaltools.gnu-tools-for-stm32.12.3.rel1.win32_1.1.0.202410251130/tools/bin/../lib/gcc/arm-none-eabi/12.3.1/thumb/v7-m/nofp/crti.o
                0x08006404                _init
 .init          0x08006408        0x8 C:/ST/STM32CubeIDE_1.16.0/STM32CubeIDE/plugins/com.st.stm32cube.ide.mcu.externaltools.gnu-tools-for-stm32.12.3.rel1.win32_1.1.0.202410251130/tools/bin/../lib/gcc/arm-none-eabi/12.3.1/thumb/v7-m/nofp/crtn.o
 *(.fini)
 .fini          0x08006410        0x4 C:/ST/STM32CubeIDE_1.16.0/STM32CubeIDE/plugins/com.st.stm32cube.ide.mcu.externaltools.gnu-tools-for-stm32.12.3.rel1.win32_1.1.0.202410251130/tools/bin/../lib/gcc/arm-none-eabi/12.3.1/thumb/v7-m/nofp/crti.o
                0x08006410                _fini
 .fini          0x08006414        0x8 C:/ST/STM32CubeIDE_1.16.0/STM32CubeIDE/plugins/com.st.stm32cube.ide.mcu.externaltools.gnu-tools-for-stm32.12.3.rel1.win32_1.1.0.202410251130/tools/bin/../lib/gcc/arm-none-eabi/12.3.1/thumb/v7-m/nofp/crtn.o
                0x0800641c                        . = ALIGN (0x4)
                0x0800641c                        _etext = .

.vfp11_veneer   0x0800641c        0x0
 .vfp11_veneer  0x0800641c        0x0 linker stubs

.v4_bx          0x0800641c        0x0
 .v4_bx         0x0800641c        0x0 linker stubs

.iplt           0x0800641c        0x0
 .iplt          0x0800641c        0x0 C:/ST/STM32CubeIDE_1.16.0/STM32CubeIDE/plugins/com.st.stm32cube.ide.mcu.externaltools.gnu-tools-for-stm32.12.3.rel1.win32_1.1.0.202410251130/tools/bin/../lib/gcc/arm-none-eabi/12.3.1/thumb/v7-m/nofp/crtbegin.o

.rodata         0x0800641c      0x6cc
                0x0800641c                        . = ALIGN (0x4)
 *(.rodata)
 .rodata        0x0800641c       0x97 ./Core/app/src/app.o
 *fill*         0x080064b3        0x1 
 .rodata        0x080064b4      0x101 ./Core/app/src/task_actuator.o
 *fill*         0x080065b5        0x3 
 .rodata        0x080065b8       0x33 ./Core/app/src/task_adc.o
 *fill*         0x080065eb        0x1 
 .rodata        0x080065ec       0xd2 ./Core/app/src/task_sensor.o
 *fill*         0x080066be        0x2 
 .rodata        0x080066c0      0x17b ./Core/app/src/task_setup.o
 *fill*         0x0800683b        0x1 
 .rodata        0x0800683c      0x11b ./Core/app/src/task_system.o
 *(.rodata*)
 *fill*         0x08006957        0x1 
 .rodata.AHBPrescTable
                0x08006958       0x10 ./Core/Src/system_stm32f1xx.o
                0x08006958                AHBPrescTable
 .rodata.APBPrescTable
                0x08006968        0x8 ./Core/Src/system_stm32f1xx.o
                0x08006968                APBPrescTable
 .rodata.task_cfg_list
                0x08006970       0x3c ./Core/app/src/app.o
                0x08006970                task_cfg_list
 .rodata.logger_msg
                0x080069ac        0x4 ./Core/app/src/logger.o
                0x080069ac                logger_msg
 .rodata.task_actuator_cfg_list
                0x080069b0       0x64 ./Core/app/src/task_actuator.o
                0x080069b0                task_actuator_cfg_list
 .rodata.task_sensor_cfg_list
                0x08006a14       0x8c ./Core/app/src/task_sensor.o
                0x08006a14                task_sensor_cfg_list
 .rodata.aPLLMULFactorTable.1
                0x08006aa0       0x10 ./Drivers/STM32F1xx_HAL_Driver/Src/stm32f1xx_hal_rcc.o
 .rodata.aPredivFactorTable.0
                0x08006ab0        0x2 ./Drivers/STM32F1xx_HAL_Driver/Src/stm32f1xx_hal_rcc.o
 .rodata._svfprintf_r.str1.1
                0x08006ab2       0x11 C:/ST/STM32CubeIDE_1.16.0/STM32CubeIDE/plugins/com.st.stm32cube.ide.mcu.externaltools.gnu-tools-for-stm32.12.3.rel1.win32_1.1.0.202410251130/tools/bin/../lib/gcc/arm-none-eabi/12.3.1/../../../../arm-none-eabi/lib/thumb/v7-m/nofp\libc_nano.a(libc_a-nano-svfprintf.o)
 .rodata._vfprintf_r.str1.1
                0x08006ac3       0x11 C:/ST/STM32CubeIDE_1.16.0/STM32CubeIDE/plugins/com.st.stm32cube.ide.mcu.externaltools.gnu-tools-for-stm32.12.3.rel1.win32_1.1.0.202410251130/tools/bin/../lib/gcc/arm-none-eabi/12.3.1/../../../../arm-none-eabi/lib/thumb/v7-m/nofp\libc_nano.a(libc_a-nano-vfprintf.o)
 .rodata._printf_i.str1.1
                0x08006ac3       0x22 C:/ST/STM32CubeIDE_1.16.0/STM32CubeIDE/plugins/com.st.stm32cube.ide.mcu.externaltools.gnu-tools-for-stm32.12.3.rel1.win32_1.1.0.202410251130/tools/bin/../lib/gcc/arm-none-eabi/12.3.1/../../../../arm-none-eabi/lib/thumb/v7-m/nofp\libc_nano.a(libc_a-nano-vfprintf_i.o)
                0x08006ae8                        . = ALIGN (0x4)
 *fill*         0x08006ae5        0x3 

.ARM.extab      0x08006ae8        0x0
                0x08006ae8                        . = ALIGN (0x4)
 *(.ARM.extab* .gnu.linkonce.armextab.*)
                0x08006ae8                        . = ALIGN (0x4)

.ARM            0x08006ae8        0x0
                0x08006ae8                        . = ALIGN (0x4)
                0x08006ae8                        __exidx_start = .
 *(.ARM.exidx*)
                0x08006ae8                        __exidx_end = .
                0x08006ae8                        . = ALIGN (0x4)

.preinit_array  0x08006ae8        0x0
                0x08006ae8                        . = ALIGN (0x4)
                0x08006ae8                        PROVIDE (__preinit_array_start = .)
 *(.preinit_array*)
                0x08006ae8                        PROVIDE (__preinit_array_end = .)
                0x08006ae8                        . = ALIGN (0x4)

.init_array     0x08006ae8        0x4
                0x08006ae8                        . = ALIGN (0x4)
                0x08006ae8                        PROVIDE (__init_array_start = .)
 *(SORT_BY_NAME(.init_array.*))
 *(.init_array*)
 .init_array    0x08006ae8        0x4 C:/ST/STM32CubeIDE_1.16.0/STM32CubeIDE/plugins/com.st.stm32cube.ide.mcu.externaltools.gnu-tools-for-stm32.12.3.rel1.win32_1.1.0.202410251130/tools/bin/../lib/gcc/arm-none-eabi/12.3.1/thumb/v7-m/nofp/crtbegin.o
                0x08006aec                        PROVIDE (__init_array_end = .)
                0x08006aec                        . = ALIGN (0x4)

.fini_array     0x08006aec        0x4
                0x08006aec                        . = ALIGN (0x4)
                [!provide]                        PROVIDE (__fini_array_start = .)
 *(SORT_BY_NAME(.fini_array.*))
 *(.fini_array*)
 .fini_array    0x08006aec        0x4 C:/ST/STM32CubeIDE_1.16.0/STM32CubeIDE/plugins/com.st.stm32cube.ide.mcu.externaltools.gnu-tools-for-stm32.12.3.rel1.win32_1.1.0.202410251130/tools/bin/../lib/gcc/arm-none-eabi/12.3.1/thumb/v7-m/nofp/crtbegin.o
                [!provide]                        PROVIDE (__fini_array_end = .)
                0x08006af0                        . = ALIGN (0x4)
                0x08006af0                        _sidata = LOADADDR (.data)

.rel.dyn        0x08006af0        0x0
 .rel.iplt      0x08006af0        0x0 C:/ST/STM32CubeIDE_1.16.0/STM32CubeIDE/plugins/com.st.stm32cube.ide.mcu.externaltools.gnu-tools-for-stm32.12.3.rel1.win32_1.1.0.202410251130/tools/bin/../lib/gcc/arm-none-eabi/12.3.1/thumb/v7-m/nofp/crtbegin.o

.data           0x20000000       0xa4 load address 0x08006af0
                0x20000000                        . = ALIGN (0x4)
                0x20000000                        _sdata = .
 *(.data)
 *(.data*)
 .data.SystemCoreClock
                0x20000000        0x4 ./Core/Src/system_stm32f1xx.o
                0x20000000                SystemCoreClock
 .data.p_sys    0x20000004        0x4 ./Core/app/src/app.o
                0x20000004                p_sys
 .data.p_app    0x20000008        0x4 ./Core/app/src/app.o
                0x20000008                p_app
 .data.p_task_actuator
                0x2000000c        0x4 ./Core/app/src/task_actuator.o
                0x2000000c                p_task_actuator
 .data.p_task_actuator_
                0x20000010        0x4 ./Core/app/src/task_actuator.o
                0x20000010                p_task_actuator_
 .data.first_sample
                0x20000014        0x4 ./Core/app/src/task_adc.o
                0x20000014                first_sample
 .data.p_task_adc
                0x20000018        0x4 ./Core/app/src/task_adc.o
                0x20000018                p_task_adc
 .data.p_task_sensor
                0x2000001c        0x4 ./Core/app/src/task_sensor.o
                0x2000001c                p_task_sensor
 .data.p_task_sensor_
                0x20000020        0x4 ./Core/app/src/task_sensor.o
                0x20000020                p_task_sensor_
 .data.p_task_menu
                0x20000024        0x4 ./Core/app/src/task_setup.o
                0x20000024                p_task_menu
 .data.p_task_menu_
                0x20000028        0x4 ./Core/app/src/task_setup.o
                0x20000028                p_task_menu_
 .data.task_system_dta
                0x2000002c        0xa ./Core/app/src/task_system.o
                0x2000002c                task_system_dta
 *fill*         0x20000036        0x2 
 .data.p_task_system
                0x20000038        0x4 ./Core/app/src/task_system.o
                0x20000038                p_task_system
 .data.p_task_system_
                0x2000003c        0x4 ./Core/app/src/task_system.o
                0x2000003c                p_task_system_
 .data.uwTickPrio
                0x20000040        0x4 ./Drivers/STM32F1xx_HAL_Driver/Src/stm32f1xx_hal.o
                0x20000040                uwTickPrio
 .data.uwTickFreq
                0x20000044        0x1 ./Drivers/STM32F1xx_HAL_Driver/Src/stm32f1xx_hal.o
                0x20000044                uwTickFreq
 *fill*         0x20000045        0x3 
 .data.__sglue  0x20000048        0xc C:/ST/STM32CubeIDE_1.16.0/STM32CubeIDE/plugins/com.st.stm32cube.ide.mcu.externaltools.gnu-tools-for-stm32.12.3.rel1.win32_1.1.0.202410251130/tools/bin/../lib/gcc/arm-none-eabi/12.3.1/../../../../arm-none-eabi/lib/thumb/v7-m/nofp\libc_nano.a(libc_a-findfp.o)
                0x20000048                __sglue
 .data._impure_ptr
                0x20000054        0x4 C:/ST/STM32CubeIDE_1.16.0/STM32CubeIDE/plugins/com.st.stm32cube.ide.mcu.externaltools.gnu-tools-for-stm32.12.3.rel1.win32_1.1.0.202410251130/tools/bin/../lib/gcc/arm-none-eabi/12.3.1/../../../../arm-none-eabi/lib/thumb/v7-m/nofp\libc_nano.a(libc_a-impure.o)
                0x20000054                _impure_ptr
 .data._impure_data
                0x20000058       0x4c C:/ST/STM32CubeIDE_1.16.0/STM32CubeIDE/plugins/com.st.stm32cube.ide.mcu.externaltools.gnu-tools-for-stm32.12.3.rel1.win32_1.1.0.202410251130/tools/bin/../lib/gcc/arm-none-eabi/12.3.1/../../../../arm-none-eabi/lib/thumb/v7-m/nofp\libc_nano.a(libc_a-impure.o)
                0x20000058                _impure_data
 *(.RamFunc)
 *(.RamFunc*)
                0x200000a4                        . = ALIGN (0x4)
                0x200000a4                        _edata = .

.igot.plt       0x200000a4        0x0 load address 0x08006b94
 .igot.plt      0x200000a4        0x0 C:/ST/STM32CubeIDE_1.16.0/STM32CubeIDE/plugins/com.st.stm32cube.ide.mcu.externaltools.gnu-tools-for-stm32.12.3.rel1.win32_1.1.0.202410251130/tools/bin/../lib/gcc/arm-none-eabi/12.3.1/thumb/v7-m/nofp/crtbegin.o
                0x200000a4                        . = ALIGN (0x4)

.bss            0x200000a4      0x43c load address 0x08006b94
                0x200000a4                        _sbss = .
                0x200000a4                        __bss_start__ = _sbss
 *(.bss)
 .bss           0x200000a4       0x1c C:/ST/STM32CubeIDE_1.16.0/STM32CubeIDE/plugins/com.st.stm32cube.ide.mcu.externaltools.gnu-tools-for-stm32.12.3.rel1.win32_1.1.0.202410251130/tools/bin/../lib/gcc/arm-none-eabi/12.3.1/thumb/v7-m/nofp/crtbegin.o
 *(.bss*)
 .bss.hadc1     0x200000c0       0x30 ./Core/Src/main.o
                0x200000c0                hadc1
 .bss.hdma_adc1
                0x200000f0       0x44 ./Core/Src/main.o
                0x200000f0                hdma_adc1
 .bss.huart2    0x20000134       0x48 ./Core/Src/main.o
                0x20000134                huart2
 .bss.__sbrk_heap_end
                0x2000017c        0x4 ./Core/Src/sysmem.o
 .bss.g_app_cnt
                0x20000180        0x4 ./Core/app/src/app.o
                0x20000180                g_app_cnt
 .bss.g_app_time_us
                0x20000184        0x4 ./Core/app/src/app.o
                0x20000184                g_app_time_us
 .bss.g_app_tick_cnt
                0x20000188        0x4 ./Core/app/src/app.o
                0x20000188                g_app_tick_cnt
 .bss.task_dta_list
                0x2000018c       0x14 ./Core/app/src/app.o
                0x2000018c                task_dta_list
 .bss.display   0x200001a0        0x1 ./Core/app/src/display.o
 *fill*         0x200001a1        0x3 
 .bss.pcf8574   0x200001a4       0x10 ./Core/app/src/display.o
 .bss.initial8BitCommunicationIsCompleted
                0x200001b4        0x1 ./Core/app/src/display.o
 *fill*         0x200001b5        0x3 
 .bss.logger_msg_buffer_
                0x200001b8       0x40 ./Core/app/src/logger.o
 .bss.logger_msg_len
                0x200001f8        0x4 ./Core/app/src/logger.o
                0x200001f8                logger_msg_len
 .bss.task_actuator_dta_list
                0x200001fc       0x30 ./Core/app/src/task_actuator.o
                0x200001fc                task_actuator_dta_list
 .bss.g_task_actuator_cnt
                0x2000022c        0x4 ./Core/app/src/task_actuator.o
                0x2000022c                g_task_actuator_cnt
 .bss.g_task_actuator_tick_cnt
                0x20000230        0x4 ./Core/app/src/task_actuator.o
                0x20000230                g_task_actuator_tick_cnt
 .bss.averaged_temp_amb
                0x20000234        0x4 ./Core/app/src/task_adc.o
                0x20000234                averaged_temp_amb
 .bss.averaged_temp_uC
                0x20000238        0x4 ./Core/app/src/task_adc.o
                0x20000238                averaged_temp_uC
 .bss.sample_cnt
                0x2000023c        0x4 ./Core/app/src/task_adc.o
                0x2000023c                sample_cnt
 .bss.ADC_VAL   0x20000240        0x8 ./Core/app/src/task_adc.o
                0x20000240                ADC_VAL
 .bss.sample_to_take
                0x20000248        0x1 ./Core/app/src/task_adc.o
                0x20000248                sample_to_take
 *fill*         0x20000249        0x3 
 .bss.queue_task_adc
                0x2000024c       0x84 ./Core/app/src/task_adc_interface.o
                0x2000024c                queue_task_adc
 .bss.task_sensor_dta_list
                0x200002d0       0x38 ./Core/app/src/task_sensor.o
                0x200002d0                task_sensor_dta_list
 .bss.g_task_sensor_cnt
                0x20000308        0x4 ./Core/app/src/task_sensor.o
                0x20000308                g_task_sensor_cnt
 .bss.g_task_sensor_tick_cnt
                0x2000030c        0x4 ./Core/app/src/task_sensor.o
                0x2000030c                g_task_sensor_tick_cnt
 .bss.task_setup_dta
                0x20000310        0x8 ./Core/app/src/task_setup.o
                0x20000310                task_setup_dta
 .bss.g_task_menu_cnt
                0x20000318        0x4 ./Core/app/src/task_setup.o
                0x20000318                g_task_menu_cnt
 .bss.g_task_menu_tick_cnt
                0x2000031c        0x4 ./Core/app/src/task_setup.o
                0x2000031c                g_task_menu_tick_cnt
 .bss.queue_task_a
                0x20000320       0x2c ./Core/app/src/task_setup_interface.o
                0x20000320                queue_task_a
 .bss.g_task_system_cnt
                0x2000034c        0x4 ./Core/app/src/task_system.o
                0x2000034c                g_task_system_cnt
 .bss.g_task_system_tick_cnt
                0x20000350        0x4 ./Core/app/src/task_system.o
                0x20000350                g_task_system_tick_cnt
 .bss.temp_amb_raw
                0x20000354        0x4 ./Core/app/src/task_system.o
                0x20000354                temp_amb_raw
 .bss.temp_uC_raw
                0x20000358        0x4 ./Core/app/src/task_system.o
                0x20000358                temp_uC_raw
 .bss.temp_amb  0x2000035c        0x4 ./Core/app/src/task_system.o
                0x2000035c                temp_amb
 .bss.temp_uC   0x20000360        0x4 ./Core/app/src/task_system.o
                0x20000360                temp_uC
 .bss.queue_task_sys
                0x20000364       0x2c ./Core/app/src/task_system_interface.o
                0x20000364                queue_task_sys
 .bss.uwTick    0x20000390        0x4 ./Drivers/STM32F1xx_HAL_Driver/Src/stm32f1xx_hal.o
                0x20000390                uwTick
 .bss.__sf      0x20000394      0x138 C:/ST/STM32CubeIDE_1.16.0/STM32CubeIDE/plugins/com.st.stm32cube.ide.mcu.externaltools.gnu-tools-for-stm32.12.3.rel1.win32_1.1.0.202410251130/tools/bin/../lib/gcc/arm-none-eabi/12.3.1/../../../../arm-none-eabi/lib/thumb/v7-m/nofp\libc_nano.a(libc_a-findfp.o)
                0x20000394                __sf
 .bss.__stdio_exit_handler
                0x200004cc        0x4 C:/ST/STM32CubeIDE_1.16.0/STM32CubeIDE/plugins/com.st.stm32cube.ide.mcu.externaltools.gnu-tools-for-stm32.12.3.rel1.win32_1.1.0.202410251130/tools/bin/../lib/gcc/arm-none-eabi/12.3.1/../../../../arm-none-eabi/lib/thumb/v7-m/nofp\libc_nano.a(libc_a-findfp.o)
                0x200004cc                __stdio_exit_handler
 .bss.errno     0x200004d0        0x4 C:/ST/STM32CubeIDE_1.16.0/STM32CubeIDE/plugins/com.st.stm32cube.ide.mcu.externaltools.gnu-tools-for-stm32.12.3.rel1.win32_1.1.0.202410251130/tools/bin/../lib/gcc/arm-none-eabi/12.3.1/../../../../arm-none-eabi/lib/thumb/v7-m/nofp\libc_nano.a(libc_a-reent.o)
                0x200004d0                errno
 .bss.__lock___malloc_recursive_mutex
                0x200004d4        0x1 C:/ST/STM32CubeIDE_1.16.0/STM32CubeIDE/plugins/com.st.stm32cube.ide.mcu.externaltools.gnu-tools-for-stm32.12.3.rel1.win32_1.1.0.202410251130/tools/bin/../lib/gcc/arm-none-eabi/12.3.1/../../../../arm-none-eabi/lib/thumb/v7-m/nofp\libc_nano.a(libc_a-lock.o)
                0x200004d4                __lock___malloc_recursive_mutex
 .bss.__lock___sfp_recursive_mutex
                0x200004d5        0x1 C:/ST/STM32CubeIDE_1.16.0/STM32CubeIDE/plugins/com.st.stm32cube.ide.mcu.externaltools.gnu-tools-for-stm32.12.3.rel1.win32_1.1.0.202410251130/tools/bin/../lib/gcc/arm-none-eabi/12.3.1/../../../../arm-none-eabi/lib/thumb/v7-m/nofp\libc_nano.a(libc_a-lock.o)
                0x200004d5                __lock___sfp_recursive_mutex
 *fill*         0x200004d6        0x2 
 .bss.__malloc_sbrk_start
                0x200004d8        0x4 C:/ST/STM32CubeIDE_1.16.0/STM32CubeIDE/plugins/com.st.stm32cube.ide.mcu.externaltools.gnu-tools-for-stm32.12.3.rel1.win32_1.1.0.202410251130/tools/bin/../lib/gcc/arm-none-eabi/12.3.1/../../../../arm-none-eabi/lib/thumb/v7-m/nofp\libc_nano.a(libc_a-mallocr.o)
                0x200004d8                __malloc_sbrk_start
 .bss.__malloc_free_list
                0x200004dc        0x4 C:/ST/STM32CubeIDE_1.16.0/STM32CubeIDE/plugins/com.st.stm32cube.ide.mcu.externaltools.gnu-tools-for-stm32.12.3.rel1.win32_1.1.0.202410251130/tools/bin/../lib/gcc/arm-none-eabi/12.3.1/../../../../arm-none-eabi/lib/thumb/v7-m/nofp\libc_nano.a(libc_a-mallocr.o)
                0x200004dc                __malloc_free_list
 *(COMMON)
                0x200004e0                        . = ALIGN (0x4)
                0x200004e0                        _ebss = .
                0x200004e0                        __bss_end__ = _ebss

._user_heap_stack
                0x200004e0      0x600 load address 0x08006b94
                0x200004e0                        . = ALIGN (0x8)
                [!provide]                        PROVIDE (end = .)
                0x200004e0                        PROVIDE (_end = .)
                0x200006e0                        . = (. + _Min_Heap_Size)
 *fill*         0x200004e0      0x200 
                0x20000ae0                        . = (. + _Min_Stack_Size)
 *fill*         0x200006e0      0x400 
                0x20000ae0                        . = ALIGN (0x8)

/DISCARD/
 libc.a(*)
 libm.a(*)
 libgcc.a(*)

.ARM.attributes
                0x00000000       0x29
 *(.ARM.attributes)
 .ARM.attributes
                0x00000000       0x1d C:/ST/STM32CubeIDE_1.16.0/STM32CubeIDE/plugins/com.st.stm32cube.ide.mcu.externaltools.gnu-tools-for-stm32.12.3.rel1.win32_1.1.0.202410251130/tools/bin/../lib/gcc/arm-none-eabi/12.3.1/thumb/v7-m/nofp/crti.o
 .ARM.attributes
                0x0000001d       0x2d C:/ST/STM32CubeIDE_1.16.0/STM32CubeIDE/plugins/com.st.stm32cube.ide.mcu.externaltools.gnu-tools-for-stm32.12.3.rel1.win32_1.1.0.202410251130/tools/bin/../lib/gcc/arm-none-eabi/12.3.1/thumb/v7-m/nofp/crtbegin.o
 .ARM.attributes
                0x0000004a       0x2d ./Core/Src/main.o
 .ARM.attributes
                0x00000077       0x2d ./Core/Src/stm32f1xx_hal_msp.o
 .ARM.attributes
                0x000000a4       0x2d ./Core/Src/stm32f1xx_it.o
 .ARM.attributes
                0x000000d1       0x2d ./Core/Src/syscalls.o
 .ARM.attributes
                0x000000fe       0x2d ./Core/Src/sysmem.o
 .ARM.attributes
                0x0000012b       0x2d ./Core/Src/system_stm32f1xx.o
 .ARM.attributes
                0x00000158       0x2d ./Core/app/src/app.o
 .ARM.attributes
                0x00000185       0x2d ./Core/app/src/display.o
 .ARM.attributes
                0x000001b2       0x2d ./Core/app/src/logger.o
 .ARM.attributes
                0x000001df       0x2d ./Core/app/src/task_actuator.o
 .ARM.attributes
                0x0000020c       0x2d ./Core/app/src/task_actuator_interface.o
 .ARM.attributes
                0x00000239       0x2d ./Core/app/src/task_adc.o
 .ARM.attributes
                0x00000266       0x2d ./Core/app/src/task_adc_interface.o
 .ARM.attributes
                0x00000293       0x2d ./Core/app/src/task_sensor.o
 .ARM.attributes
                0x000002c0       0x2d ./Core/app/src/task_setup.o
 .ARM.attributes
                0x000002ed       0x2d ./Core/app/src/task_setup_interface.o
 .ARM.attributes
                0x0000031a       0x2d ./Core/app/src/task_system.o
 .ARM.attributes
                0x00000347       0x2d ./Core/app/src/task_system_interface.o
 .ARM.attributes
                0x00000374       0x21 ./Core/startup/startup_stm32f103rbtx.o
 .ARM.attributes
                0x00000395       0x2d ./Drivers/STM32F1xx_HAL_Driver/Src/stm32f1xx_hal.o
 .ARM.attributes
                0x000003c2       0x2d ./Drivers/STM32F1xx_HAL_Driver/Src/stm32f1xx_hal_adc.o
 .ARM.attributes
                0x000003ef       0x2d ./Drivers/STM32F1xx_HAL_Driver/Src/stm32f1xx_hal_adc_ex.o
 .ARM.attributes
                0x0000041c       0x2d ./Drivers/STM32F1xx_HAL_Driver/Src/stm32f1xx_hal_cortex.o
 .ARM.attributes
                0x00000449       0x2d ./Drivers/STM32F1xx_HAL_Driver/Src/stm32f1xx_hal_dma.o
 .ARM.attributes
                0x00000476       0x2d ./Drivers/STM32F1xx_HAL_Driver/Src/stm32f1xx_hal_gpio.o
 .ARM.attributes
                0x000004a3       0x2d ./Drivers/STM32F1xx_HAL_Driver/Src/stm32f1xx_hal_rcc.o
 .ARM.attributes
                0x000004d0       0x2d ./Drivers/STM32F1xx_HAL_Driver/Src/stm32f1xx_hal_rcc_ex.o
 .ARM.attributes
                0x000004fd       0x2d ./Drivers/STM32F1xx_HAL_Driver/Src/stm32f1xx_hal_uart.o
 .ARM.attributes
                0x0000052a       0x2d C:/ST/STM32CubeIDE_1.16.0/STM32CubeIDE/plugins/com.st.stm32cube.ide.mcu.externaltools.gnu-tools-for-stm32.12.3.rel1.win32_1.1.0.202410251130/tools/bin/../lib/gcc/arm-none-eabi/12.3.1/../../../../arm-none-eabi/lib/thumb/v7-m/nofp\libc_nano.a(libc_a-fflush.o)
 .ARM.attributes
                0x00000557       0x2d C:/ST/STM32CubeIDE_1.16.0/STM32CubeIDE/plugins/com.st.stm32cube.ide.mcu.externaltools.gnu-tools-for-stm32.12.3.rel1.win32_1.1.0.202410251130/tools/bin/../lib/gcc/arm-none-eabi/12.3.1/../../../../arm-none-eabi/lib/thumb/v7-m/nofp\libc_nano.a(libc_a-findfp.o)
 .ARM.attributes
                0x00000584       0x2d C:/ST/STM32CubeIDE_1.16.0/STM32CubeIDE/plugins/com.st.stm32cube.ide.mcu.externaltools.gnu-tools-for-stm32.12.3.rel1.win32_1.1.0.202410251130/tools/bin/../lib/gcc/arm-none-eabi/12.3.1/../../../../arm-none-eabi/lib/thumb/v7-m/nofp\libc_nano.a(libc_a-fwalk.o)
 .ARM.attributes
                0x000005b1       0x2d C:/ST/STM32CubeIDE_1.16.0/STM32CubeIDE/plugins/com.st.stm32cube.ide.mcu.externaltools.gnu-tools-for-stm32.12.3.rel1.win32_1.1.0.202410251130/tools/bin/../lib/gcc/arm-none-eabi/12.3.1/../../../../arm-none-eabi/lib/thumb/v7-m/nofp\libc_nano.a(libc_a-printf.o)
 .ARM.attributes
                0x000005de       0x2d C:/ST/STM32CubeIDE_1.16.0/STM32CubeIDE/plugins/com.st.stm32cube.ide.mcu.externaltools.gnu-tools-for-stm32.12.3.rel1.win32_1.1.0.202410251130/tools/bin/../lib/gcc/arm-none-eabi/12.3.1/../../../../arm-none-eabi/lib/thumb/v7-m/nofp\libc_nano.a(libc_a-snprintf.o)
 .ARM.attributes
                0x0000060b       0x2d C:/ST/STM32CubeIDE_1.16.0/STM32CubeIDE/plugins/com.st.stm32cube.ide.mcu.externaltools.gnu-tools-for-stm32.12.3.rel1.win32_1.1.0.202410251130/tools/bin/../lib/gcc/arm-none-eabi/12.3.1/../../../../arm-none-eabi/lib/thumb/v7-m/nofp\libc_nano.a(libc_a-stdio.o)
 .ARM.attributes
                0x00000638       0x2d C:/ST/STM32CubeIDE_1.16.0/STM32CubeIDE/plugins/com.st.stm32cube.ide.mcu.externaltools.gnu-tools-for-stm32.12.3.rel1.win32_1.1.0.202410251130/tools/bin/../lib/gcc/arm-none-eabi/12.3.1/../../../../arm-none-eabi/lib/thumb/v7-m/nofp\libc_nano.a(libc_a-memset.o)
 .ARM.attributes
                0x00000665       0x2d C:/ST/STM32CubeIDE_1.16.0/STM32CubeIDE/plugins/com.st.stm32cube.ide.mcu.externaltools.gnu-tools-for-stm32.12.3.rel1.win32_1.1.0.202410251130/tools/bin/../lib/gcc/arm-none-eabi/12.3.1/../../../../arm-none-eabi/lib/thumb/v7-m/nofp\libc_nano.a(libc_a-closer.o)
 .ARM.attributes
                0x00000692       0x2d C:/ST/STM32CubeIDE_1.16.0/STM32CubeIDE/plugins/com.st.stm32cube.ide.mcu.externaltools.gnu-tools-for-stm32.12.3.rel1.win32_1.1.0.202410251130/tools/bin/../lib/gcc/arm-none-eabi/12.3.1/../../../../arm-none-eabi/lib/thumb/v7-m/nofp\libc_nano.a(libc_a-reent.o)
 .ARM.attributes
                0x000006bf       0x2d C:/ST/STM32CubeIDE_1.16.0/STM32CubeIDE/plugins/com.st.stm32cube.ide.mcu.externaltools.gnu-tools-for-stm32.12.3.rel1.win32_1.1.0.202410251130/tools/bin/../lib/gcc/arm-none-eabi/12.3.1/../../../../arm-none-eabi/lib/thumb/v7-m/nofp\libc_nano.a(libc_a-impure.o)
 .ARM.attributes
                0x000006ec       0x2d C:/ST/STM32CubeIDE_1.16.0/STM32CubeIDE/plugins/com.st.stm32cube.ide.mcu.externaltools.gnu-tools-for-stm32.12.3.rel1.win32_1.1.0.202410251130/tools/bin/../lib/gcc/arm-none-eabi/12.3.1/../../../../arm-none-eabi/lib/thumb/v7-m/nofp\libc_nano.a(libc_a-lseekr.o)
 .ARM.attributes
                0x00000719       0x2d C:/ST/STM32CubeIDE_1.16.0/STM32CubeIDE/plugins/com.st.stm32cube.ide.mcu.externaltools.gnu-tools-for-stm32.12.3.rel1.win32_1.1.0.202410251130/tools/bin/../lib/gcc/arm-none-eabi/12.3.1/../../../../arm-none-eabi/lib/thumb/v7-m/nofp\libc_nano.a(libc_a-readr.o)
 .ARM.attributes
                0x00000746       0x2d C:/ST/STM32CubeIDE_1.16.0/STM32CubeIDE/plugins/com.st.stm32cube.ide.mcu.externaltools.gnu-tools-for-stm32.12.3.rel1.win32_1.1.0.202410251130/tools/bin/../lib/gcc/arm-none-eabi/12.3.1/../../../../arm-none-eabi/lib/thumb/v7-m/nofp\libc_nano.a(libc_a-writer.o)
 .ARM.attributes
                0x00000773       0x2d C:/ST/STM32CubeIDE_1.16.0/STM32CubeIDE/plugins/com.st.stm32cube.ide.mcu.externaltools.gnu-tools-for-stm32.12.3.rel1.win32_1.1.0.202410251130/tools/bin/../lib/gcc/arm-none-eabi/12.3.1/../../../../arm-none-eabi/lib/thumb/v7-m/nofp\libc_nano.a(libc_a-errno.o)
 .ARM.attributes
                0x000007a0       0x2d C:/ST/STM32CubeIDE_1.16.0/STM32CubeIDE/plugins/com.st.stm32cube.ide.mcu.externaltools.gnu-tools-for-stm32.12.3.rel1.win32_1.1.0.202410251130/tools/bin/../lib/gcc/arm-none-eabi/12.3.1/../../../../arm-none-eabi/lib/thumb/v7-m/nofp\libc_nano.a(libc_a-init.o)
 .ARM.attributes
                0x000007cd       0x2d C:/ST/STM32CubeIDE_1.16.0/STM32CubeIDE/plugins/com.st.stm32cube.ide.mcu.externaltools.gnu-tools-for-stm32.12.3.rel1.win32_1.1.0.202410251130/tools/bin/../lib/gcc/arm-none-eabi/12.3.1/../../../../arm-none-eabi/lib/thumb/v7-m/nofp\libc_nano.a(libc_a-lock.o)
 .ARM.attributes
                0x000007fa       0x2d C:/ST/STM32CubeIDE_1.16.0/STM32CubeIDE/plugins/com.st.stm32cube.ide.mcu.externaltools.gnu-tools-for-stm32.12.3.rel1.win32_1.1.0.202410251130/tools/bin/../lib/gcc/arm-none-eabi/12.3.1/../../../../arm-none-eabi/lib/thumb/v7-m/nofp\libc_nano.a(libc_a-freer.o)
 .ARM.attributes
                0x00000827       0x2d C:/ST/STM32CubeIDE_1.16.0/STM32CubeIDE/plugins/com.st.stm32cube.ide.mcu.externaltools.gnu-tools-for-stm32.12.3.rel1.win32_1.1.0.202410251130/tools/bin/../lib/gcc/arm-none-eabi/12.3.1/../../../../arm-none-eabi/lib/thumb/v7-m/nofp\libc_nano.a(libc_a-mallocr.o)
 .ARM.attributes
                0x00000854       0x2d C:/ST/STM32CubeIDE_1.16.0/STM32CubeIDE/plugins/com.st.stm32cube.ide.mcu.externaltools.gnu-tools-for-stm32.12.3.rel1.win32_1.1.0.202410251130/tools/bin/../lib/gcc/arm-none-eabi/12.3.1/../../../../arm-none-eabi/lib/thumb/v7-m/nofp\libc_nano.a(libc_a-mlock.o)
 .ARM.attributes
                0x00000881       0x2d C:/ST/STM32CubeIDE_1.16.0/STM32CubeIDE/plugins/com.st.stm32cube.ide.mcu.externaltools.gnu-tools-for-stm32.12.3.rel1.win32_1.1.0.202410251130/tools/bin/../lib/gcc/arm-none-eabi/12.3.1/../../../../arm-none-eabi/lib/thumb/v7-m/nofp\libc_nano.a(libc_a-nano-svfprintf.o)
 .ARM.attributes
                0x000008ae       0x2d C:/ST/STM32CubeIDE_1.16.0/STM32CubeIDE/plugins/com.st.stm32cube.ide.mcu.externaltools.gnu-tools-for-stm32.12.3.rel1.win32_1.1.0.202410251130/tools/bin/../lib/gcc/arm-none-eabi/12.3.1/../../../../arm-none-eabi/lib/thumb/v7-m/nofp\libc_nano.a(libc_a-nano-vfprintf.o)
 .ARM.attributes
                0x000008db       0x2d C:/ST/STM32CubeIDE_1.16.0/STM32CubeIDE/plugins/com.st.stm32cube.ide.mcu.externaltools.gnu-tools-for-stm32.12.3.rel1.win32_1.1.0.202410251130/tools/bin/../lib/gcc/arm-none-eabi/12.3.1/../../../../arm-none-eabi/lib/thumb/v7-m/nofp\libc_nano.a(libc_a-nano-vfprintf_i.o)
 .ARM.attributes
                0x00000908       0x2d C:/ST/STM32CubeIDE_1.16.0/STM32CubeIDE/plugins/com.st.stm32cube.ide.mcu.externaltools.gnu-tools-for-stm32.12.3.rel1.win32_1.1.0.202410251130/tools/bin/../lib/gcc/arm-none-eabi/12.3.1/../../../../arm-none-eabi/lib/thumb/v7-m/nofp\libc_nano.a(libc_a-wbuf.o)
 .ARM.attributes
                0x00000935       0x2d C:/ST/STM32CubeIDE_1.16.0/STM32CubeIDE/plugins/com.st.stm32cube.ide.mcu.externaltools.gnu-tools-for-stm32.12.3.rel1.win32_1.1.0.202410251130/tools/bin/../lib/gcc/arm-none-eabi/12.3.1/../../../../arm-none-eabi/lib/thumb/v7-m/nofp\libc_nano.a(libc_a-wsetup.o)
 .ARM.attributes
                0x00000962       0x2d C:/ST/STM32CubeIDE_1.16.0/STM32CubeIDE/plugins/com.st.stm32cube.ide.mcu.externaltools.gnu-tools-for-stm32.12.3.rel1.win32_1.1.0.202410251130/tools/bin/../lib/gcc/arm-none-eabi/12.3.1/../../../../arm-none-eabi/lib/thumb/v7-m/nofp\libc_nano.a(libc_a-memmove.o)
 .ARM.attributes
                0x0000098f       0x2d C:/ST/STM32CubeIDE_1.16.0/STM32CubeIDE/plugins/com.st.stm32cube.ide.mcu.externaltools.gnu-tools-for-stm32.12.3.rel1.win32_1.1.0.202410251130/tools/bin/../lib/gcc/arm-none-eabi/12.3.1/../../../../arm-none-eabi/lib/thumb/v7-m/nofp\libc_nano.a(libc_a-sbrkr.o)
 .ARM.attributes
                0x000009bc       0x2d C:/ST/STM32CubeIDE_1.16.0/STM32CubeIDE/plugins/com.st.stm32cube.ide.mcu.externaltools.gnu-tools-for-stm32.12.3.rel1.win32_1.1.0.202410251130/tools/bin/../lib/gcc/arm-none-eabi/12.3.1/../../../../arm-none-eabi/lib/thumb/v7-m/nofp\libc_nano.a(libc_a-memchr-stub.o)
 .ARM.attributes
                0x000009e9       0x2d C:/ST/STM32CubeIDE_1.16.0/STM32CubeIDE/plugins/com.st.stm32cube.ide.mcu.externaltools.gnu-tools-for-stm32.12.3.rel1.win32_1.1.0.202410251130/tools/bin/../lib/gcc/arm-none-eabi/12.3.1/../../../../arm-none-eabi/lib/thumb/v7-m/nofp\libc_nano.a(libc_a-memcpy-stub.o)
 .ARM.attributes
                0x00000a16       0x2d C:/ST/STM32CubeIDE_1.16.0/STM32CubeIDE/plugins/com.st.stm32cube.ide.mcu.externaltools.gnu-tools-for-stm32.12.3.rel1.win32_1.1.0.202410251130/tools/bin/../lib/gcc/arm-none-eabi/12.3.1/../../../../arm-none-eabi/lib/thumb/v7-m/nofp\libc_nano.a(libc_a-reallocr.o)
 .ARM.attributes
                0x00000a43       0x2d C:/ST/STM32CubeIDE_1.16.0/STM32CubeIDE/plugins/com.st.stm32cube.ide.mcu.externaltools.gnu-tools-for-stm32.12.3.rel1.win32_1.1.0.202410251130/tools/bin/../lib/gcc/arm-none-eabi/12.3.1/../../../../arm-none-eabi/lib/thumb/v7-m/nofp\libc_nano.a(libc_a-makebuf.o)
 .ARM.attributes
                0x00000a70       0x2d C:/ST/STM32CubeIDE_1.16.0/STM32CubeIDE/plugins/com.st.stm32cube.ide.mcu.externaltools.gnu-tools-for-stm32.12.3.rel1.win32_1.1.0.202410251130/tools/bin/../lib/gcc/arm-none-eabi/12.3.1/../../../../arm-none-eabi/lib/thumb/v7-m/nofp\libc_nano.a(libc_a-fstatr.o)
 .ARM.attributes
                0x00000a9d       0x2d C:/ST/STM32CubeIDE_1.16.0/STM32CubeIDE/plugins/com.st.stm32cube.ide.mcu.externaltools.gnu-tools-for-stm32.12.3.rel1.win32_1.1.0.202410251130/tools/bin/../lib/gcc/arm-none-eabi/12.3.1/../../../../arm-none-eabi/lib/thumb/v7-m/nofp\libc_nano.a(libc_a-isattyr.o)
 .ARM.attributes
                0x00000aca       0x2d C:/ST/STM32CubeIDE_1.16.0/STM32CubeIDE/plugins/com.st.stm32cube.ide.mcu.externaltools.gnu-tools-for-stm32.12.3.rel1.win32_1.1.0.202410251130/tools/bin/../lib/gcc/arm-none-eabi/12.3.1/../../../../arm-none-eabi/lib/thumb/v7-m/nofp\libc_nano.a(libc_a-msizer.o)
 .ARM.attributes
                0x00000af7       0x1d C:/ST/STM32CubeIDE_1.16.0/STM32CubeIDE/plugins/com.st.stm32cube.ide.mcu.externaltools.gnu-tools-for-stm32.12.3.rel1.win32_1.1.0.202410251130/tools/bin/../lib/gcc/arm-none-eabi/12.3.1/thumb/v7-m/nofp\libgcc.a(_arm_addsubdf3.o)
 .ARM.attributes
                0x00000b14       0x1d C:/ST/STM32CubeIDE_1.16.0/STM32CubeIDE/plugins/com.st.stm32cube.ide.mcu.externaltools.gnu-tools-for-stm32.12.3.rel1.win32_1.1.0.202410251130/tools/bin/../lib/gcc/arm-none-eabi/12.3.1/thumb/v7-m/nofp\libgcc.a(_arm_muldivdf3.o)
 .ARM.attributes
                0x00000b31       0x1d C:/ST/STM32CubeIDE_1.16.0/STM32CubeIDE/plugins/com.st.stm32cube.ide.mcu.externaltools.gnu-tools-for-stm32.12.3.rel1.win32_1.1.0.202410251130/tools/bin/../lib/gcc/arm-none-eabi/12.3.1/thumb/v7-m/nofp\libgcc.a(_arm_fixunsdfsi.o)
 .ARM.attributes
                0x00000b4e       0x1d C:/ST/STM32CubeIDE_1.16.0/STM32CubeIDE/plugins/com.st.stm32cube.ide.mcu.externaltools.gnu-tools-for-stm32.12.3.rel1.win32_1.1.0.202410251130/tools/bin/../lib/gcc/arm-none-eabi/12.3.1/thumb/v7-m/nofp/crtn.o
OUTPUT(tdse-proyecto-final.elf elf32-littlearm)
LOAD linker stubs
LOAD C:/ST/STM32CubeIDE_1.16.0/STM32CubeIDE/plugins/com.st.stm32cube.ide.mcu.externaltools.gnu-tools-for-stm32.12.3.rel1.win32_1.1.0.202410251130/tools/bin/../lib/gcc/arm-none-eabi/12.3.1/../../../../arm-none-eabi/lib/thumb/v7-m/nofp\libc.a
LOAD C:/ST/STM32CubeIDE_1.16.0/STM32CubeIDE/plugins/com.st.stm32cube.ide.mcu.externaltools.gnu-tools-for-stm32.12.3.rel1.win32_1.1.0.202410251130/tools/bin/../lib/gcc/arm-none-eabi/12.3.1/../../../../arm-none-eabi/lib/thumb/v7-m/nofp\libm.a
LOAD C:/ST/STM32CubeIDE_1.16.0/STM32CubeIDE/plugins/com.st.stm32cube.ide.mcu.externaltools.gnu-tools-for-stm32.12.3.rel1.win32_1.1.0.202410251130/tools/bin/../lib/gcc/arm-none-eabi/12.3.1/thumb/v7-m/nofp\libgcc.a

.debug_info     0x00000000     0xcb93
 .debug_info    0x00000000      0xedb ./Core/Src/main.o
 .debug_info    0x00000edb      0xc9d ./Core/Src/stm32f1xx_hal_msp.o
 .debug_info    0x00001b78      0x5eb ./Core/Src/stm32f1xx_it.o
 .debug_info    0x00002163      0x6a3 ./Core/Src/syscalls.o
 .debug_info    0x00002806      0x168 ./Core/Src/sysmem.o
 .debug_info    0x0000296e      0x222 ./Core/Src/system_stm32f1xx.o
 .debug_info    0x00002b90      0x501 ./Core/app/src/app.o
 .debug_info    0x00003091      0x3b9 ./Core/app/src/display.o
 .debug_info    0x0000344a      0x797 ./Core/app/src/logger.o
 .debug_info    0x00003be1      0x4ab ./Core/app/src/task_actuator.o
 .debug_info    0x0000408c      0x1e0 ./Core/app/src/task_actuator_interface.o
 .debug_info    0x0000426c      0x6bc ./Core/app/src/task_adc.o
 .debug_info    0x00004928      0x17c ./Core/app/src/task_adc_interface.o
 .debug_info    0x00004aa4      0x51b ./Core/app/src/task_sensor.o
 .debug_info    0x00004fbf      0x517 ./Core/app/src/task_setup.o
 .debug_info    0x000054d6      0x1b7 ./Core/app/src/task_setup_interface.o
 .debug_info    0x0000568d      0x411 ./Core/app/src/task_system.o
 .debug_info    0x00005a9e      0x1db ./Core/app/src/task_system_interface.o
 .debug_info    0x00005c79       0x30 ./Core/startup/startup_stm32f103rbtx.o
 .debug_info    0x00005ca9      0x704 ./Drivers/STM32F1xx_HAL_Driver/Src/stm32f1xx_hal.o
 .debug_info    0x000063ad      0xc50 ./Drivers/STM32F1xx_HAL_Driver/Src/stm32f1xx_hal_adc.o
 .debug_info    0x00006ffd      0xa10 ./Drivers/STM32F1xx_HAL_Driver/Src/stm32f1xx_hal_adc_ex.o
 .debug_info    0x00007a0d      0xa87 ./Drivers/STM32F1xx_HAL_Driver/Src/stm32f1xx_hal_cortex.o
 .debug_info    0x00008494      0x6d2 ./Drivers/STM32F1xx_HAL_Driver/Src/stm32f1xx_hal_dma.o
 .debug_info    0x00008b66      0x5ab ./Drivers/STM32F1xx_HAL_Driver/Src/stm32f1xx_hal_gpio.o
 .debug_info    0x00009111      0x7d5 ./Drivers/STM32F1xx_HAL_Driver/Src/stm32f1xx_hal_rcc.o
 .debug_info    0x000098e6      0x3c0 ./Drivers/STM32F1xx_HAL_Driver/Src/stm32f1xx_hal_rcc_ex.o
 .debug_info    0x00009ca6     0x2eed ./Drivers/STM32F1xx_HAL_Driver/Src/stm32f1xx_hal_uart.o

.debug_abbrev   0x00000000     0x312c
 .debug_abbrev  0x00000000      0x28f ./Core/Src/main.o
 .debug_abbrev  0x0000028f      0x209 ./Core/Src/stm32f1xx_hal_msp.o
 .debug_abbrev  0x00000498      0x19a ./Core/Src/stm32f1xx_it.o
 .debug_abbrev  0x00000632      0x1b6 ./Core/Src/syscalls.o
 .debug_abbrev  0x000007e8       0xbc ./Core/Src/sysmem.o
 .debug_abbrev  0x000008a4      0x13f ./Core/Src/system_stm32f1xx.o
 .debug_abbrev  0x000009e3      0x1a1 ./Core/app/src/app.o
 .debug_abbrev  0x00000b84      0x1b7 ./Core/app/src/display.o
 .debug_abbrev  0x00000d3b      0x1c2 ./Core/app/src/logger.o
 .debug_abbrev  0x00000efd      0x1e7 ./Core/app/src/task_actuator.o
 .debug_abbrev  0x000010e4       0xe7 ./Core/app/src/task_actuator_interface.o
 .debug_abbrev  0x000011cb      0x1f6 ./Core/app/src/task_adc.o
 .debug_abbrev  0x000013c1      0x121 ./Core/app/src/task_adc_interface.o
 .debug_abbrev  0x000014e2      0x1e8 ./Core/app/src/task_sensor.o
 .debug_abbrev  0x000016ca      0x1c9 ./Core/app/src/task_setup.o
 .debug_abbrev  0x00001893      0x13e ./Core/app/src/task_setup_interface.o
 .debug_abbrev  0x000019d1      0x18a ./Core/app/src/task_system.o
 .debug_abbrev  0x00001b5b      0x13e ./Core/app/src/task_system_interface.o
 .debug_abbrev  0x00001c99       0x24 ./Core/startup/startup_stm32f103rbtx.o
 .debug_abbrev  0x00001cbd      0x201 ./Drivers/STM32F1xx_HAL_Driver/Src/stm32f1xx_hal.o
 .debug_abbrev  0x00001ebe      0x225 ./Drivers/STM32F1xx_HAL_Driver/Src/stm32f1xx_hal_adc.o
 .debug_abbrev  0x000020e3      0x249 ./Drivers/STM32F1xx_HAL_Driver/Src/stm32f1xx_hal_adc_ex.o
 .debug_abbrev  0x0000232c      0x2f8 ./Drivers/STM32F1xx_HAL_Driver/Src/stm32f1xx_hal_cortex.o
 .debug_abbrev  0x00002624      0x20b ./Drivers/STM32F1xx_HAL_Driver/Src/stm32f1xx_hal_dma.o
 .debug_abbrev  0x0000282f      0x1ca ./Drivers/STM32F1xx_HAL_Driver/Src/stm32f1xx_hal_gpio.o
 .debug_abbrev  0x000029f9      0x2b3 ./Drivers/STM32F1xx_HAL_Driver/Src/stm32f1xx_hal_rcc.o
 .debug_abbrev  0x00002cac      0x188 ./Drivers/STM32F1xx_HAL_Driver/Src/stm32f1xx_hal_rcc_ex.o
 .debug_abbrev  0x00002e34      0x2f8 ./Drivers/STM32F1xx_HAL_Driver/Src/stm32f1xx_hal_uart.o

.debug_aranges  0x00000000      0xb40
 .debug_aranges
                0x00000000       0x50 ./Core/Src/main.o
 .debug_aranges
                0x00000050       0x40 ./Core/Src/stm32f1xx_hal_msp.o
 .debug_aranges
                0x00000090       0x78 ./Core/Src/stm32f1xx_it.o
 .debug_aranges
                0x00000108       0xa8 ./Core/Src/syscalls.o
 .debug_aranges
                0x000001b0       0x20 ./Core/Src/sysmem.o
 .debug_aranges
                0x000001d0       0x28 ./Core/Src/system_stm32f1xx.o
 .debug_aranges
                0x000001f8       0x30 ./Core/app/src/app.o
 .debug_aranges
                0x00000228       0x48 ./Core/app/src/display.o
 .debug_aranges
                0x00000270       0x20 ./Core/app/src/logger.o
 .debug_aranges
                0x00000290       0x28 ./Core/app/src/task_actuator.o
 .debug_aranges
                0x000002b8       0x20 ./Core/app/src/task_actuator_interface.o
 .debug_aranges
                0x000002d8       0x30 ./Core/app/src/task_adc.o
 .debug_aranges
                0x00000308       0x38 ./Core/app/src/task_adc_interface.o
 .debug_aranges
                0x00000340       0x28 ./Core/app/src/task_sensor.o
 .debug_aranges
                0x00000368       0x28 ./Core/app/src/task_setup.o
 .debug_aranges
                0x00000390       0x38 ./Core/app/src/task_setup_interface.o
 .debug_aranges
                0x000003c8       0x28 ./Core/app/src/task_system.o
 .debug_aranges
                0x000003f0       0x38 ./Core/app/src/task_system_interface.o
 .debug_aranges
                0x00000428       0x28 ./Core/startup/startup_stm32f103rbtx.o
 .debug_aranges
                0x00000450       0xe0 ./Drivers/STM32F1xx_HAL_Driver/Src/stm32f1xx_hal.o
 .debug_aranges
                0x00000530       0xf0 ./Drivers/STM32F1xx_HAL_Driver/Src/stm32f1xx_hal_adc.o
 .debug_aranges
                0x00000620       0x80 ./Drivers/STM32F1xx_HAL_Driver/Src/stm32f1xx_hal_adc_ex.o
 .debug_aranges
                0x000006a0      0x100 ./Drivers/STM32F1xx_HAL_Driver/Src/stm32f1xx_hal_cortex.o
 .debug_aranges
                0x000007a0       0x80 ./Drivers/STM32F1xx_HAL_Driver/Src/stm32f1xx_hal_dma.o
 .debug_aranges
                0x00000820       0x58 ./Drivers/STM32F1xx_HAL_Driver/Src/stm32f1xx_hal_gpio.o
 .debug_aranges
                0x00000878       0x90 ./Drivers/STM32F1xx_HAL_Driver/Src/stm32f1xx_hal_rcc.o
 .debug_aranges
                0x00000908       0x30 ./Drivers/STM32F1xx_HAL_Driver/Src/stm32f1xx_hal_rcc_ex.o
 .debug_aranges
                0x00000938      0x208 ./Drivers/STM32F1xx_HAL_Driver/Src/stm32f1xx_hal_uart.o

.debug_rnglists
                0x00000000      0x85c
 .debug_rnglists
                0x00000000       0x3a ./Core/Src/main.o
 .debug_rnglists
                0x0000003a       0x2c ./Core/Src/stm32f1xx_hal_msp.o
 .debug_rnglists
                0x00000066       0x55 ./Core/Src/stm32f1xx_it.o
 .debug_rnglists
                0x000000bb       0x79 ./Core/Src/syscalls.o
 .debug_rnglists
                0x00000134       0x13 ./Core/Src/sysmem.o
 .debug_rnglists
                0x00000147       0x1a ./Core/Src/system_stm32f1xx.o
 .debug_rnglists
                0x00000161       0x21 ./Core/app/src/app.o
 .debug_rnglists
                0x00000182       0x35 ./Core/app/src/display.o
 .debug_rnglists
                0x000001b7       0x13 ./Core/app/src/logger.o
 .debug_rnglists
                0x000001ca       0x1b ./Core/app/src/task_actuator.o
 .debug_rnglists
                0x000001e5       0x13 ./Core/app/src/task_actuator_interface.o
 .debug_rnglists
                0x000001f8       0x20 ./Core/app/src/task_adc.o
 .debug_rnglists
                0x00000218       0x25 ./Core/app/src/task_adc_interface.o
 .debug_rnglists
                0x0000023d       0x1b ./Core/app/src/task_sensor.o
 .debug_rnglists
                0x00000258       0x1b ./Core/app/src/task_setup.o
 .debug_rnglists
                0x00000273       0x25 ./Core/app/src/task_setup_interface.o
 .debug_rnglists
                0x00000298       0x1b ./Core/app/src/task_system.o
 .debug_rnglists
                0x000002b3       0x25 ./Core/app/src/task_system_interface.o
 .debug_rnglists
                0x000002d8       0x19 ./Core/startup/startup_stm32f103rbtx.o
 .debug_rnglists
                0x000002f1       0xa3 ./Drivers/STM32F1xx_HAL_Driver/Src/stm32f1xx_hal.o
 .debug_rnglists
                0x00000394       0xbc ./Drivers/STM32F1xx_HAL_Driver/Src/stm32f1xx_hal_adc.o
 .debug_rnglists
                0x00000450       0x65 ./Drivers/STM32F1xx_HAL_Driver/Src/stm32f1xx_hal_adc_ex.o
 .debug_rnglists
                0x000004b5       0xbb ./Drivers/STM32F1xx_HAL_Driver/Src/stm32f1xx_hal_cortex.o
 .debug_rnglists
                0x00000570       0x64 ./Drivers/STM32F1xx_HAL_Driver/Src/stm32f1xx_hal_dma.o
 .debug_rnglists
                0x000005d4       0x3f ./Drivers/STM32F1xx_HAL_Driver/Src/stm32f1xx_hal_gpio.o
 .debug_rnglists
                0x00000613       0x6c ./Drivers/STM32F1xx_HAL_Driver/Src/stm32f1xx_hal_rcc.o
 .debug_rnglists
                0x0000067f       0x21 ./Drivers/STM32F1xx_HAL_Driver/Src/stm32f1xx_hal_rcc_ex.o
 .debug_rnglists
                0x000006a0      0x1bc ./Drivers/STM32F1xx_HAL_Driver/Src/stm32f1xx_hal_uart.o

.debug_macro    0x00000000    0x1b001
 .debug_macro   0x00000000      0x2ae ./Core/Src/main.o
 .debug_macro   0x000002ae      0xaa8 ./Core/Src/main.o
 .debug_macro   0x00000d56      0x221 ./Core/Src/main.o
 .debug_macro   0x00000f77       0x2e ./Core/Src/main.o
 .debug_macro   0x00000fa5       0x22 ./Core/Src/main.o
 .debug_macro   0x00000fc7       0x22 ./Core/Src/main.o
 .debug_macro   0x00000fe9       0x8e ./Core/Src/main.o
 .debug_macro   0x00001077       0x51 ./Core/Src/main.o
 .debug_macro   0x000010c8      0x103 ./Core/Src/main.o
 .debug_macro   0x000011cb       0x6a ./Core/Src/main.o
 .debug_macro   0x00001235      0x1df ./Core/Src/main.o
 .debug_macro   0x00001414       0x1c ./Core/Src/main.o
 .debug_macro   0x00001430       0x22 ./Core/Src/main.o
 .debug_macro   0x00001452       0xbd ./Core/Src/main.o
 .debug_macro   0x0000150f      0xd23 ./Core/Src/main.o
 .debug_macro   0x00002232     0xe09e ./Core/Src/main.o
 .debug_macro   0x000102d0       0x6d ./Core/Src/main.o
 .debug_macro   0x0001033d     0x34a2 ./Core/Src/main.o
 .debug_macro   0x000137df      0x189 ./Core/Src/main.o
 .debug_macro   0x00013968       0x5c ./Core/Src/main.o
 .debug_macro   0x000139c4      0x5bc ./Core/Src/main.o
 .debug_macro   0x00013f80      0x289 ./Core/Src/main.o
 .debug_macro   0x00014209      0x1cb ./Core/Src/main.o
 .debug_macro   0x000143d4      0x114 ./Core/Src/main.o
 .debug_macro   0x000144e8      0x1b2 ./Core/Src/main.o
 .debug_macro   0x0001469a       0x27 ./Core/Src/main.o
 .debug_macro   0x000146c1      0x136 ./Core/Src/main.o
 .debug_macro   0x000147f7      0x1bc ./Core/Src/main.o
 .debug_macro   0x000149b3       0x34 ./Core/Src/main.o
 .debug_macro   0x000149e7       0x3c ./Core/Src/main.o
 .debug_macro   0x00014a23       0x57 ./Core/Src/main.o
 .debug_macro   0x00014a7a      0x46a ./Core/Src/main.o
 .debug_macro   0x00014ee4      0x1b5 ./Core/Src/main.o
 .debug_macro   0x00015099       0x87 ./Core/Src/main.o
 .debug_macro   0x00015120      0x240 ./Core/Src/main.o